Archive member included to satisfy reference by file (symbol)

/home/serg50012/stm/CubeCTL/GNU-tools-for-STM32/bin/../lib/gcc/arm-none-eabi/12.3.1/../../../../arm-none-eabi/lib/thumb/v7-m/nofp/libc_nano.a(libc_a-exit.o)
                              /home/serg50012/stm/CubeCTL/GNU-tools-for-STM32/bin/../lib/gcc/arm-none-eabi/12.3.1/../../../../arm-none-eabi/lib/thumb/v7-m/nofp/crt0.o (exit)
/home/serg50012/stm/CubeCTL/GNU-tools-for-STM32/bin/../lib/gcc/arm-none-eabi/12.3.1/../../../../arm-none-eabi/lib/thumb/v7-m/nofp/libc_nano.a(libc_a-findfp.o)
                              /home/serg50012/stm/CubeCTL/GNU-tools-for-STM32/bin/../lib/gcc/arm-none-eabi/12.3.1/../../../../arm-none-eabi/lib/thumb/v7-m/nofp/libc_nano.a(libc_a-exit.o) (__stdio_exit_handler)
/home/serg50012/stm/CubeCTL/GNU-tools-for-STM32/bin/../lib/gcc/arm-none-eabi/12.3.1/../../../../arm-none-eabi/lib/thumb/v7-m/nofp/libc_nano.a(libc_a-fwalk.o)
                              /home/serg50012/stm/CubeCTL/GNU-tools-for-STM32/bin/../lib/gcc/arm-none-eabi/12.3.1/../../../../arm-none-eabi/lib/thumb/v7-m/nofp/libc_nano.a(libc_a-findfp.o) (_fwalk_sglue)
/home/serg50012/stm/CubeCTL/GNU-tools-for-STM32/bin/../lib/gcc/arm-none-eabi/12.3.1/../../../../arm-none-eabi/lib/thumb/v7-m/nofp/libc_nano.a(libc_a-stdio.o)
                              /home/serg50012/stm/CubeCTL/GNU-tools-for-STM32/bin/../lib/gcc/arm-none-eabi/12.3.1/../../../../arm-none-eabi/lib/thumb/v7-m/nofp/libc_nano.a(libc_a-findfp.o) (__sread)
/home/serg50012/stm/CubeCTL/GNU-tools-for-STM32/bin/../lib/gcc/arm-none-eabi/12.3.1/../../../../arm-none-eabi/lib/thumb/v7-m/nofp/libc_nano.a(libc_a-memset.o)
                              /home/serg50012/stm/CubeCTL/GNU-tools-for-STM32/bin/../lib/gcc/arm-none-eabi/12.3.1/../../../../arm-none-eabi/lib/thumb/v7-m/nofp/crt0.o (memset)
/home/serg50012/stm/CubeCTL/GNU-tools-for-STM32/bin/../lib/gcc/arm-none-eabi/12.3.1/../../../../arm-none-eabi/lib/thumb/v7-m/nofp/libc_nano.a(libc_a-closer.o)
                              /home/serg50012/stm/CubeCTL/GNU-tools-for-STM32/bin/../lib/gcc/arm-none-eabi/12.3.1/../../../../arm-none-eabi/lib/thumb/v7-m/nofp/libc_nano.a(libc_a-stdio.o) (_close_r)
/home/serg50012/stm/CubeCTL/GNU-tools-for-STM32/bin/../lib/gcc/arm-none-eabi/12.3.1/../../../../arm-none-eabi/lib/thumb/v7-m/nofp/libc_nano.a(libc_a-reent.o)
                              /home/serg50012/stm/CubeCTL/GNU-tools-for-STM32/bin/../lib/gcc/arm-none-eabi/12.3.1/../../../../arm-none-eabi/lib/thumb/v7-m/nofp/libc_nano.a(libc_a-closer.o) (errno)
/home/serg50012/stm/CubeCTL/GNU-tools-for-STM32/bin/../lib/gcc/arm-none-eabi/12.3.1/../../../../arm-none-eabi/lib/thumb/v7-m/nofp/libc_nano.a(libc_a-impure.o)
                              /home/serg50012/stm/CubeCTL/GNU-tools-for-STM32/bin/../lib/gcc/arm-none-eabi/12.3.1/../../../../arm-none-eabi/lib/thumb/v7-m/nofp/libc_nano.a(libc_a-reent.o) (_impure_ptr)
/home/serg50012/stm/CubeCTL/GNU-tools-for-STM32/bin/../lib/gcc/arm-none-eabi/12.3.1/../../../../arm-none-eabi/lib/thumb/v7-m/nofp/libc_nano.a(libc_a-lseekr.o)
                              /home/serg50012/stm/CubeCTL/GNU-tools-for-STM32/bin/../lib/gcc/arm-none-eabi/12.3.1/../../../../arm-none-eabi/lib/thumb/v7-m/nofp/libc_nano.a(libc_a-stdio.o) (_lseek_r)
/home/serg50012/stm/CubeCTL/GNU-tools-for-STM32/bin/../lib/gcc/arm-none-eabi/12.3.1/../../../../arm-none-eabi/lib/thumb/v7-m/nofp/libc_nano.a(libc_a-readr.o)
                              /home/serg50012/stm/CubeCTL/GNU-tools-for-STM32/bin/../lib/gcc/arm-none-eabi/12.3.1/../../../../arm-none-eabi/lib/thumb/v7-m/nofp/libc_nano.a(libc_a-stdio.o) (_read_r)
/home/serg50012/stm/CubeCTL/GNU-tools-for-STM32/bin/../lib/gcc/arm-none-eabi/12.3.1/../../../../arm-none-eabi/lib/thumb/v7-m/nofp/libc_nano.a(libc_a-writer.o)
                              /home/serg50012/stm/CubeCTL/GNU-tools-for-STM32/bin/../lib/gcc/arm-none-eabi/12.3.1/../../../../arm-none-eabi/lib/thumb/v7-m/nofp/libc_nano.a(libc_a-stdio.o) (_write_r)
/home/serg50012/stm/CubeCTL/GNU-tools-for-STM32/bin/../lib/gcc/arm-none-eabi/12.3.1/../../../../arm-none-eabi/lib/thumb/v7-m/nofp/libc_nano.a(libc_a-init.o)
                              /home/serg50012/stm/CubeCTL/GNU-tools-for-STM32/bin/../lib/gcc/arm-none-eabi/12.3.1/../../../../arm-none-eabi/lib/thumb/v7-m/nofp/crt0.o (__libc_init_array)
/home/serg50012/stm/CubeCTL/GNU-tools-for-STM32/bin/../lib/gcc/arm-none-eabi/12.3.1/../../../../arm-none-eabi/lib/thumb/v7-m/nofp/libc_nano.a(libc_a-lock.o)
                              /home/serg50012/stm/CubeCTL/GNU-tools-for-STM32/bin/../lib/gcc/arm-none-eabi/12.3.1/../../../../arm-none-eabi/lib/thumb/v7-m/nofp/libc_nano.a(libc_a-findfp.o) (__retarget_lock_init_recursive)
/home/serg50012/stm/CubeCTL/GNU-tools-for-STM32/bin/../lib/gcc/arm-none-eabi/12.3.1/../../../../arm-none-eabi/lib/thumb/v7-m/nofp/libc_nano.a(libc_a-freer.o)
[...]
Memory Configuration

Name             Origin             Length             Attributes
RAM              0x20000000         0x00005000         xrw
FLASH            0x08000000         0x00010000         xr
*default*        0x00000000         0xffffffff

Linker script and memory map

LOAD /home/serg50012/stm/CubeCTL/GNU-tools-for-STM32/bin/../lib/gcc/arm-none-eabi/12.3.1/thumb/v7-m/nofp/crti.o
LOAD /home/serg50012/stm/CubeCTL/GNU-tools-for-STM32/bin/../lib/gcc/arm-none-eabi/12.3.1/thumb/v7-m/nofp/crtbegin.o
LOAD /home/serg50012/stm/CubeCTL/GNU-tools-for-STM32/bin/../lib/gcc/arm-none-eabi/12.3.1/../../../../arm-none-eabi/lib/thumb/v7-m/nofp/crt0.o
START GROUP
LOAD /home/serg50012/stm/CubeCTL/GNU-tools-for-STM32/bin/../lib/gcc/arm-none-eabi/12.3.1/../../../../arm-none-eabi/lib/thumb/v7-m/nofp/libc_nano.a
LOAD /home/serg50012/stm/CubeCTL/GNU-tools-for-STM32/bin/../lib/gcc/arm-none-eabi/12.3.1/../../../../arm-none-eabi/lib/thumb/v7-m/nofp/libm.a
END GROUP
LOAD cmake/stm32cubemx/CMakeFiles/STM32_Drivers.dir/__/__/Core/Src/system_stm32f1xx.c.obj
LOAD cmake/stm32cubemx/CMakeFiles/STM32_Drivers.dir/__/__/Drivers/STM32F1xx_HAL_Driver/Src/stm32f1xx_hal_gpio_ex.c.obj
LOAD cmake/stm32cubemx/CMakeFiles/STM32_Drivers.dir/__/__/Drivers/STM32F1xx_HAL_Driver/Src/stm32f1xx_hal_i2c.c.obj
LOAD cmake/stm32cubemx/CMakeFiles/STM32_Drivers.dir/__/__/Drivers/STM32F1xx_HAL_Driver/Src/stm32f1xx_hal.c.obj
LOAD cmake/stm32cubemx/CMakeFiles/STM32_Drivers.dir/__/__/Drivers/STM32F1xx_HAL_Driver/Src/stm32f1xx_hal_rcc.c.obj
LOAD cmake/stm32cubemx/CMakeFiles/STM32_Drivers.dir/__/__/Drivers/STM32F1xx_HAL_Driver/Src/stm32f1xx_hal_rcc_ex.c.obj
LOAD cmake/stm32cubemx/CMakeFiles/STM32_Drivers.dir/__/__/Drivers/STM32F1xx_HAL_Driver/Src/stm32f1xx_hal_gpio.c.obj
LOAD cmake/stm32cubemx/CMakeFiles/STM32_Drivers.dir/__/__/Drivers/STM32F1xx_HAL_Driver/Src/stm32f1xx_hal_dma.c.obj
LOAD cmake/stm32cubemx/CMakeFiles/STM32_Drivers.dir/__/__/Drivers/STM32F1xx_HAL_Driver/Src/stm32f1xx_hal_cortex.c.obj
LOAD cmake/stm32cubemx/CMakeFiles/STM32_Drivers.dir/__/__/Drivers/STM32F1xx_HAL_Driver/Src/stm32f1xx_hal_pwr.c.obj
LOAD cmake/stm32cubemx/CMakeFiles/STM32_Drivers.dir/__/__/Drivers/STM32F1xx_HAL_Driver/Src/stm32f1xx_hal_flash.c.obj
LOAD cmake/stm32cubemx/CMakeFiles/STM32_Drivers.dir/__/__/Drivers/STM32F1xx_HAL_Driver/Src/stm32f1xx_hal_flash_ex.c.obj
LOAD cmake/stm32cubemx/CMakeFiles/STM32_Drivers.dir/__/__/Drivers/STM32F1xx_HAL_Driver/Src/stm32f1xx_hal_exti.c.obj
LOAD cmake/stm32cubemx/CMakeFiles/STM32_Drivers.dir/__/__/Drivers/STM32F1xx_HAL_Driver/Src/stm32f1xx_hal_spi.c.obj
LOAD cmake/stm32cubemx/CMakeFiles/STM32_Drivers.dir/__/__/Drivers/STM32F1xx_HAL_Driver/Src/stm32f1xx_hal_tim.c.obj
LOAD cmake/stm32cubemx/CMakeFiles/STM32_Drivers.dir/__/__/Drivers/STM32F1xx_HAL_Driver/Src/stm32f1xx_hal_tim_ex.c.obj
LOAD CMakeFiles/Gen.dir/Core/Src/main.c.obj
LOAD CMakeFiles/Gen.dir/Core/Src/stm32f1xx_it.c.obj
LOAD CMakeFiles/Gen.dir/Core/Src/stm32f1xx_hal_msp.c.obj
LOAD CMakeFiles/Gen.dir/Core/Src/sysmem.c.obj
LOAD CMakeFiles/Gen.dir/Core/Src/syscalls.c.obj
LOAD CMakeFiles/Gen.dir/startup_stm32f103xb.s.obj
LOAD CMakeFiles/Gen.dir/Core/Lib/Src/fonts.c.obj
LOAD CMakeFiles/Gen.dir/Core/Lib/Src/st7789.c.obj
LOAD CMakeFiles/Gen.dir/Core/Lib/Src/eeprom.c.obj
LOAD CMakeFiles/Gen.dir/Core/Src/core.c.obj
START GROUP
LOAD /home/serg50012/stm/CubeCTL/GNU-tools-for-STM32/bin/../lib/gcc/arm-none-eabi/12.3.1/thumb/v7-m/nofp/libgcc.a
LOAD /home/serg50012/stm/CubeCTL/GNU-tools-for-STM32/bin/../lib/gcc/arm-none-eabi/12.3.1/../../../../arm-none-eabi/lib/thumb/v7-m/nofp/libg_nano.a
LOAD /home/serg50012/stm/CubeCTL/GNU-tools-for-STM32/bin/../lib/gcc/arm-none-eabi/12.3.1/../../../../arm-none-eabi/lib/thumb/v7-m/nofp/libc_nano.a
END GROUP
START GROUP
LOAD /home/serg50012/stm/CubeCTL/GNU-tools-for-STM32/bin/../lib/gcc/arm-none-eabi/12.3.1/thumb/v7-m/nofp/libgcc.a
LOAD /home/serg50012/stm/CubeCTL/GNU-tools-for-STM32/bin/../lib/gcc/arm-none-eabi/12.3.1/../../../../arm-none-eabi/lib/thumb/v7-m/nofp/libc_nano.a
END GROUP
LOAD /home/serg50012/stm/CubeCTL/GNU-tools-for-STM32/bin/../lib/gcc/arm-none-eabi/12.3.1/thumb/v7-m/nofp/crtend.o
LOAD /home/serg50012/stm/CubeCTL/GNU-tools-for-STM32/bin/../lib/gcc/arm-none-eabi/12.3.1/thumb/v7-m/nofp/crtn.o
                0x20005000                        _estack = (ORIGIN (RAM) + LENGTH (RAM))
                0x00000200                        _Min_Heap_Size = 0x200
                0x00000400                        _Min_Stack_Size = 0x400

.isr_vector     0x08000000      0x10c
                0x08000000                        . = ALIGN (0x4)
 *(.isr_vector)
 .isr_vector    0x08000000      0x10c CMakeFiles/Gen.dir/startup_stm32f103xb.s.obj
                0x08000000                g_pfnVectors
                0x0800010c                        . = ALIGN (0x4)

.text           0x0800010c     0x6b1c
                0x0800010c                        . = ALIGN (0x4)
 *(.text)
 .text          0x0800010c       0x40 /home/serg50012/stm/CubeCTL/GNU-tools-for-STM32/bin/../lib/gcc/arm-none-eabi/12.3.1/thumb/v7-m/nofp/crtbegin.o
 *(.text*)
 .text.memset   0x0800014c       0x10 /home/serg50012/stm/CubeCTL/GNU-tools-for-STM32/bin/../lib/gcc/arm-none-eabi/12.3.1/../../../../arm-none-eabi/lib/thumb/v7-m/nofp/libc_nano.a(libc_a-memset.o)
                0x0800014c                memset
 .text.__libc_init_array
                0x0800015c       0x48 /home/serg50012/stm/CubeCTL/GNU-tools-for-STM32/bin/../lib/gcc/arm-none-eabi/12.3.1/../../../../arm-none-eabi/lib/thumb/v7-m/nofp/libc_nano.a(libc_a-init.o)
                0x0800015c                __libc_init_array
 .text.SystemInit
                0x080001a4        0xc cmake/stm32cubemx/CMakeFiles/STM32_Drivers.dir/__/__/Core/Src/system_stm32f1xx.c.obj
                0x080001a4                SystemInit
 .text.HAL_I2C_Init
                0x080001b0      0x288 cmake/stm32cubemx/CMakeFiles/STM32_Drivers.dir/__/__/Drivers/STM32F1xx_HAL_Driver/Src/stm32f1xx_hal_i2c.c.obj
                0x080001b0                HAL_I2C_Init
 .text.HAL_I2C_Mem_Write
                0x08000438      0x1f4 cmake/stm32cubemx/CMakeFiles/STM32_Drivers.dir/__/__/Drivers/STM32F1xx_HAL_Driver/Src/stm32f1xx_hal_i2c.c.obj
                0x08000438                HAL_I2C_Mem_Write
 .text.HAL_I2C_Mem_Read
                0x0800062c      0x4e8 cmake/stm32cubemx/CMakeFiles/STM32_Drivers.dir/__/__/Drivers/STM32F1xx_HAL_Driver/Src/stm32f1xx_hal_i2c.c.obj
                0x0800062c                HAL_I2C_Mem_Read
 .text.I2C_RequestMemoryWrite
                0x08000b14      0x12c cmake/stm32cubemx/CMakeFiles/STM32_Drivers.dir/__/__/Drivers/STM32F1xx_HAL_Driver/Src/stm32f1xx_hal_i2c.c.obj
 .text.I2C_RequestMemoryRead
                0x08000c40      0x1d0 cmake/stm32cubemx/CMakeFiles/STM32_Drivers.dir/__/__/Drivers/STM32F1xx_HAL_Driver/Src/stm32f1xx_hal_i2c.c.obj
 .text.I2C_WaitOnFlagUntilTimeout
                0x08000e10       0xf4 cmake/stm32cubemx/CMakeFiles/STM32_Drivers.dir/__/__/Drivers/STM32F1xx_HAL_Driver/Src/stm32f1xx_hal_i2c.c.obj
 .text.I2C_WaitOnMasterAddressFlagUntilTimeout
                0x08000f04      0x140 cmake/stm32cubemx/CMakeFiles/STM32_Drivers.dir/__/__/Drivers/STM32F1xx_HAL_Driver/Src/stm32f1xx_hal_i2c.c.obj
 .text.I2C_WaitOnTXEFlagUntilTimeout
                0x08001044       0x90 cmake/stm32cubemx/CMakeFiles/STM32_Drivers.dir/__/__/Drivers/STM32F1xx_HAL_Driver/Src/stm32f1xx_hal_i2c.c.obj
 .text.I2C_WaitOnBTFFlagUntilTimeout
                0x080010d4       0x90 cmake/stm32cubemx/CMakeFiles/STM32_Drivers.dir/__/__/Drivers/STM32F1xx_HAL_Driver/Src/stm32f1xx_hal_i2c.c.obj
 .text.I2C_WaitOnRXNEFlagUntilTimeout
                0x08001164       0xba cmake/stm32cubemx/CMakeFiles/STM32_Drivers.dir/__/__/Drivers/STM32F1xx_HAL_Driver/Src/stm32f1xx_hal_i2c.c.obj
 .text.I2C_IsAcknowledgeFailed
                0x0800121e       0x5c cmake/stm32cubemx/CMakeFiles/STM32_Drivers.dir/__/__/Drivers/STM32F1xx_HAL_Driver/Src/stm32f1xx_hal_i2c.c.obj
 *fill*         0x0800127a        0x2 
 .text.HAL_Init
                0x0800127c       0x2c cmake/stm32cubemx/CMakeFiles/STM32_Drivers.dir/__/__/Drivers/STM32F1xx_HAL_Driver/Src/stm32f1xx_hal.c.obj
                0x0800127c                HAL_Init
 .text.HAL_InitTick
                0x080012a8       0x60 cmake/stm32cubemx/CMakeFiles/STM32_Drivers.dir/__/__/Drivers/STM32F1xx_HAL_Driver/Src/stm32f1xx_hal.c.obj
                0x080012a8                HAL_InitTick
 .text.HAL_IncTick
                0x08001308       0x24 cmake/stm32cubemx/CMakeFiles/STM32_Drivers.dir/__/__/Drivers/STM32F1xx_HAL_Driver/Src/stm32f1xx_hal.c.obj
                0x08001308                HAL_IncTick
 .text.HAL_GetTick
                0x0800132c       0x14 cmake/stm32cubemx/CMakeFiles/STM32_Drivers.dir/__/__/Drivers/STM32F1xx_HAL_Driver/Src/stm32f1xx_hal.c.obj
                0x0800132c                HAL_GetTick
 .text.HAL_Delay
                0x08001340       0x48 cmake/stm32cubemx/CMakeFiles/STM32_Drivers.dir/__/__/Drivers/STM32F1xx_HAL_Driver/Src/stm32f1xx_hal.c.obj
                0x08001340                HAL_Delay
 .text.HAL_RCC_OscConfig
                0x08001388      0x504 cmake/stm32cubemx/CMakeFiles/STM32_Drivers.dir/__/__/Drivers/STM32F1xx_HAL_Driver/Src/stm32f1xx_hal_rcc.c.obj
                0x08001388                HAL_RCC_OscConfig
 .text.HAL_RCC_ClockConfig
                0x0800188c      0x1d4 cmake/stm32cubemx/CMakeFiles/STM32_Drivers.dir/__/__/Drivers/STM32F1xx_HAL_Driver/Src/stm32f1xx_hal_rcc.c.obj
                0x0800188c                HAL_RCC_ClockConfig
 .text.HAL_RCC_GetSysClockFreq
                0x08001a60       0xa8 cmake/stm32cubemx/CMakeFiles/STM32_Drivers.dir/__/__/Drivers/STM32F1xx_HAL_Driver/Src/stm32f1xx_hal_rcc.c.obj
                0x08001a60                HAL_RCC_GetSysClockFreq
 .text.HAL_RCC_GetHCLKFreq
                0x08001b08       0x14 cmake/stm32cubemx/CMakeFiles/STM32_Drivers.dir/__/__/Drivers/STM32F1xx_HAL_Driver/Src/stm32f1xx_hal_rcc.c.obj
                0x08001b08                HAL_RCC_GetHCLKFreq
 .text.HAL_RCC_GetPCLK1Freq
                0x08001b1c       0x28 cmake/stm32cubemx/CMakeFiles/STM32_Drivers.dir/__/__/Drivers/STM32F1xx_HAL_Driver/Src/stm32f1xx_hal_rcc.c.obj
                0x08001b1c                HAL_RCC_GetPCLK1Freq
 .text.RCC_Delay
                0x08001b44       0x3c cmake/stm32cubemx/CMakeFiles/STM32_Drivers.dir/__/__/Drivers/STM32F1xx_HAL_Driver/Src/stm32f1xx_hal_rcc.c.obj
 .text.HAL_GPIO_Init
                0x08001b80      0x308 cmake/stm32cubemx/CMakeFiles/STM32_Drivers.dir/__/__/Drivers/STM32F1xx_HAL_Driver/Src/stm32f1xx_hal_gpio.c.obj
                0x08001b80                HAL_GPIO_Init
 .text.HAL_GPIO_ReadPin
                0x08001e88       0x2e cmake/stm32cubemx/CMakeFiles/STM32_Drivers.dir/__/__/Drivers/STM32F1xx_HAL_Driver/Src/stm32f1xx_hal_gpio.c.obj
                0x08001e88                HAL_GPIO_ReadPin
 .text.HAL_GPIO_WritePin
                0x08001eb6       0x30 cmake/stm32cubemx/CMakeFiles/STM32_Drivers.dir/__/__/Drivers/STM32F1xx_HAL_Driver/Src/stm32f1xx_hal_gpio.c.obj
                0x08001eb6                HAL_GPIO_WritePin
 *fill*         0x08001ee6        0x2 
 .text.HAL_GPIO_EXTI_IRQHandler
                0x08001ee8       0x30 cmake/stm32cubemx/CMakeFiles/STM32_Drivers.dir/__/__/Drivers/STM32F1xx_HAL_Driver/Src/stm32f1xx_hal_gpio.c.obj
                0x08001ee8                HAL_GPIO_EXTI_IRQHandler
 .text.__NVIC_SetPriorityGrouping
                0x08001f18       0x48 cmake/stm32cubemx/CMakeFiles/STM32_Drivers.dir/__/__/Drivers/STM32F1xx_HAL_Driver/Src/stm32f1xx_hal_cortex.c.obj
 .text.__NVIC_GetPriorityGrouping
                0x08001f60       0x1c cmake/stm32cubemx/CMakeFiles/STM32_Drivers.dir/__/__/Drivers/STM32F1xx_HAL_Driver/Src/stm32f1xx_hal_cortex.c.obj
 .text.__NVIC_SetPriority
                0x08001f7c       0x54 cmake/stm32cubemx/CMakeFiles/STM32_Drivers.dir/__/__/Drivers/STM32F1xx_HAL_Driver/Src/stm32f1xx_hal_cortex.c.obj
 .text.NVIC_EncodePriority
                0x08001fd0       0x64 cmake/stm32cubemx/CMakeFiles/STM32_Drivers.dir/__/__/Drivers/STM32F1xx_HAL_Driver/Src/stm32f1xx_hal_cortex.c.obj
 .text.SysTick_Config
                0x08002034       0x44 cmake/stm32cubemx/CMakeFiles/STM32_Drivers.dir/__/__/Drivers/STM32F1xx_HAL_Driver/Src/stm32f1xx_hal_cortex.c.obj
 .text.HAL_NVIC_SetPriorityGrouping
                0x08002078       0x16 cmake/stm32cubemx/CMakeFiles/STM32_Drivers.dir/__/__/Drivers/STM32F1xx_HAL_Driver/Src/stm32f1xx_hal_cortex.c.obj
                0x08002078                HAL_NVIC_SetPriorityGrouping
 .text.HAL_NVIC_SetPriority
                0x0800208e       0x38 cmake/stm32cubemx/CMakeFiles/STM32_Drivers.dir/__/__/Drivers/STM32F1xx_HAL_Driver/Src/stm32f1xx_hal_cortex.c.obj
                0x0800208e                HAL_NVIC_SetPriority
 .text.HAL_SYSTICK_Config
                0x080020c6       0x18 cmake/stm32cubemx/CMakeFiles/STM32_Drivers.dir/__/__/Drivers/STM32F1xx_HAL_Driver/Src/stm32f1xx_hal_cortex.c.obj
                0x080020c6                HAL_SYSTICK_Config
 .text.HAL_SPI_Init
                0x080020de      0x108 cmake/stm32cubemx/CMakeFiles/STM32_Drivers.dir/__/__/Drivers/STM32F1xx_HAL_Driver/Src/stm32f1xx_hal_spi.c.obj
                0x080020de                HAL_SPI_Init
 .text.HAL_SPI_Transmit
                0x080021e6      0x288 cmake/stm32cubemx/CMakeFiles/STM32_Drivers.dir/__/__/Drivers/STM32F1xx_HAL_Driver/Src/stm32f1xx_hal_spi.c.obj
                0x080021e6                HAL_SPI_Transmit
 *fill*         0x0800246e        0x2 
 .text.SPI_WaitFlagStateUntilTimeout
                0x08002470      0x110 cmake/stm32cubemx/CMakeFiles/STM32_Drivers.dir/__/__/Drivers/STM32F1xx_HAL_Driver/Src/stm32f1xx_hal_spi.c.obj
 .text.SPI_EndRxTxTransaction
                0x08002580       0x62 cmake/stm32cubemx/CMakeFiles/STM32_Drivers.dir/__/__/Drivers/STM32F1xx_HAL_Driver/Src/stm32f1xx_hal_spi.c.obj
 .text.HAL_TIM_Base_Init
                0x080025e2       0x9e cmake/stm32cubemx/CMakeFiles/STM32_Drivers.dir/__/__/Drivers/STM32F1xx_HAL_Driver/Src/stm32f1xx_hal_tim.c.obj
                0x080025e2                HAL_TIM_Base_Init
 .text.HAL_TIM_PWM_Init
                0x08002680       0x9e cmake/stm32cubemx/CMakeFiles/STM32_Drivers.dir/__/__/Drivers/STM32F1xx_HAL_Driver/Src/stm32f1xx_hal_tim.c.obj
                0x08002680                HAL_TIM_PWM_Init
 .text.HAL_TIM_OnePulse_Init
                0x0800271e       0xa0 cmake/stm32cubemx/CMakeFiles/STM32_Drivers.dir/__/__/Drivers/STM32F1xx_HAL_Driver/Src/stm32f1xx_hal_tim.c.obj
                0x0800271e                HAL_TIM_OnePulse_Init
 .text.HAL_TIM_OnePulse_MspInit
                0x080027be       0x12 cmake/stm32cubemx/CMakeFiles/STM32_Drivers.dir/__/__/Drivers/STM32F1xx_HAL_Driver/Src/stm32f1xx_hal_tim.c.obj
                0x080027be                HAL_TIM_OnePulse_MspInit
 .text.HAL_TIM_PWM_ConfigChannel
                0x080027d0      0x184 cmake/stm32cubemx/CMakeFiles/STM32_Drivers.dir/__/__/Drivers/STM32F1xx_HAL_Driver/Src/stm32f1xx_hal_tim.c.obj
                0x080027d0                HAL_TIM_PWM_ConfigChannel
 .text.HAL_TIM_ConfigClockSource
                0x08002954      0x18e cmake/stm32cubemx/CMakeFiles/STM32_Drivers.dir/__/__/Drivers/STM32F1xx_HAL_Driver/Src/stm32f1xx_hal_tim.c.obj
                0x08002954                HAL_TIM_ConfigClockSource
 .text.HAL_TIM_SlaveConfigSynchro
                0x08002ae2       0x84 cmake/stm32cubemx/CMakeFiles/STM32_Drivers.dir/__/__/Drivers/STM32F1xx_HAL_Driver/Src/stm32f1xx_hal_tim.c.obj
                0x08002ae2                HAL_TIM_SlaveConfigSynchro
 *fill*         0x08002b66        0x2 
 .text.TIM_Base_SetConfig
                0x08002b68       0xdc cmake/stm32cubemx/CMakeFiles/STM32_Drivers.dir/__/__/Drivers/STM32F1xx_HAL_Driver/Src/stm32f1xx_hal_tim.c.obj
                0x08002b68                TIM_Base_SetConfig
 .text.TIM_OC1_SetConfig
                0x08002c44       0xcc cmake/stm32cubemx/CMakeFiles/STM32_Drivers.dir/__/__/Drivers/STM32F1xx_HAL_Driver/Src/stm32f1xx_hal_tim.c.obj
 .text.TIM_OC2_SetConfig
                0x08002d10       0xd4 cmake/stm32cubemx/CMakeFiles/STM32_Drivers.dir/__/__/Drivers/STM32F1xx_HAL_Driver/Src/stm32f1xx_hal_tim.c.obj
                0x08002d10                TIM_OC2_SetConfig
 .text.TIM_OC3_SetConfig
                0x08002de4       0xd4 cmake/stm32cubemx/CMakeFiles/STM32_Drivers.dir/__/__/Drivers/STM32F1xx_HAL_Driver/Src/stm32f1xx_hal_tim.c.obj
 .text.TIM_OC4_SetConfig
                0x08002eb8       0x9c cmake/stm32cubemx/CMakeFiles/STM32_Drivers.dir/__/__/Drivers/STM32F1xx_HAL_Driver/Src/stm32f1xx_hal_tim.c.obj
 .text.TIM_SlaveTimer_SetConfig
                0x08002f54      0x122 cmake/stm32cubemx/CMakeFiles/STM32_Drivers.dir/__/__/Drivers/STM32F1xx_HAL_Driver/Src/stm32f1xx_hal_tim.c.obj
 .text.TIM_TI1_ConfigInputStage
                0x08003076       0x5c cmake/stm32cubemx/CMakeFiles/STM32_Drivers.dir/__/__/Drivers/STM32F1xx_HAL_Driver/Src/stm32f1xx_hal_tim.c.obj
 .text.TIM_TI2_ConfigInputStage
                0x080030d2       0x5e cmake/stm32cubemx/CMakeFiles/STM32_Drivers.dir/__/__/Drivers/STM32F1xx_HAL_Driver/Src/stm32f1xx_hal_tim.c.obj
 .text.TIM_ITRx_SetConfig
                0x08003130       0x34 cmake/stm32cubemx/CMakeFiles/STM32_Drivers.dir/__/__/Drivers/STM32F1xx_HAL_Driver/Src/stm32f1xx_hal_tim.c.obj
 .text.TIM_ETR_SetConfig
                0x08003164       0x3e cmake/stm32cubemx/CMakeFiles/STM32_Drivers.dir/__/__/Drivers/STM32F1xx_HAL_Driver/Src/stm32f1xx_hal_tim.c.obj
                0x08003164                TIM_ETR_SetConfig
 *fill*         0x080031a2        0x2 
 .text.HAL_TIMEx_MasterConfigSynchronization
                0x080031a4       0xbc cmake/stm32cubemx/CMakeFiles/STM32_Drivers.dir/__/__/Drivers/STM32F1xx_HAL_Driver/Src/stm32f1xx_hal_tim_ex.c.obj
                0x080031a4                HAL_TIMEx_MasterConfigSynchronization
 .text.HAL_TIMEx_ConfigBreakDeadTime
                0x08003260       0xa2 cmake/stm32cubemx/CMakeFiles/STM32_Drivers.dir/__/__/Drivers/STM32F1xx_HAL_Driver/Src/stm32f1xx_hal_tim_ex.c.obj
                0x08003260                HAL_TIMEx_ConfigBreakDeadTime
 *fill*         0x08003302        0x2 
 .text.__NVIC_EnableIRQ
                0x08003304       0x38 CMakeFiles/Gen.dir/Core/Src/main.c.obj
 .text.main     0x0800333c       0xd0 CMakeFiles/Gen.dir/Core/Src/main.c.obj
                0x0800333c                main
 .text.SystemClock_Config
                0x0800340c       0x8a CMakeFiles/Gen.dir/Core/Src/main.c.obj
                0x0800340c                SystemClock_Config
 *fill*         0x08003496        0x2 
 .text.MX_I2C2_Init
                0x08003498       0x5c CMakeFiles/Gen.dir/Core/Src/main.c.obj
 .text.MX_SPI1_Init
                0x080034f4       0x6c CMakeFiles/Gen.dir/Core/Src/main.c.obj
 .text.MX_TIM1_Init
                0x08003560      0x10c CMakeFiles/Gen.dir/Core/Src/main.c.obj
 .text.MX_TIM2_Init
                0x0800366c      0x11c CMakeFiles/Gen.dir/Core/Src/main.c.obj
 .text.MX_TIM3_Init
                0x08003788       0x9c CMakeFiles/Gen.dir/Core/Src/main.c.obj
 .text.MX_TIM4_Init
                0x08003824      0x120 CMakeFiles/Gen.dir/Core/Src/main.c.obj
 .text.MX_GPIO_Init
                0x08003944      0x170 CMakeFiles/Gen.dir/Core/Src/main.c.obj
 .text.HAL_GPIO_EXTI_Callback
                0x08003ab4      0x11c CMakeFiles/Gen.dir/Core/Src/main.c.obj
                0x08003ab4                HAL_GPIO_EXTI_Callback
 .text.ToggleTimers
                0x08003bd0       0x54 CMakeFiles/Gen.dir/Core/Src/main.c.obj
                0x08003bd0                ToggleTimers
 .text.ToggleTimerPower
                0x08003c24       0x60 CMakeFiles/Gen.dir/Core/Src/main.c.obj
                0x08003c24                ToggleTimerPower
 .text.Error_Handler
                0x08003c84        0xc CMakeFiles/Gen.dir/Core/Src/main.c.obj
                0x08003c84                Error_Handler
 .text.NMI_Handler
                0x08003c90        0x8 CMakeFiles/Gen.dir/Core/Src/stm32f1xx_it.c.obj
                0x08003c90                NMI_Handler
 .text.HardFault_Handler
                0x08003c98        0x8 CMakeFiles/Gen.dir/Core/Src/stm32f1xx_it.c.obj
                0x08003c98                HardFault_Handler
 .text.MemManage_Handler
                0x08003ca0        0x8 CMakeFiles/Gen.dir/Core/Src/stm32f1xx_it.c.obj
                0x08003ca0                MemManage_Handler
 .text.BusFault_Handler
                0x08003ca8        0x8 CMakeFiles/Gen.dir/Core/Src/stm32f1xx_it.c.obj
                0x08003ca8                BusFault_Handler
 .text.UsageFault_Handler
                0x08003cb0        0x8 CMakeFiles/Gen.dir/Core/Src/stm32f1xx_it.c.obj
                0x08003cb0                UsageFault_Handler
 .text.SVC_Handler
                0x08003cb8        0xc CMakeFiles/Gen.dir/Core/Src/stm32f1xx_it.c.obj
                0x08003cb8                SVC_Handler
 .text.DebugMon_Handler
                0x08003cc4        0xc CMakeFiles/Gen.dir/Core/Src/stm32f1xx_it.c.obj
                0x08003cc4                DebugMon_Handler
 .text.PendSV_Handler
                0x08003cd0        0xc CMakeFiles/Gen.dir/Core/Src/stm32f1xx_it.c.obj
                0x08003cd0                PendSV_Handler
 .text.SysTick_Handler
                0x08003cdc        0xc CMakeFiles/Gen.dir/Core/Src/stm32f1xx_it.c.obj
                0x08003cdc                SysTick_Handler
 .text.EXTI0_IRQHandler
                0x08003ce8       0x54 CMakeFiles/Gen.dir/Core/Src/stm32f1xx_it.c.obj
                0x08003ce8                EXTI0_IRQHandler
 .text.EXTI9_5_IRQHandler
                0x08003d3c       0x58 CMakeFiles/Gen.dir/Core/Src/stm32f1xx_it.c.obj
                0x08003d3c                EXTI9_5_IRQHandler
 .text.TIM3_IRQHandler
                0x08003d94       0x48 CMakeFiles/Gen.dir/Core/Src/stm32f1xx_it.c.obj
                0x08003d94                TIM3_IRQHandler
 .text.EXTI15_10_IRQHandler
                0x08003ddc       0x38 CMakeFiles/Gen.dir/Core/Src/stm32f1xx_it.c.obj
                0x08003ddc                EXTI15_10_IRQHandler
 .text.HAL_MspInit
                0x08003e14       0x64 CMakeFiles/Gen.dir/Core/Src/stm32f1xx_hal_msp.c.obj
                0x08003e14                HAL_MspInit
 .text.HAL_I2C_MspInit
                0x08003e78       0x80 CMakeFiles/Gen.dir/Core/Src/stm32f1xx_hal_msp.c.obj
                0x08003e78                HAL_I2C_MspInit
 .text.HAL_SPI_MspInit
                0x08003ef8       0x7c CMakeFiles/Gen.dir/Core/Src/stm32f1xx_hal_msp.c.obj
                0x08003ef8                HAL_SPI_MspInit
 .text.HAL_TIM_PWM_MspInit
                0x08003f74       0x3c CMakeFiles/Gen.dir/Core/Src/stm32f1xx_hal_msp.c.obj
                0x08003f74                HAL_TIM_PWM_MspInit
 .text.HAL_TIM_Base_MspInit
                0x08003fb0       0x90 CMakeFiles/Gen.dir/Core/Src/stm32f1xx_hal_msp.c.obj
                0x08003fb0                HAL_TIM_Base_MspInit
 .text.HAL_TIM_MspPostInit
                0x08004040       0xe8 CMakeFiles/Gen.dir/Core/Src/stm32f1xx_hal_msp.c.obj
                0x08004040                HAL_TIM_MspPostInit
 .text.Reset_Handler
                0x08004128       0x48 CMakeFiles/Gen.dir/startup_stm32f103xb.s.obj
                0x08004128                Reset_Handler
 .text.Default_Handler
                0x08004170        0x2 CMakeFiles/Gen.dir/startup_stm32f103xb.s.obj
                0x08004170                RTC_Alarm_IRQHandler
                0x08004170                EXTI2_IRQHandler
                0x08004170                TIM1_CC_IRQHandler
                0x08004170                PVD_IRQHandler
                0x08004170                EXTI3_IRQHandler
                0x08004170                I2C2_EV_IRQHandler
                0x08004170                ADC1_2_IRQHandler
                0x08004170                SPI1_IRQHandler
                0x08004170                TAMPER_IRQHandler
                0x08004170                DMA1_Channel4_IRQHandler
                0x08004170                USART3_IRQHandler
                0x08004170                RTC_IRQHandler
                0x08004170                DMA1_Channel7_IRQHandler
                0x08004170                CAN1_RX1_IRQHandler
                0x08004170                TIM4_IRQHandler
                0x08004170                I2C1_EV_IRQHandler
                0x08004170                DMA1_Channel6_IRQHandler
                0x08004170                RCC_IRQHandler
                0x08004170                TIM1_TRG_COM_IRQHandler
                0x08004170                DMA1_Channel1_IRQHandler
                0x08004170                Default_Handler
                0x08004170                SPI2_IRQHandler
                0x08004170                DMA1_Channel5_IRQHandler
                0x08004170                EXTI4_IRQHandler
                0x08004170                USB_LP_CAN1_RX0_IRQHandler
                0x08004170                USB_HP_CAN1_TX_IRQHandler
                0x08004170                DMA1_Channel3_IRQHandler
                0x08004170                TIM1_UP_IRQHandler
                0x08004170                WWDG_IRQHandler
                0x08004170                TIM2_IRQHandler
                0x08004170                TIM1_BRK_IRQHandler
                0x08004170                EXTI1_IRQHandler
                0x08004170                USART2_IRQHandler
                0x08004170                I2C2_ER_IRQHandler
                0x08004170                DMA1_Channel2_IRQHandler
                0x08004170                CAN1_SCE_IRQHandler
                0x08004170                FLASH_IRQHandler
                0x08004170                USART1_IRQHandler
                0x08004170                I2C1_ER_IRQHandler
                0x08004170                USBWakeUp_IRQHandler
 *fill*         0x08004172        0x2 
 .text.GetFontCharWidth
                0x08004174       0x38 CMakeFiles/Gen.dir/Core/Lib/Src/fonts.c.obj
                0x08004174                GetFontCharWidth
 .text.GetFontCharIndex
                0x080041ac      0x106 CMakeFiles/Gen.dir/Core/Lib/Src/fonts.c.obj
                0x080041ac                GetFontCharIndex
 *fill*         0x080042b2        0x2 
 .text.ST7789_SendByte
                0x080042b4       0x2c CMakeFiles/Gen.dir/Core/Lib/Src/st7789.c.obj
 .text.ST7789_WaitLastData
                0x080042e0       0x30 CMakeFiles/Gen.dir/Core/Lib/Src/st7789.c.obj
 .text.ST7789_SendCommand
                0x08004310       0x50 CMakeFiles/Gen.dir/Core/Lib/Src/st7789.c.obj
 .text.ST7789_SendData
                0x08004360       0x48 CMakeFiles/Gen.dir/Core/Lib/Src/st7789.c.obj
 .text.ST7789_SendDataMultiple
                0x080043a8       0x60 CMakeFiles/Gen.dir/Core/Lib/Src/st7789.c.obj
 .text.ST7789_SetAddressWindow
                0x08004408       0xbc CMakeFiles/Gen.dir/Core/Lib/Src/st7789.c.obj
                0x08004408                ST7789_SetAddressWindow
 .text.ST7789_SetRotation
                0x080044c4       0x58 CMakeFiles/Gen.dir/Core/Lib/Src/st7789.c.obj
                0x080044c4                ST7789_SetRotation
 .text.ST7789_Init
                0x0800451c      0x134 CMakeFiles/Gen.dir/Core/Lib/Src/st7789.c.obj
                0x0800451c                ST7789_Init
 .text.ST7789_Fill_Color
                0x08004650       0x7c CMakeFiles/Gen.dir/Core/Lib/Src/st7789.c.obj
                0x08004650                ST7789_Fill_Color
 .text.ST7789_DrawRect
                0x080046cc       0xf0 CMakeFiles/Gen.dir/Core/Lib/Src/st7789.c.obj
                0x080046cc                ST7789_DrawRect
 .text.ST7789_PrintSymbol
                0x080047bc      0x1c8 CMakeFiles/Gen.dir/Core/Lib/Src/st7789.c.obj
                0x080047bc                ST7789_PrintSymbol
 .text.ST7789_PrintStr
                0x08004984       0x8c CMakeFiles/Gen.dir/Core/Lib/Src/st7789.c.obj
                0x08004984                ST7789_PrintStr
 .text.ST7789_PrintCustomStr
                0x08004a10       0x9c CMakeFiles/Gen.dir/Core/Lib/Src/st7789.c.obj
                0x08004a10                ST7789_PrintCustomStr
 .text.ST7789_SetFontSize
                0x08004aac       0x24 CMakeFiles/Gen.dir/Core/Lib/Src/st7789.c.obj
                0x08004aac                ST7789_SetFontSize
 .text.EEPROM_Init
                0x08004ad0       0x56 CMakeFiles/Gen.dir/Core/Lib/Src/eeprom.c.obj
                0x08004ad0                EEPROM_Init
 .text.EEPROM_Write
                0x08004b26       0xc8 CMakeFiles/Gen.dir/Core/Lib/Src/eeprom.c.obj
                0x08004b26                EEPROM_Write
 .text.EEPROM_Read
                0x08004bee       0xc8 CMakeFiles/Gen.dir/Core/Lib/Src/eeprom.c.obj
                0x08004bee                EEPROM_Read
 *fill*         0x08004cb6        0x2 
 .text.__NVIC_EnableIRQ
                0x08004cb8       0x38 CMakeFiles/Gen.dir/Core/Src/core.c.obj
 .text.__NVIC_DisableIRQ
                0x08004cf0       0x48 CMakeFiles/Gen.dir/Core/Src/core.c.obj
 .text.UpdateExternalSource
                0x08004d38       0x48 CMakeFiles/Gen.dir/Core/Src/core.c.obj
                0x08004d38                UpdateExternalSource
 .text.SetExternalSource
                0x08004d80       0x4c CMakeFiles/Gen.dir/Core/Src/core.c.obj
                0x08004d80                SetExternalSource
 .text.UnsetExternalSource
                0x08004dcc       0x40 CMakeFiles/Gen.dir/Core/Src/core.c.obj
                0x08004dcc                UnsetExternalSource
 .text.counted_freq_to_array
                0x08004e0c       0xd0 CMakeFiles/Gen.dir/Core/Src/core.c.obj
                0x08004e0c                counted_freq_to_array
 .text.LoadParametersFromProfile
                0x08004edc      0x164 CMakeFiles/Gen.dir/Core/Src/core.c.obj
                0x08004edc                LoadParametersFromProfile
 .text.CoreInit
                0x08005040       0xa4 CMakeFiles/Gen.dir/Core/Src/core.c.obj
                0x08005040                CoreInit
 .text.CheckParameters
                0x080050e4      0x1c0 CMakeFiles/Gen.dir/Core/Src/core.c.obj
                0x080050e4                CheckParameters
 .text.LoadParametersFromEEPROM
                0x080052a4       0xa0 CMakeFiles/Gen.dir/Core/Src/core.c.obj
                0x080052a4                LoadParametersFromEEPROM
 .text.LoadProfilesFromEEPROM
                0x08005344       0x34 CMakeFiles/Gen.dir/Core/Src/core.c.obj
                0x08005344                LoadProfilesFromEEPROM
 .text.EraseProfile
                0x08005378       0xe8 CMakeFiles/Gen.dir/Core/Src/core.c.obj
                0x08005378                EraseProfile
 .text.SaveProfile
                0x08005460       0x24 CMakeFiles/Gen.dir/Core/Src/core.c.obj
                0x08005460                SaveProfile
 .text.SetStateParameters
                0x08005484       0x44 CMakeFiles/Gen.dir/Core/Src/core.c.obj
                0x08005484                SetStateParameters
 .text.SetHZ    0x080054c8      0x174 CMakeFiles/Gen.dir/Core/Src/core.c.obj
                0x080054c8                SetHZ
 .text.SetHE    0x0800563c       0xec CMakeFiles/Gen.dir/Core/Src/core.c.obj
                0x0800563c                SetHE
 .text.SetINandLE
                0x08005728      0x1cc CMakeFiles/Gen.dir/Core/Src/core.c.obj
                0x08005728                SetINandLE
 .text.TryToSetStateParams
                0x080058f4       0x64 CMakeFiles/Gen.dir/Core/Src/core.c.obj
                0x080058f4                TryToSetStateParams
 .text.SetTimers
                0x08005958       0x14 CMakeFiles/Gen.dir/Core/Src/core.c.obj
                0x08005958                SetTimers
 .text.LaunchTimers
                0x0800596c      0x120 CMakeFiles/Gen.dir/Core/Src/core.c.obj
                0x0800596c                LaunchTimers
 .text.StopTimers
                0x08005a8c       0x64 CMakeFiles/Gen.dir/Core/Src/core.c.obj
                0x08005a8c                StopTimers
 .text.PrintScreen
                0x08005af0      0x180 CMakeFiles/Gen.dir/Core/Src/core.c.obj
                0x08005af0                PrintScreen
 .text.UpdateScreenAfterUp
                0x08005c70      0x3a4 CMakeFiles/Gen.dir/Core/Src/core.c.obj
                0x08005c70                UpdateScreenAfterUp
 .text.UpdateScreenAfterDown
                0x08006014      0x300 CMakeFiles/Gen.dir/Core/Src/core.c.obj
                0x08006014                UpdateScreenAfterDown
 .text.UpdateScreenPlaceNumber
                0x08006314      0x234 CMakeFiles/Gen.dir/Core/Src/core.c.obj
                0x08006314                UpdateScreenPlaceNumber
 .text.UpdateHZScreen
                0x08006548       0x58 CMakeFiles/Gen.dir/Core/Src/core.c.obj
                0x08006548                UpdateHZScreen
 .text.foo1     0x080065a0       0x80 CMakeFiles/Gen.dir/Core/Src/core.c.obj
                0x080065a0                foo1
 .text.foo2     0x08006620       0x5c CMakeFiles/Gen.dir/Core/Src/core.c.obj
                0x08006620                foo2
 .text.HandleButtonLeft
                0x0800667c       0xa8 CMakeFiles/Gen.dir/Core/Src/core.c.obj
                0x0800667c                HandleButtonLeft
 .text.HandleButtonRight
                0x08006724       0x90 CMakeFiles/Gen.dir/Core/Src/core.c.obj
                0x08006724                HandleButtonRight
 .text.HandleButtonUp
                0x080067b4       0x5c CMakeFiles/Gen.dir/Core/Src/core.c.obj
                0x080067b4                HandleButtonUp
 .text.HandleButtonDown
                0x08006810       0x34 CMakeFiles/Gen.dir/Core/Src/core.c.obj
                0x08006810                HandleButtonDown
 .text.HandleButtonIncrease
                0x08006844      0x15c CMakeFiles/Gen.dir/Core/Src/core.c.obj
                0x08006844                HandleButtonIncrease
 .text.HandleButtonDecrease
                0x080069a0      0x15c CMakeFiles/Gen.dir/Core/Src/core.c.obj
                0x080069a0                HandleButtonDecrease
 .text.HandleButtonSave
                0x08006afc       0xf0 CMakeFiles/Gen.dir/Core/Src/core.c.obj
                0x08006afc                HandleButtonSave
 .text.HandleButtonErase
                0x08006bec       0x24 CMakeFiles/Gen.dir/Core/Src/core.c.obj
                0x08006bec                HandleButtonErase
 *(.glue_7)
 .glue_7        0x08006c10        0x0 linker stubs
 *(.glue_7t)
 .glue_7t       0x08006c10        0x0 linker stubs
 *(.eh_frame)
 .eh_frame      0x08006c10        0x0 /home/serg50012/stm/CubeCTL/GNU-tools-for-STM32/bin/../lib/gcc/arm-none-eabi/12.3.1/thumb/v7-m/nofp/crtbegin.o
 *(.init)
 .init          0x08006c10        0x4 /home/serg50012/stm/CubeCTL/GNU-tools-for-STM32/bin/../lib/gcc/arm-none-eabi/12.3.1/thumb/v7-m/nofp/crti.o
                0x08006c10                _init
 .init          0x08006c14        0x8 /home/serg50012/stm/CubeCTL/GNU-tools-for-STM32/bin/../lib/gcc/arm-none-eabi/12.3.1/thumb/v7-m/nofp/crtn.o
 *(.fini)
 .fini          0x08006c1c        0x4 /home/serg50012/stm/CubeCTL/GNU-tools-for-STM32/bin/../lib/gcc/arm-none-eabi/12.3.1/thumb/v7-m/nofp/crti.o
                0x08006c1c                _fini
 .fini          0x08006c20        0x8 /home/serg50012/stm/CubeCTL/GNU-tools-for-STM32/bin/../lib/gcc/arm-none-eabi/12.3.1/thumb/v7-m/nofp/crtn.o
                0x08006c28                        . = ALIGN (0x4)
                0x08006c28                        _etext = .

.vfp11_veneer   0x08006c28        0x0
 .vfp11_veneer  0x08006c28        0x0 linker stubs

.v4_bx          0x08006c28        0x0
 .v4_bx         0x08006c28        0x0 linker stubs

.iplt           0x08006c28        0x0
 .iplt          0x08006c28        0x0 /home/serg50012/stm/CubeCTL/GNU-tools-for-STM32/bin/../lib/gcc/arm-none-eabi/12.3.1/thumb/v7-m/nofp/crtbegin.o

.rodata         0x08006c28      0x468
                0x08006c28                        . = ALIGN (0x4)
 *(.rodata)
 .rodata        0x08006c28       0x26 CMakeFiles/Gen.dir/Core/Lib/Src/st7789.c.obj
 *fill*         0x08006c4e        0x2 
 .rodata        0x08006c50       0x3a CMakeFiles/Gen.dir/Core/Src/core.c.obj
 *(.rodata*)
 *fill*         0x08006c8a        0x2 
 .rodata.AHBPrescTable
                0x08006c8c       0x10 cmake/stm32cubemx/CMakeFiles/STM32_Drivers.dir/__/__/Core/Src/system_stm32f1xx.c.obj
                0x08006c8c                AHBPrescTable
 .rodata.APBPrescTable
                0x08006c9c        0x8 cmake/stm32cubemx/CMakeFiles/STM32_Drivers.dir/__/__/Core/Src/system_stm32f1xx.c.obj
                0x08006c9c                APBPrescTable
 .rodata.aPLLMULFactorTable.1
                0x08006ca4       0x10 cmake/stm32cubemx/CMakeFiles/STM32_Drivers.dir/__/__/Drivers/STM32F1xx_HAL_Driver/Src/stm32f1xx_hal_rcc.c.obj
 .rodata.aPredivFactorTable.0
                0x08006cb4        0x2 cmake/stm32cubemx/CMakeFiles/STM32_Drivers.dir/__/__/Drivers/STM32F1xx_HAL_Driver/Src/stm32f1xx_hal_rcc.c.obj
 *fill*         0x08006cb6        0x2 
 .rodata.FONT_DATA
                0x08006cb8      0x28c CMakeFiles/Gen.dir/Core/Lib/Src/fonts.c.obj
                0x08006cb8                FONT_DATA
 .rodata.FONT_CHAR_INFO
                0x08006f44      0x140 CMakeFiles/Gen.dir/Core/Lib/Src/fonts.c.obj
                0x08006f44                FONT_CHAR_INFO
 .rodata.fraction_ticks
                0x08007084        0xa CMakeFiles/Gen.dir/Core/Src/core.c.obj
                0x08007084                fraction_ticks
                0x08007090                        . = ALIGN (0x4)
 *fill*         0x0800708e        0x2 

.rel.dyn        0x08007090        0x0
 .rel.iplt      0x08007090        0x0 /home/serg50012/stm/CubeCTL/GNU-tools-for-STM32/bin/../lib/gcc/arm-none-eabi/12.3.1/thumb/v7-m/nofp/crtbegin.o

.ARM.extab
 *(.ARM.extab* .gnu.linkonce.armextab.*)

.ARM            0x08007090        0x0
                0x08007090                        __exidx_start = .
 *(.ARM.exidx*)
                0x08007090                        __exidx_end = .

.preinit_array  0x08007090        0x0
                0x08007090                        PROVIDE (__preinit_array_start = .)
 *(.preinit_array*)
                0x08007090                        PROVIDE (__preinit_array_end = .)

.init_array     0x08007090        0x4
                0x08007090                        PROVIDE (__init_array_start = .)
 *(SORT_BY_NAME(.init_array.*))
 *(.init_array*)
 .init_array    0x08007090        0x4 /home/serg50012/stm/CubeCTL/GNU-tools-for-STM32/bin/../lib/gcc/arm-none-eabi/12.3.1/thumb/v7-m/nofp/crtbegin.o
                0x08007094                        PROVIDE (__init_array_end = .)

.fini_array     0x08007094        0x4
                [!provide]                        PROVIDE (__fini_array_start = .)
 *(SORT_BY_NAME(.fini_array.*))
 *(.fini_array*)
 .fini_array    0x08007094        0x4 /home/serg50012/stm/CubeCTL/GNU-tools-for-STM32/bin/../lib/gcc/arm-none-eabi/12.3.1/thumb/v7-m/nofp/crtbegin.o
                [!provide]                        PROVIDE (__fini_array_end = .)
                0x08007098                        _sidata = LOADADDR (.data)

.data           0x20000000        0xc load address 0x08007098
                0x20000000                        . = ALIGN (0x4)
                0x20000000                        _sdata = .
 *(.data)
 *(.data*)
 .data.SystemCoreClock
                0x20000000        0x4 cmake/stm32cubemx/CMakeFiles/STM32_Drivers.dir/__/__/Core/Src/system_stm32f1xx.c.obj
                0x20000000                SystemCoreClock
 .data.uwTickPrio
                0x20000004        0x4 cmake/stm32cubemx/CMakeFiles/STM32_Drivers.dir/__/__/Drivers/STM32F1xx_HAL_Driver/Src/stm32f1xx_hal.c.obj
                0x20000004                uwTickPrio
 .data.uwTickFreq
                0x20000008        0x1 cmake/stm32cubemx/CMakeFiles/STM32_Drivers.dir/__/__/Drivers/STM32F1xx_HAL_Driver/Src/stm32f1xx_hal.c.obj
                0x20000008                uwTickFreq
 .data.CurrentFontSize
                0x20000009        0x1 CMakeFiles/Gen.dir/Core/Lib/Src/st7789.c.obj
 .data.State    0x2000000a        0x1 CMakeFiles/Gen.dir/Core/Src/core.c.obj
                0x2000000a                State
                0x2000000c                        . = ALIGN (0x4)
 *fill*         0x2000000b        0x1 
                0x2000000c                        _edata = .

.igot.plt       0x2000000c        0x0 load address 0x080070a4
 .igot.plt      0x2000000c        0x0 /home/serg50012/stm/CubeCTL/GNU-tools-for-STM32/bin/../lib/gcc/arm-none-eabi/12.3.1/thumb/v7-m/nofp/crtbegin.o
                0x2000000c                        . = ALIGN (0x4)

.bss            0x2000000c      0x260 load address 0x080070a4
                0x2000000c                        _sbss = .
                0x2000000c                        __bss_start__ = _sbss
 *(.bss)
 .bss           0x2000000c       0x1c /home/serg50012/stm/CubeCTL/GNU-tools-for-STM32/bin/../lib/gcc/arm-none-eabi/12.3.1/thumb/v7-m/nofp/crtbegin.o
 *(.bss*)
 .bss.uwTick    0x20000028        0x4 cmake/stm32cubemx/CMakeFiles/STM32_Drivers.dir/__/__/Drivers/STM32F1xx_HAL_Driver/Src/stm32f1xx_hal.c.obj
                0x20000028                uwTick
 .bss.hi2c2     0x2000002c       0x54 CMakeFiles/Gen.dir/Core/Src/main.c.obj
                0x2000002c                hi2c2
 .bss.hspi1     0x20000080       0x58 CMakeFiles/Gen.dir/Core/Src/main.c.obj
                0x20000080                hspi1
 .bss.htim1     0x200000d8       0x48 CMakeFiles/Gen.dir/Core/Src/main.c.obj
                0x200000d8                htim1
 .bss.htim2     0x20000120       0x48 CMakeFiles/Gen.dir/Core/Src/main.c.obj
                0x20000120                htim2
 .bss.htim3     0x20000168       0x48 CMakeFiles/Gen.dir/Core/Src/main.c.obj
                0x20000168                htim3
 .bss.htim4     0x200001b0       0x48 CMakeFiles/Gen.dir/Core/Src/main.c.obj
                0x200001b0                htim4
 .bss.last_tick
                0x200001f8        0x4 CMakeFiles/Gen.dir/Core/Src/main.c.obj
                0x200001f8                last_tick
 .bss.current_button_tick
                0x200001fc        0x4 CMakeFiles/Gen.dir/Core/Src/main.c.obj
                0x200001fc                current_button_tick
 .bss.last_tick_3
                0x20000200        0x4 CMakeFiles/Gen.dir/Core/Src/main.c.obj
                0x20000200                last_tick_3
 .bss.button_flag
                0x20000204        0x1 CMakeFiles/Gen.dir/Core/Src/main.c.obj
                0x20000204                button_flag
 *fill*         0x20000205        0x1 
 .bss.CurrentRow
                0x20000206        0x2 CMakeFiles/Gen.dir/Core/Lib/Src/st7789.c.obj
 .bss.CurrentCol
                0x20000208        0x2 CMakeFiles/Gen.dir/Core/Lib/Src/st7789.c.obj
 *fill*         0x2000020a        0x2 
 .bss.ParametersBuffer
                0x2000020c       0x10 CMakeFiles/Gen.dir/Core/Src/core.c.obj
                0x2000020c                ParametersBuffer
 .bss.StateParamsError
                0x2000021c        0x1 CMakeFiles/Gen.dir/Core/Src/core.c.obj
                0x2000021c                StateParamsError
 .bss.StateLoadError
                0x2000021d        0x1 CMakeFiles/Gen.dir/Core/Src/core.c.obj
                0x2000021d                StateLoadError
 .bss.TimersEnabled
                0x2000021e        0x1 CMakeFiles/Gen.dir/Core/Src/core.c.obj
                0x2000021e                TimersEnabled
 *fill*         0x2000021f        0x1 
 .bss.FreqArray
                0x20000220        0x4 CMakeFiles/Gen.dir/Core/Src/core.c.obj
                0x20000220                FreqArray
 .bss.HEArray   0x20000224        0x4 CMakeFiles/Gen.dir/Core/Src/core.c.obj
                0x20000224                HEArray
 .bss.LEArray   0x20000228        0x4 CMakeFiles/Gen.dir/Core/Src/core.c.obj
                0x20000228                LEArray
 .bss.INArray   0x2000022c        0x4 CMakeFiles/Gen.dir/Core/Src/core.c.obj
                0x2000022c                INArray
 .bss.PlaceNumber
                0x20000230        0x1 CMakeFiles/Gen.dir/Core/Src/core.c.obj
                0x20000230                PlaceNumber
 .bss.LastPlaceNumber
                0x20000231        0x1 CMakeFiles/Gen.dir/Core/Src/core.c.obj
                0x20000231                LastPlaceNumber
 *fill*         0x20000232        0x2 
 .bss.eeprom    0x20000234       0x10 CMakeFiles/Gen.dir/Core/Src/core.c.obj
                0x20000234                eeprom
 .bss.phi2c2    0x20000244        0x4 CMakeFiles/Gen.dir/Core/Src/core.c.obj
                0x20000244                phi2c2
 .bss.phtim1    0x20000248        0x4 CMakeFiles/Gen.dir/Core/Src/core.c.obj
                0x20000248                phtim1
 .bss.phtim2    0x2000024c        0x4 CMakeFiles/Gen.dir/Core/Src/core.c.obj
                0x2000024c                phtim2
 .bss.phtim4    0x20000250        0x4 CMakeFiles/Gen.dir/Core/Src/core.c.obj
                0x20000250                phtim4
 .bss.ValueChanged
                0x20000254        0x1 CMakeFiles/Gen.dir/Core/Src/core.c.obj
                0x20000254                ValueChanged
 *fill*         0x20000255        0x1 
 .bss.CurrentStateColor
                0x20000256        0x2 CMakeFiles/Gen.dir/Core/Src/core.c.obj
                0x20000256                CurrentStateColor
 .bss.DefaultFontColor
                0x20000258        0x2 CMakeFiles/Gen.dir/Core/Src/core.c.obj
                0x20000258                DefaultFontColor
 .bss.Profile   0x2000025a        0x1 CMakeFiles/Gen.dir/Core/Src/core.c.obj
                0x2000025a                Profile
 *fill*         0x2000025b        0x1 
 .bss.pulse_count
                0x2000025c        0x4 CMakeFiles/Gen.dir/Core/Src/core.c.obj
                0x2000025c                pulse_count
 .bss.counted_freq
                0x20000260        0x4 CMakeFiles/Gen.dir/Core/Src/core.c.obj
                0x20000260                counted_freq
 .bss.last_counted_freq
                0x20000264        0x4 CMakeFiles/Gen.dir/Core/Src/core.c.obj
                0x20000264                last_counted_freq
 .bss.IsExternalSource
                0x20000268        0x1 CMakeFiles/Gen.dir/Core/Src/core.c.obj
                0x20000268                IsExternalSource
 *(COMMON)
                0x2000026c                        . = ALIGN (0x4)
 *fill*         0x20000269        0x3 
                0x2000026c                        _ebss = .
                0x2000026c                        __bss_end__ = _ebss

._user_heap_stack
                0x2000026c      0x604 load address 0x080070a4
                0x20000270                        . = ALIGN (0x8)
 *fill*         0x2000026c        0x4 
                [!provide]                        PROVIDE (end = .)
                0x20000270                        PROVIDE (_end = .)
                0x20000470                        . = (. + _Min_Heap_Size)
 *fill*         0x20000270      0x200 
                0x20000870                        . = (. + _Min_Stack_Size)
 *fill*         0x20000470      0x400 
                0x20000870                        . = ALIGN (0x8)

/DISCARD/
 libc.a(*)
 libm.a(*)
 libgcc.a(*)
OUTPUT(Gen.elf elf32-littlearm)
LOAD linker stubs
LOAD /home/serg50012/stm/CubeCTL/GNU-tools-for-STM32/bin/../lib/gcc/arm-none-eabi/12.3.1/../../../../arm-none-eabi/lib/thumb/v7-m/nofp/libc.a
LOAD /home/serg50012/stm/CubeCTL/GNU-tools-for-STM32/bin/../lib/gcc/arm-none-eabi/12.3.1/../../../../arm-none-eabi/lib/thumb/v7-m/nofp/libm.a
LOAD /home/serg50012/stm/CubeCTL/GNU-tools-for-STM32/bin/../lib/gcc/arm-none-eabi/12.3.1/thumb/v7-m/nofp/libgcc.a

.ARM.attributes
                0x00000000       0x29
 .ARM.attributes
                0x00000000       0x1d /home/serg50012/stm/CubeCTL/GNU-tools-for-STM32/bin/../lib/gcc/arm-none-eabi/12.3.1/thumb/v7-m/nofp/crti.o
 .ARM.attributes
                0x0000001d       0x2d /home/serg50012/stm/CubeCTL/GNU-tools-for-STM32/bin/../lib/gcc/arm-none-eabi/12.3.1/thumb/v7-m/nofp/crtbegin.o
 .ARM.attributes
                0x0000004a       0x2d /home/serg50012/stm/CubeCTL/GNU-tools-for-STM32/bin/../lib/gcc/arm-none-eabi/12.3.1/../../../../arm-none-eabi/lib/thumb/v7-m/nofp/libc_nano.a(libc_a-memset.o)
 .ARM.attributes
                0x00000077       0x2d /home/serg50012/stm/CubeCTL/GNU-tools-for-STM32/bin/../lib/gcc/arm-none-eabi/12.3.1/../../../../arm-none-eabi/lib/thumb/v7-m/nofp/libc_nano.a(libc_a-init.o)
 .ARM.attributes
                0x000000a4       0x2d cmake/stm32cubemx/CMakeFiles/STM32_Drivers.dir/__/__/Core/Src/system_stm32f1xx.c.obj
 .ARM.attributes
                0x000000d1       0x2d cmake/stm32cubemx/CMakeFiles/STM32_Drivers.dir/__/__/Drivers/STM32F1xx_HAL_Driver/Src/stm32f1xx_hal_i2c.c.obj
 .ARM.attributes
                0x000000fe       0x2d cmake/stm32cubemx/CMakeFiles/STM32_Drivers.dir/__/__/Drivers/STM32F1xx_HAL_Driver/Src/stm32f1xx_hal.c.obj
 .ARM.attributes
                0x0000012b       0x2d cmake/stm32cubemx/CMakeFiles/STM32_Drivers.dir/__/__/Drivers/STM32F1xx_HAL_Driver/Src/stm32f1xx_hal_rcc.c.obj
 .ARM.attributes
                0x00000158       0x2d cmake/stm32cubemx/CMakeFiles/STM32_Drivers.dir/__/__/Drivers/STM32F1xx_HAL_Driver/Src/stm32f1xx_hal_gpio.c.obj
 .ARM.attributes
                0x00000185       0x2d cmake/stm32cubemx/CMakeFiles/STM32_Drivers.dir/__/__/Drivers/STM32F1xx_HAL_Driver/Src/stm32f1xx_hal_cortex.c.obj
 .ARM.attributes
                0x000001b2       0x2d cmake/stm32cubemx/CMakeFiles/STM32_Drivers.dir/__/__/Drivers/STM32F1xx_HAL_Driver/Src/stm32f1xx_hal_spi.c.obj
 .ARM.attributes
                0x000001df       0x2d cmake/stm32cubemx/CMakeFiles/STM32_Drivers.dir/__/__/Drivers/STM32F1xx_HAL_Driver/Src/stm32f1xx_hal_tim.c.obj
 .ARM.attributes
                0x0000020c       0x2d cmake/stm32cubemx/CMakeFiles/STM32_Drivers.dir/__/__/Drivers/STM32F1xx_HAL_Driver/Src/stm32f1xx_hal_tim_ex.c.obj
 .ARM.attributes
                0x00000239       0x2d CMakeFiles/Gen.dir/Core/Src/main.c.obj
 .ARM.attributes
                0x00000266       0x2d CMakeFiles/Gen.dir/Core/Src/stm32f1xx_it.c.obj
 .ARM.attributes
                0x00000293       0x2d CMakeFiles/Gen.dir/Core/Src/stm32f1xx_hal_msp.c.obj
 .ARM.attributes
                0x000002c0       0x21 CMakeFiles/Gen.dir/startup_stm32f103xb.s.obj
 .ARM.attributes
                0x000002e1       0x2d CMakeFiles/Gen.dir/Core/Lib/Src/fonts.c.obj
 .ARM.attributes
                0x0000030e       0x2d CMakeFiles/Gen.dir/Core/Lib/Src/st7789.c.obj
 .ARM.attributes
                0x0000033b       0x2d CMakeFiles/Gen.dir/Core/Lib/Src/eeprom.c.obj
 .ARM.attributes
                0x00000368       0x2d CMakeFiles/Gen.dir/Core/Src/core.c.obj
 .ARM.attributes
                0x00000395       0x1d /home/serg50012/stm/CubeCTL/GNU-tools-for-STM32/bin/../lib/gcc/arm-none-eabi/12.3.1/thumb/v7-m/nofp/crtn.o

.comment        0x00000000       0x43
 .comment       0x00000000       0x43 cmake/stm32cubemx/CMakeFiles/STM32_Drivers.dir/__/__/Core/Src/system_stm32f1xx.c.obj
                                 0x44 (size before relaxing)
 .comment       0x00000043       0x44 cmake/stm32cubemx/CMakeFiles/STM32_Drivers.dir/__/__/Drivers/STM32F1xx_HAL_Driver/Src/stm32f1xx_hal_i2c.c.obj
 .comment       0x00000043       0x44 cmake/stm32cubemx/CMakeFiles/STM32_Drivers.dir/__/__/Drivers/STM32F1xx_HAL_Driver/Src/stm32f1xx_hal.c.obj
 .comment       0x00000043       0x44 cmake/stm32cubemx/CMakeFiles/STM32_Drivers.dir/__/__/Drivers/STM32F1xx_HAL_Driver/Src/stm32f1xx_hal_rcc.c.obj
 .comment       0x00000043       0x44 cmake/stm32cubemx/CMakeFiles/STM32_Drivers.dir/__/__/Drivers/STM32F1xx_HAL_Driver/Src/stm32f1xx_hal_gpio.c.obj
 .comment       0x00000043       0x44 cmake/stm32cubemx/CMakeFiles/STM32_Drivers.dir/__/__/Drivers/STM32F1xx_HAL_Driver/Src/stm32f1xx_hal_cortex.c.obj
 .comment       0x00000043       0x44 cmake/stm32cubemx/CMakeFiles/STM32_Drivers.dir/__/__/Drivers/STM32F1xx_HAL_Driver/Src/stm32f1xx_hal_spi.c.obj
 .comment       0x00000043       0x44 cmake/stm32cubemx/CMakeFiles/STM32_Drivers.dir/__/__/Drivers/STM32F1xx_HAL_Driver/Src/stm32f1xx_hal_tim.c.obj
 .comment       0x00000043       0x44 cmake/stm32cubemx/CMakeFiles/STM32_Drivers.dir/__/__/Drivers/STM32F1xx_HAL_Driver/Src/stm32f1xx_hal_tim_ex.c.obj
 .comment       0x00000043       0x44 CMakeFiles/Gen.dir/Core/Src/main.c.obj
 .comment       0x00000043       0x44 CMakeFiles/Gen.dir/Core/Src/stm32f1xx_it.c.obj
 .comment       0x00000043       0x44 CMakeFiles/Gen.dir/Core/Src/stm32f1xx_hal_msp.c.obj
 .comment       0x00000043       0x44 CMakeFiles/Gen.dir/Core/Lib/Src/fonts.c.obj
 .comment       0x00000043       0x44 CMakeFiles/Gen.dir/Core/Lib/Src/st7789.c.obj
 .comment       0x00000043       0x44 CMakeFiles/Gen.dir/Core/Lib/Src/eeprom.c.obj
 .comment       0x00000043       0x44 CMakeFiles/Gen.dir/Core/Src/core.c.obj

.debug_frame    0x00000000     0x45b4
 .debug_frame   0x00000000       0x20 /home/serg50012/stm/CubeCTL/GNU-tools-for-STM32/bin/../lib/gcc/arm-none-eabi/12.3.1/../../../../arm-none-eabi/lib/thumb/v7-m/nofp/libc_nano.a(libc_a-memset.o)
 .debug_frame   0x00000020       0x2c /home/serg50012/stm/CubeCTL/GNU-tools-for-STM32/bin/../lib/gcc/arm-none-eabi/12.3.1/../../../../arm-none-eabi/lib/thumb/v7-m/nofp/libc_nano.a(libc_a-init.o)
 .debug_frame   0x0000004c       0x58 cmake/stm32cubemx/CMakeFiles/STM32_Drivers.dir/__/__/Core/Src/system_stm32f1xx.c.obj
 .debug_frame   0x000000a4      0xc84 cmake/stm32cubemx/CMakeFiles/STM32_Drivers.dir/__/__/Drivers/STM32F1xx_HAL_Driver/Src/stm32f1xx_hal_i2c.c.obj
 .debug_frame   0x00000d28      0x334 cmake/stm32cubemx/CMakeFiles/STM32_Drivers.dir/__/__/Drivers/STM32F1xx_HAL_Driver/Src/stm32f1xx_hal.c.obj
 .debug_frame   0x0000105c      0x218 cmake/stm32cubemx/CMakeFiles/STM32_Drivers.dir/__/__/Drivers/STM32F1xx_HAL_Driver/Src/stm32f1xx_hal_rcc.c.obj
 .debug_frame   0x00001274      0x14c cmake/stm32cubemx/CMakeFiles/STM32_Drivers.dir/__/__/Drivers/STM32F1xx_HAL_Driver/Src/stm32f1xx_hal_gpio.c.obj
 .debug_frame   0x000013c0      0x428 cmake/stm32cubemx/CMakeFiles/STM32_Drivers.dir/__/__/Drivers/STM32F1xx_HAL_Driver/Src/stm32f1xx_hal_cortex.c.obj
 .debug_frame   0x000017e8      0x824 cmake/stm32cubemx/CMakeFiles/STM32_Drivers.dir/__/__/Drivers/STM32F1xx_HAL_Driver/Src/stm32f1xx_hal_spi.c.obj
 .debug_frame   0x0000200c     0x11b8 cmake/stm32cubemx/CMakeFiles/STM32_Drivers.dir/__/__/Drivers/STM32F1xx_HAL_Driver/Src/stm32f1xx_hal_tim.c.obj
 .debug_frame   0x000031c4      0x638 cmake/stm32cubemx/CMakeFiles/STM32_Drivers.dir/__/__/Drivers/STM32F1xx_HAL_Driver/Src/stm32f1xx_hal_tim_ex.c.obj
 .debug_frame   0x000037fc      0x1e0 CMakeFiles/Gen.dir/Core/Src/main.c.obj
 .debug_frame   0x000039dc      0x178 CMakeFiles/Gen.dir/Core/Src/stm32f1xx_it.c.obj
 .debug_frame   0x00003b54      0x184 CMakeFiles/Gen.dir/Core/Src/stm32f1xx_hal_msp.c.obj
 .debug_frame   0x00003cd8       0x5c CMakeFiles/Gen.dir/Core/Lib/Src/fonts.c.obj
 .debug_frame   0x00003d34      0x2f4 CMakeFiles/Gen.dir/Core/Lib/Src/st7789.c.obj
 .debug_frame   0x00004028       0x90 CMakeFiles/Gen.dir/Core/Lib/Src/eeprom.c.obj
 .debug_frame   0x000040b8      0x4fc CMakeFiles/Gen.dir/Core/Src/core.c.obj

.debug_info     0x00000000     0xf74e
 .debug_info    0x00000000      0x222 cmake/stm32cubemx/CMakeFiles/STM32_Drivers.dir/__/__/Core/Src/system_stm32f1xx.c.obj
 .debug_info    0x00000222     0x2524 cmake/stm32cubemx/CMakeFiles/STM32_Drivers.dir/__/__/Drivers/STM32F1xx_HAL_Driver/Src/stm32f1xx_hal_i2c.c.obj
 .debug_info    0x00002746      0x70b cmake/stm32cubemx/CMakeFiles/STM32_Drivers.dir/__/__/Drivers/STM32F1xx_HAL_Driver/Src/stm32f1xx_hal.c.obj
 .debug_info    0x00002e51      0x7f0 cmake/stm32cubemx/CMakeFiles/STM32_Drivers.dir/__/__/Drivers/STM32F1xx_HAL_Driver/Src/stm32f1xx_hal_rcc.c.obj
 .debug_info    0x00003641      0x5ad cmake/stm32cubemx/CMakeFiles/STM32_Drivers.dir/__/__/Drivers/STM32F1xx_HAL_Driver/Src/stm32f1xx_hal_gpio.c.obj
 .debug_info    0x00003bee      0xa87 cmake/stm32cubemx/CMakeFiles/STM32_Drivers.dir/__/__/Drivers/STM32F1xx_HAL_Driver/Src/stm32f1xx_hal_cortex.c.obj
 .debug_info    0x00004675     0x142d cmake/stm32cubemx/CMakeFiles/STM32_Drivers.dir/__/__/Drivers/STM32F1xx_HAL_Driver/Src/stm32f1xx_hal_spi.c.obj
 .debug_info    0x00005aa2     0x295d cmake/stm32cubemx/CMakeFiles/STM32_Drivers.dir/__/__/Drivers/STM32F1xx_HAL_Driver/Src/stm32f1xx_hal_tim.c.obj
 .debug_info    0x000083ff     0x14a0 cmake/stm32cubemx/CMakeFiles/STM32_Drivers.dir/__/__/Drivers/STM32F1xx_HAL_Driver/Src/stm32f1xx_hal_tim_ex.c.obj
 .debug_info    0x0000989f     0x19df CMakeFiles/Gen.dir/Core/Src/main.c.obj
 .debug_info    0x0000b27e      0x3cd CMakeFiles/Gen.dir/Core/Src/stm32f1xx_it.c.obj
 .debug_info    0x0000b64b     0x11a3 CMakeFiles/Gen.dir/Core/Src/stm32f1xx_hal_msp.c.obj
 .debug_info    0x0000c7ee       0x30 CMakeFiles/Gen.dir/startup_stm32f103xb.s.obj
 .debug_info    0x0000c81e      0x1a0 CMakeFiles/Gen.dir/Core/Lib/Src/fonts.c.obj
 .debug_info    0x0000c9be     0x106e CMakeFiles/Gen.dir/Core/Lib/Src/st7789.c.obj
 .debug_info    0x0000da2c      0x895 CMakeFiles/Gen.dir/Core/Lib/Src/eeprom.c.obj
 .debug_info    0x0000e2c1     0x148d CMakeFiles/Gen.dir/Core/Src/core.c.obj

.debug_abbrev   0x00000000     0x263c
 .debug_abbrev  0x00000000      0x13f cmake/stm32cubemx/CMakeFiles/STM32_Drivers.dir/__/__/Core/Src/system_stm32f1xx.c.obj
 .debug_abbrev  0x0000013f      0x2a3 cmake/stm32cubemx/CMakeFiles/STM32_Drivers.dir/__/__/Drivers/STM32F1xx_HAL_Driver/Src/stm32f1xx_hal_i2c.c.obj
 .debug_abbrev  0x000003e2      0x1ff cmake/stm32cubemx/CMakeFiles/STM32_Drivers.dir/__/__/Drivers/STM32F1xx_HAL_Driver/Src/stm32f1xx_hal.c.obj
 .debug_abbrev  0x000005e1      0x2b0 cmake/stm32cubemx/CMakeFiles/STM32_Drivers.dir/__/__/Drivers/STM32F1xx_HAL_Driver/Src/stm32f1xx_hal_rcc.c.obj
 .debug_abbrev  0x00000891      0x1c9 cmake/stm32cubemx/CMakeFiles/STM32_Drivers.dir/__/__/Drivers/STM32F1xx_HAL_Driver/Src/stm32f1xx_hal_gpio.c.obj
 .debug_abbrev  0x00000a5a      0x2f8 cmake/stm32cubemx/CMakeFiles/STM32_Drivers.dir/__/__/Drivers/STM32F1xx_HAL_Driver/Src/stm32f1xx_hal_cortex.c.obj
 .debug_abbrev  0x00000d52      0x27a cmake/stm32cubemx/CMakeFiles/STM32_Drivers.dir/__/__/Drivers/STM32F1xx_HAL_Driver/Src/stm32f1xx_hal_spi.c.obj
 .debug_abbrev  0x00000fcc      0x276 cmake/stm32cubemx/CMakeFiles/STM32_Drivers.dir/__/__/Drivers/STM32F1xx_HAL_Driver/Src/stm32f1xx_hal_tim.c.obj
 .debug_abbrev  0x00001242      0x281 cmake/stm32cubemx/CMakeFiles/STM32_Drivers.dir/__/__/Drivers/STM32F1xx_HAL_Driver/Src/stm32f1xx_hal_tim_ex.c.obj
 .debug_abbrev  0x000014c3      0x3a2 CMakeFiles/Gen.dir/Core/Src/main.c.obj
 .debug_abbrev  0x00001865      0x1b7 CMakeFiles/Gen.dir/Core/Src/stm32f1xx_it.c.obj
 .debug_abbrev  0x00001a1c      0x251 CMakeFiles/Gen.dir/Core/Src/stm32f1xx_hal_msp.c.obj
 .debug_abbrev  0x00001c6d       0x24 CMakeFiles/Gen.dir/startup_stm32f103xb.s.obj
 .debug_abbrev  0x00001c91       0xf4 CMakeFiles/Gen.dir/Core/Lib/Src/fonts.c.obj
 .debug_abbrev  0x00001d85      0x31a CMakeFiles/Gen.dir/Core/Lib/Src/st7789.c.obj
 .debug_abbrev  0x0000209f      0x19f CMakeFiles/Gen.dir/Core/Lib/Src/eeprom.c.obj
 .debug_abbrev  0x0000223e      0x3fe CMakeFiles/Gen.dir/Core/Src/core.c.obj

.debug_aranges  0x00000000     0x1088
 .debug_aranges
                0x00000000       0x28 cmake/stm32cubemx/CMakeFiles/STM32_Drivers.dir/__/__/Core/Src/system_stm32f1xx.c.obj
 .debug_aranges
                0x00000028      0x2a8 cmake/stm32cubemx/CMakeFiles/STM32_Drivers.dir/__/__/Drivers/STM32F1xx_HAL_Driver/Src/stm32f1xx_hal_i2c.c.obj
 .debug_aranges
                0x000002d0       0xe0 cmake/stm32cubemx/CMakeFiles/STM32_Drivers.dir/__/__/Drivers/STM32F1xx_HAL_Driver/Src/stm32f1xx_hal.c.obj
 .debug_aranges
                0x000003b0       0x90 cmake/stm32cubemx/CMakeFiles/STM32_Drivers.dir/__/__/Drivers/STM32F1xx_HAL_Driver/Src/stm32f1xx_hal_rcc.c.obj
 .debug_aranges
                0x00000440       0x58 cmake/stm32cubemx/CMakeFiles/STM32_Drivers.dir/__/__/Drivers/STM32F1xx_HAL_Driver/Src/stm32f1xx_hal_gpio.c.obj
 .debug_aranges
                0x00000498      0x100 cmake/stm32cubemx/CMakeFiles/STM32_Drivers.dir/__/__/Drivers/STM32F1xx_HAL_Driver/Src/stm32f1xx_hal_cortex.c.obj
 .debug_aranges
                0x00000598      0x1d0 cmake/stm32cubemx/CMakeFiles/STM32_Drivers.dir/__/__/Drivers/STM32F1xx_HAL_Driver/Src/stm32f1xx_hal_spi.c.obj
 .debug_aranges
                0x00000768      0x3d0 cmake/stm32cubemx/CMakeFiles/STM32_Drivers.dir/__/__/Drivers/STM32F1xx_HAL_Driver/Src/stm32f1xx_hal_tim.c.obj
 .debug_aranges
                0x00000b38      0x168 cmake/stm32cubemx/CMakeFiles/STM32_Drivers.dir/__/__/Drivers/STM32F1xx_HAL_Driver/Src/stm32f1xx_hal_tim_ex.c.obj
 .debug_aranges
                0x00000ca0       0x88 CMakeFiles/Gen.dir/Core/Src/main.c.obj
 .debug_aranges
                0x00000d28       0x80 CMakeFiles/Gen.dir/Core/Src/stm32f1xx_it.c.obj
 .debug_aranges
                0x00000da8       0x68 CMakeFiles/Gen.dir/Core/Src/stm32f1xx_hal_msp.c.obj
 .debug_aranges
                0x00000e10       0x28 CMakeFiles/Gen.dir/startup_stm32f103xb.s.obj
 .debug_aranges
                0x00000e38       0x28 CMakeFiles/Gen.dir/Core/Lib/Src/fonts.c.obj
 .debug_aranges
                0x00000e60       0xb8 CMakeFiles/Gen.dir/Core/Lib/Src/st7789.c.obj
 .debug_aranges
                0x00000f18       0x30 CMakeFiles/Gen.dir/Core/Lib/Src/eeprom.c.obj
 .debug_aranges
                0x00000f48      0x140 CMakeFiles/Gen.dir/Core/Src/core.c.obj

.debug_rnglists
                0x00000000      0xcfe
 .debug_rnglists
                0x00000000       0x1a cmake/stm32cubemx/CMakeFiles/STM32_Drivers.dir/__/__/Core/Src/system_stm32f1xx.c.obj
 .debug_rnglists
                0x0000001a      0x23c cmake/stm32cubemx/CMakeFiles/STM32_Drivers.dir/__/__/Drivers/STM32F1xx_HAL_Driver/Src/stm32f1xx_hal_i2c.c.obj
 .debug_rnglists
                0x00000256       0xa3 cmake/stm32cubemx/CMakeFiles/STM32_Drivers.dir/__/__/Drivers/STM32F1xx_HAL_Driver/Src/stm32f1xx_hal.c.obj
 .debug_rnglists
                0x000002f9       0x6c cmake/stm32cubemx/CMakeFiles/STM32_Drivers.dir/__/__/Drivers/STM32F1xx_HAL_Driver/Src/stm32f1xx_hal_rcc.c.obj
 .debug_rnglists
                0x00000365       0x3f cmake/stm32cubemx/CMakeFiles/STM32_Drivers.dir/__/__/Drivers/STM32F1xx_HAL_Driver/Src/stm32f1xx_hal_gpio.c.obj
 .debug_rnglists
                0x000003a4       0xbb cmake/stm32cubemx/CMakeFiles/STM32_Drivers.dir/__/__/Drivers/STM32F1xx_HAL_Driver/Src/stm32f1xx_hal_cortex.c.obj
 .debug_rnglists
                0x0000045f      0x16e cmake/stm32cubemx/CMakeFiles/STM32_Drivers.dir/__/__/Drivers/STM32F1xx_HAL_Driver/Src/stm32f1xx_hal_spi.c.obj
 .debug_rnglists
                0x000005cd      0x31a cmake/stm32cubemx/CMakeFiles/STM32_Drivers.dir/__/__/Drivers/STM32F1xx_HAL_Driver/Src/stm32f1xx_hal_tim.c.obj
 .debug_rnglists
                0x000008e7      0x125 cmake/stm32cubemx/CMakeFiles/STM32_Drivers.dir/__/__/Drivers/STM32F1xx_HAL_Driver/Src/stm32f1xx_hal_tim_ex.c.obj
 .debug_rnglists
                0x00000a0c       0x69 CMakeFiles/Gen.dir/Core/Src/main.c.obj
 .debug_rnglists
                0x00000a75       0x5b CMakeFiles/Gen.dir/Core/Src/stm32f1xx_it.c.obj
 .debug_rnglists
                0x00000ad0       0x4c CMakeFiles/Gen.dir/Core/Src/stm32f1xx_hal_msp.c.obj
 .debug_rnglists
                0x00000b1c       0x19 CMakeFiles/Gen.dir/startup_stm32f103xb.s.obj
 .debug_rnglists
                0x00000b35       0x1a CMakeFiles/Gen.dir/Core/Lib/Src/fonts.c.obj
 .debug_rnglists
                0x00000b4f       0x8e CMakeFiles/Gen.dir/Core/Lib/Src/st7789.c.obj
 .debug_rnglists
                0x00000bdd       0x21 CMakeFiles/Gen.dir/Core/Lib/Src/eeprom.c.obj
 .debug_rnglists
                0x00000bfe      0x100 CMakeFiles/Gen.dir/Core/Src/core.c.obj

.debug_macro    0x00000000    0x17945
 .debug_macro   0x00000000      0x1ad cmake/stm32cubemx/CMakeFiles/STM32_Drivers.dir/__/__/Core/Src/system_stm32f1xx.c.obj
 .debug_macro   0x000001ad      0xaa8 cmake/stm32cubemx/CMakeFiles/STM32_Drivers.dir/__/__/Core/Src/system_stm32f1xx.c.obj
 .debug_macro   0x00000c55       0x2e cmake/stm32cubemx/CMakeFiles/STM32_Drivers.dir/__/__/Core/Src/system_stm32f1xx.c.obj
 .debug_macro   0x00000c83       0x22 cmake/stm32cubemx/CMakeFiles/STM32_Drivers.dir/__/__/Core/Src/system_stm32f1xx.c.obj
 .debug_macro   0x00000ca5       0x22 cmake/stm32cubemx/CMakeFiles/STM32_Drivers.dir/__/__/Core/Src/system_stm32f1xx.c.obj
 .debug_macro   0x00000cc7       0x8e cmake/stm32cubemx/CMakeFiles/STM32_Drivers.dir/__/__/Core/Src/system_stm32f1xx.c.obj
 .debug_macro   0x00000d55       0x51 cmake/stm32cubemx/CMakeFiles/STM32_Drivers.dir/__/__/Core/Src/system_stm32f1xx.c.obj
 .debug_macro   0x00000da6      0x103 cmake/stm32cubemx/CMakeFiles/STM32_Drivers.dir/__/__/Core/Src/system_stm32f1xx.c.obj
 .debug_macro   0x00000ea9       0x6a cmake/stm32cubemx/CMakeFiles/STM32_Drivers.dir/__/__/Core/Src/system_stm32f1xx.c.obj
 .debug_macro   0x00000f13      0x1df cmake/stm32cubemx/CMakeFiles/STM32_Drivers.dir/__/__/Core/Src/system_stm32f1xx.c.obj
 .debug_macro   0x000010f2       0x1c cmake/stm32cubemx/CMakeFiles/STM32_Drivers.dir/__/__/Core/Src/system_stm32f1xx.c.obj
 .debug_macro   0x0000110e       0x22 cmake/stm32cubemx/CMakeFiles/STM32_Drivers.dir/__/__/Core/Src/system_stm32f1xx.c.obj
 .debug_macro   0x00001130       0xbd cmake/stm32cubemx/CMakeFiles/STM32_Drivers.dir/__/__/Core/Src/system_stm32f1xx.c.obj
 .debug_macro   0x000011ed      0xd23 cmake/stm32cubemx/CMakeFiles/STM32_Drivers.dir/__/__/Core/Src/system_stm32f1xx.c.obj
 .debug_macro   0x00001f10     0xe09e cmake/stm32cubemx/CMakeFiles/STM32_Drivers.dir/__/__/Core/Src/system_stm32f1xx.c.obj
 .debug_macro   0x0000ffae       0x6d cmake/stm32cubemx/CMakeFiles/STM32_Drivers.dir/__/__/Core/Src/system_stm32f1xx.c.obj
 .debug_macro   0x0001001b      0x221 cmake/stm32cubemx/CMakeFiles/STM32_Drivers.dir/__/__/Core/Src/system_stm32f1xx.c.obj
 .debug_macro   0x0001023c     0x34a2 cmake/stm32cubemx/CMakeFiles/STM32_Drivers.dir/__/__/Core/Src/system_stm32f1xx.c.obj
 .debug_macro   0x000136de      0x189 cmake/stm32cubemx/CMakeFiles/STM32_Drivers.dir/__/__/Core/Src/system_stm32f1xx.c.obj
 .debug_macro   0x00013867       0x5c cmake/stm32cubemx/CMakeFiles/STM32_Drivers.dir/__/__/Core/Src/system_stm32f1xx.c.obj
 .debug_macro   0x000138c3      0x5bc cmake/stm32cubemx/CMakeFiles/STM32_Drivers.dir/__/__/Core/Src/system_stm32f1xx.c.obj
 .debug_macro   0x00013e7f      0x289 cmake/stm32cubemx/CMakeFiles/STM32_Drivers.dir/__/__/Core/Src/system_stm32f1xx.c.obj
 .debug_macro   0x00014108      0x1cb cmake/stm32cubemx/CMakeFiles/STM32_Drivers.dir/__/__/Core/Src/system_stm32f1xx.c.obj
 .debug_macro   0x000142d3      0x114 cmake/stm32cubemx/CMakeFiles/STM32_Drivers.dir/__/__/Core/Src/system_stm32f1xx.c.obj
 .debug_macro   0x000143e7      0x1b2 cmake/stm32cubemx/CMakeFiles/STM32_Drivers.dir/__/__/Core/Src/system_stm32f1xx.c.obj
 .debug_macro   0x00014599       0x27 cmake/stm32cubemx/CMakeFiles/STM32_Drivers.dir/__/__/Core/Src/system_stm32f1xx.c.obj
 .debug_macro   0x000145c0      0x136 cmake/stm32cubemx/CMakeFiles/STM32_Drivers.dir/__/__/Core/Src/system_stm32f1xx.c.obj
 .debug_macro   0x000146f6      0x1bc cmake/stm32cubemx/CMakeFiles/STM32_Drivers.dir/__/__/Core/Src/system_stm32f1xx.c.obj
 .debug_macro   0x000148b2       0x34 cmake/stm32cubemx/CMakeFiles/STM32_Drivers.dir/__/__/Core/Src/system_stm32f1xx.c.obj
 .debug_macro   0x000148e6       0x3c cmake/stm32cubemx/CMakeFiles/STM32_Drivers.dir/__/__/Core/Src/system_stm32f1xx.c.obj
 .debug_macro   0x00014922       0x57 cmake/stm32cubemx/CMakeFiles/STM32_Drivers.dir/__/__/Core/Src/system_stm32f1xx.c.obj
 .debug_macro   0x00014979       0x87 cmake/stm32cubemx/CMakeFiles/STM32_Drivers.dir/__/__/Core/Src/system_stm32f1xx.c.obj
 .debug_macro   0x00014a00      0x240 cmake/stm32cubemx/CMakeFiles/STM32_Drivers.dir/__/__/Core/Src/system_stm32f1xx.c.obj
 .debug_macro   0x00014c40      0x287 cmake/stm32cubemx/CMakeFiles/STM32_Drivers.dir/__/__/Core/Src/system_stm32f1xx.c.obj
 .debug_macro   0x00014ec7      0x140 cmake/stm32cubemx/CMakeFiles/STM32_Drivers.dir/__/__/Core/Src/system_stm32f1xx.c.obj
 .debug_macro   0x00015007      0x217 cmake/stm32cubemx/CMakeFiles/STM32_Drivers.dir/__/__/Core/Src/system_stm32f1xx.c.obj
 .debug_macro   0x0001521e      0x8ed cmake/stm32cubemx/CMakeFiles/STM32_Drivers.dir/__/__/Core/Src/system_stm32f1xx.c.obj
 .debug_macro   0x00015b0b       0x83 cmake/stm32cubemx/CMakeFiles/STM32_Drivers.dir/__/__/Core/Src/system_stm32f1xx.c.obj
 .debug_macro   0x00015b8e      0x1fb cmake/stm32cubemx/CMakeFiles/STM32_Drivers.dir/__/__/Drivers/STM32F1xx_HAL_Driver/Src/stm32f1xx_hal_i2c.c.obj
 .debug_macro   0x00015d89      0x1d1 cmake/stm32cubemx/CMakeFiles/STM32_Drivers.dir/__/__/Drivers/STM32F1xx_HAL_Driver/Src/stm32f1xx_hal.c.obj
 .debug_macro   0x00015f5a      0x1bf cmake/stm32cubemx/CMakeFiles/STM32_Drivers.dir/__/__/Drivers/STM32F1xx_HAL_Driver/Src/stm32f1xx_hal_rcc.c.obj
 .debug_macro   0x00016119      0x218 cmake/stm32cubemx/CMakeFiles/STM32_Drivers.dir/__/__/Drivers/STM32F1xx_HAL_Driver/Src/stm32f1xx_hal_gpio.c.obj
 .debug_macro   0x00016331      0x1ad cmake/stm32cubemx/CMakeFiles/STM32_Drivers.dir/__/__/Drivers/STM32F1xx_HAL_Driver/Src/stm32f1xx_hal_cortex.c.obj
 .debug_macro   0x000164de      0x1b5 cmake/stm32cubemx/CMakeFiles/STM32_Drivers.dir/__/__/Drivers/STM32F1xx_HAL_Driver/Src/stm32f1xx_hal_spi.c.obj
 .debug_macro   0x00016693      0x1ae cmake/stm32cubemx/CMakeFiles/STM32_Drivers.dir/__/__/Drivers/STM32F1xx_HAL_Driver/Src/stm32f1xx_hal_tim.c.obj
 .debug_macro   0x00016841      0x1ad cmake/stm32cubemx/CMakeFiles/STM32_Drivers.dir/__/__/Drivers/STM32F1xx_HAL_Driver/Src/stm32f1xx_hal_tim_ex.c.obj
 .debug_macro   0x000169ee      0x200 CMakeFiles/Gen.dir/Core/Src/main.c.obj
 .debug_macro   0x00016bee       0x10 CMakeFiles/Gen.dir/Core/Src/main.c.obj
 .debug_macro   0x00016bfe       0x22 CMakeFiles/Gen.dir/Core/Src/main.c.obj
 .debug_macro   0x00016c20       0x10 CMakeFiles/Gen.dir/Core/Src/main.c.obj
 .debug_macro   0x00016c30      0x190 CMakeFiles/Gen.dir/Core/Src/main.c.obj
 .debug_macro   0x00016dc0       0x7c CMakeFiles/Gen.dir/Core/Src/main.c.obj
 .debug_macro   0x00016e3c      0x20a CMakeFiles/Gen.dir/Core/Src/stm32f1xx_it.c.obj
 .debug_macro   0x00017046      0x1bc CMakeFiles/Gen.dir/Core/Src/stm32f1xx_hal_msp.c.obj
 .debug_macro   0x00017202       0x73 CMakeFiles/Gen.dir/Core/Lib/Src/fonts.c.obj
 .debug_macro   0x00017275      0x284 CMakeFiles/Gen.dir/Core/Lib/Src/st7789.c.obj
 .debug_macro   0x000174f9       0x74 CMakeFiles/Gen.dir/Core/Lib/Src/st7789.c.obj
 .debug_macro   0x0001756d       0x10 CMakeFiles/Gen.dir/Core/Lib/Src/st7789.c.obj
 .debug_macro   0x0001757d       0x20 CMakeFiles/Gen.dir/Core/Lib/Src/st7789.c.obj
 .debug_macro   0x0001759d      0x1b7 CMakeFiles/Gen.dir/Core/Lib/Src/eeprom.c.obj
 .debug_macro   0x00017754      0x1f1 CMakeFiles/Gen.dir/Core/Src/core.c.obj

.debug_line     0x00000000    0x11221
 .debug_line    0x00000000      0x62e cmake/stm32cubemx/CMakeFiles/STM32_Drivers.dir/__/__/Core/Src/system_stm32f1xx.c.obj
 .debug_line    0x0000062e     0x3af8 cmake/stm32cubemx/CMakeFiles/STM32_Drivers.dir/__/__/Drivers/STM32F1xx_HAL_Driver/Src/stm32f1xx_hal_i2c.c.obj
 .debug_line    0x00004126      0x85b cmake/stm32cubemx/CMakeFiles/STM32_Drivers.dir/__/__/Drivers/STM32F1xx_HAL_Driver/Src/stm32f1xx_hal.c.obj
 .debug_line    0x00004981      0xc64 cmake/stm32cubemx/CMakeFiles/STM32_Drivers.dir/__/__/Drivers/STM32F1xx_HAL_Driver/Src/stm32f1xx_hal_rcc.c.obj
 .debug_line    0x000055e5      0x8f4 cmake/stm32cubemx/CMakeFiles/STM32_Drivers.dir/__/__/Drivers/STM32F1xx_HAL_Driver/Src/stm32f1xx_hal_gpio.c.obj
 .debug_line    0x00005ed9      0xa47 cmake/stm32cubemx/CMakeFiles/STM32_Drivers.dir/__/__/Drivers/STM32F1xx_HAL_Driver/Src/stm32f1xx_hal_cortex.c.obj
 .debug_line    0x00006920     0x1b7f cmake/stm32cubemx/CMakeFiles/STM32_Drivers.dir/__/__/Drivers/STM32F1xx_HAL_Driver/Src/stm32f1xx_hal_spi.c.obj
 .debug_line    0x0000849f     0x3380 cmake/stm32cubemx/CMakeFiles/STM32_Drivers.dir/__/__/Drivers/STM32F1xx_HAL_Driver/Src/stm32f1xx_hal_tim.c.obj
 .debug_line    0x0000b81f     0x17aa cmake/stm32cubemx/CMakeFiles/STM32_Drivers.dir/__/__/Drivers/STM32F1xx_HAL_Driver/Src/stm32f1xx_hal_tim_ex.c.obj
 .debug_line    0x0000cfc9      0xabd CMakeFiles/Gen.dir/Core/Src/main.c.obj
 .debug_line    0x0000da86      0x7ad CMakeFiles/Gen.dir/Core/Src/stm32f1xx_it.c.obj
 .debug_line    0x0000e233      0x759 CMakeFiles/Gen.dir/Core/Src/stm32f1xx_hal_msp.c.obj
 .debug_line    0x0000e98c       0x78 CMakeFiles/Gen.dir/startup_stm32f103xb.s.obj
 .debug_line    0x0000ea04      0x2b7 CMakeFiles/Gen.dir/Core/Lib/Src/fonts.c.obj
 .debug_line    0x0000ecbb      0xc63 CMakeFiles/Gen.dir/Core/Lib/Src/st7789.c.obj
 .debug_line    0x0000f91e      0x6b3 CMakeFiles/Gen.dir/Core/Lib/Src/eeprom.c.obj
 .debug_line    0x0000ffd1     0x1250 CMakeFiles/Gen.dir/Core/Src/core.c.obj

.debug_str      0x00000000    0x8c2c4
 .debug_str     0x00000000    0x844be cmake/stm32cubemx/CMakeFiles/STM32_Drivers.dir/__/__/Core/Src/system_stm32f1xx.c.obj
                              0x84800 (size before relaxing)
 .debug_str     0x000844be     0x1063 cmake/stm32cubemx/CMakeFiles/STM32_Drivers.dir/__/__/Drivers/STM32F1xx_HAL_Driver/Src/stm32f1xx_hal_i2c.c.obj
                              0x858c7 (size before relaxing)
 .debug_str     0x00085521      0x63c cmake/stm32cubemx/CMakeFiles/STM32_Drivers.dir/__/__/Drivers/STM32F1xx_HAL_Driver/Src/stm32f1xx_hal.c.obj
                              0x84f33 (size before relaxing)
 .debug_str     0x00085b5d      0x39a cmake/stm32cubemx/CMakeFiles/STM32_Drivers.dir/__/__/Drivers/STM32F1xx_HAL_Driver/Src/stm32f1xx_hal_rcc.c.obj
                              0x84c2f (size before relaxing)
 .debug_str     0x00085ef7      0x380 cmake/stm32cubemx/CMakeFiles/STM32_Drivers.dir/__/__/Drivers/STM32F1xx_HAL_Driver/Src/stm32f1xx_hal_gpio.c.obj
                              0x84b86 (size before relaxing)
 .debug_str     0x00086277      0x2d5 cmake/stm32cubemx/CMakeFiles/STM32_Drivers.dir/__/__/Drivers/STM32F1xx_HAL_Driver/Src/stm32f1xx_hal_cortex.c.obj
                              0x84e7f (size before relaxing)
 .debug_str     0x0008654c      0x72d cmake/stm32cubemx/CMakeFiles/STM32_Drivers.dir/__/__/Drivers/STM32F1xx_HAL_Driver/Src/stm32f1xx_hal_spi.c.obj
                              0x85126 (size before relaxing)
 .debug_str     0x00086c79     0x1123 cmake/stm32cubemx/CMakeFiles/STM32_Drivers.dir/__/__/Drivers/STM32F1xx_HAL_Driver/Src/stm32f1xx_hal_tim.c.obj
                              0x85c31 (size before relaxing)
 .debug_str     0x00087d9c      0x523 cmake/stm32cubemx/CMakeFiles/STM32_Drivers.dir/__/__/Drivers/STM32F1xx_HAL_Driver/Src/stm32f1xx_hal_tim_ex.c.obj
                              0x8543d (size before relaxing)
 .debug_str     0x000882bf      0xc1e CMakeFiles/Gen.dir/Core/Src/main.c.obj
                              0x86591 (size before relaxing)
 .debug_str     0x00088edd      0x159 CMakeFiles/Gen.dir/Core/Src/stm32f1xx_it.c.obj
                              0x85271 (size before relaxing)
 .debug_str     0x00089036       0x53 CMakeFiles/Gen.dir/Core/Src/stm32f1xx_hal_msp.c.obj
                              0x85557 (size before relaxing)
 .debug_str     0x00089089       0x55 CMakeFiles/Gen.dir/startup_stm32f103xb.s.obj
                                 0x84 (size before relaxing)
 .debug_str     0x000890de       0x73 CMakeFiles/Gen.dir/Core/Lib/Src/fonts.c.obj
                               0x3d46 (size before relaxing)
 .debug_str     0x00089151     0x2e27 CMakeFiles/Gen.dir/Core/Lib/Src/st7789.c.obj
                              0x87fe3 (size before relaxing)
 .debug_str     0x0008bf78      0x127 CMakeFiles/Gen.dir/Core/Lib/Src/eeprom.c.obj
                              0x84d3b (size before relaxing)
 .debug_str     0x0008c09f      0x225 CMakeFiles/Gen.dir/Core/Src/core.c.obj
                              0x8602d (size before relaxing)

.debug_line_str
                0x00000000       0x68
 .debug_line_str
                0x00000000       0x68 CMakeFiles/Gen.dir/startup_stm32f103xb.s.obj
