Archive member included to satisfy reference by file (symbol)

/home/serg50012/stm/CubeCTL/GNU-tools-for-STM32/bin/../lib/gcc/arm-none-eabi/12.3.1/../../../../arm-none-eabi/lib/thumb/v7-m/nofp/libc_nano.a(libc_a-exit.o)
                              /home/serg50012/stm/CubeCTL/GNU-tools-for-STM32/bin/../lib/gcc/arm-none-eabi/12.3.1/../../../../arm-none-eabi/lib/thumb/v7-m/nofp/crt0.o (exit)
/home/serg50012/stm/CubeCTL/GNU-tools-for-STM32/bin/../lib/gcc/arm-none-eabi/12.3.1/../../../../arm-none-eabi/lib/thumb/v7-m/nofp/libc_nano.a(libc_a-findfp.o)
                              /home/serg50012/stm/CubeCTL/GNU-tools-for-STM32/bin/../lib/gcc/arm-none-eabi/12.3.1/../../../../arm-none-eabi/lib/thumb/v7-m/nofp/libc_nano.a(libc_a-exit.o) (__stdio_exit_handler)
/home/serg50012/stm/CubeCTL/GNU-tools-for-STM32/bin/../lib/gcc/arm-none-eabi/12.3.1/../../../../arm-none-eabi/lib/thumb/v7-m/nofp/libc_nano.a(libc_a-fwalk.o)
                              /home/serg50012/stm/CubeCTL/GNU-tools-for-STM32/bin/../lib/gcc/arm-none-eabi/12.3.1/../../../../arm-none-eabi/lib/thumb/v7-m/nofp/libc_nano.a(libc_a-findfp.o) (_fwalk_sglue)
/home/serg50012/stm/CubeCTL/GNU-tools-for-STM32/bin/../lib/gcc/arm-none-eabi/12.3.1/../../../../arm-none-eabi/lib/thumb/v7-m/nofp/libc_nano.a(libc_a-stdio.o)
                              /home/serg50012/stm/CubeCTL/GNU-tools-for-STM32/bin/../lib/gcc/arm-none-eabi/12.3.1/../../../../arm-none-eabi/lib/thumb/v7-m/nofp/libc_nano.a(libc_a-findfp.o) (__sread)
/home/serg50012/stm/CubeCTL/GNU-tools-for-STM32/bin/../lib/gcc/arm-none-eabi/12.3.1/../../../../arm-none-eabi/lib/thumb/v7-m/nofp/libc_nano.a(libc_a-memset.o)
                              /home/serg50012/stm/CubeCTL/GNU-tools-for-STM32/bin/../lib/gcc/arm-none-eabi/12.3.1/../../../../arm-none-eabi/lib/thumb/v7-m/nofp/crt0.o (memset)
/home/serg50012/stm/CubeCTL/GNU-tools-for-STM32/bin/../lib/gcc/arm-none-eabi/12.3.1/../../../../arm-none-eabi/lib/thumb/v7-m/nofp/libc_nano.a(libc_a-closer.o)
                              /home/serg50012/stm/CubeCTL/GNU-tools-for-STM32/bin/../lib/gcc/arm-none-eabi/12.3.1/../../../../arm-none-eabi/lib/thumb/v7-m/nofp/libc_nano.a(libc_a-stdio.o) (_close_r)
/home/serg50012/stm/CubeCTL/GNU-tools-for-STM32/bin/../lib/gcc/arm-none-eabi/12.3.1/../../../../arm-none-eabi/lib/thumb/v7-m/nofp/libc_nano.a(libc_a-reent.o)
                              /home/serg50012/stm/CubeCTL/GNU-tools-for-STM32/bin/../lib/gcc/arm-none-eabi/12.3.1/../../../../arm-none-eabi/lib/thumb/v7-m/nofp/libc_nano.a(libc_a-closer.o) (errno)
/home/serg50012/stm/CubeCTL/GNU-tools-for-STM32/bin/../lib/gcc/arm-none-eabi/12.3.1/../../../../arm-none-eabi/lib/thumb/v7-m/nofp/libc_nano.a(libc_a-impure.o)
                              /home/serg50012/stm/CubeCTL/GNU-tools-for-STM32/bin/../lib/gcc/arm-none-eabi/12.3.1/../../../../arm-none-eabi/lib/thumb/v7-m/nofp/libc_nano.a(libc_a-reent.o) (_impure_ptr)
/home/serg50012/stm/CubeCTL/GNU-tools-for-STM32/bin/../lib/gcc/arm-none-eabi/12.3.1/../../../../arm-none-eabi/lib/thumb/v7-m/nofp/libc_nano.a(libc_a-lseekr.o)
                              /home/serg50012/stm/CubeCTL/GNU-tools-for-STM32/bin/../lib/gcc/arm-none-eabi/12.3.1/../../../../arm-none-eabi/lib/thumb/v7-m/nofp/libc_nano.a(libc_a-stdio.o) (_lseek_r)
/home/serg50012/stm/CubeCTL/GNU-tools-for-STM32/bin/../lib/gcc/arm-none-eabi/12.3.1/../../../../arm-none-eabi/lib/thumb/v7-m/nofp/libc_nano.a(libc_a-readr.o)
                              /home/serg50012/stm/CubeCTL/GNU-tools-for-STM32/bin/../lib/gcc/arm-none-eabi/12.3.1/../../../../arm-none-eabi/lib/thumb/v7-m/nofp/libc_nano.a(libc_a-stdio.o) (_read_r)
/home/serg50012/stm/CubeCTL/GNU-tools-for-STM32/bin/../lib/gcc/arm-none-eabi/12.3.1/../../../../arm-none-eabi/lib/thumb/v7-m/nofp/libc_nano.a(libc_a-writer.o)
                              /home/serg50012/stm/CubeCTL/GNU-tools-for-STM32/bin/../lib/gcc/arm-none-eabi/12.3.1/../../../../arm-none-eabi/lib/thumb/v7-m/nofp/libc_nano.a(libc_a-stdio.o) (_write_r)
/home/serg50012/stm/CubeCTL/GNU-tools-for-STM32/bin/../lib/gcc/arm-none-eabi/12.3.1/../../../../arm-none-eabi/lib/thumb/v7-m/nofp/libc_nano.a(libc_a-init.o)
                              /home/serg50012/stm/CubeCTL/GNU-tools-for-STM32/bin/../lib/gcc/arm-none-eabi/12.3.1/../../../../arm-none-eabi/lib/thumb/v7-m/nofp/crt0.o (__libc_init_array)
/home/serg50012/stm/CubeCTL/GNU-tools-for-STM32/bin/../lib/gcc/arm-none-eabi/12.3.1/../../../../arm-none-eabi/lib/thumb/v7-m/nofp/libc_nano.a(libc_a-lock.o)
                              /home/serg50012/stm/CubeCTL/GNU-tools-for-STM32/bin/../lib/gcc/arm-none-eabi/12.3.1/../../../../arm-none-eabi/lib/thumb/v7-m/nofp/libc_nano.a(libc_a-findfp.o) (__retarget_lock_init_recursive)
/home/serg50012/stm/CubeCTL/GNU-tools-for-STM32/bin/../lib/gcc/arm-none-eabi/12.3.1/../../../../arm-none-eabi/lib/thumb/v7-m/nofp/libc_nano.a(libc_a-freer.o)
[...]
Memory Configuration

Name             Origin             Length             Attributes
RAM              0x20000000         0x00005000         xrw
FLASH            0x08000000         0x00010000         xr
*default*        0x00000000         0xffffffff

Linker script and memory map

LOAD /home/serg50012/stm/CubeCTL/GNU-tools-for-STM32/bin/../lib/gcc/arm-none-eabi/12.3.1/thumb/v7-m/nofp/crti.o
LOAD /home/serg50012/stm/CubeCTL/GNU-tools-for-STM32/bin/../lib/gcc/arm-none-eabi/12.3.1/thumb/v7-m/nofp/crtbegin.o
LOAD /home/serg50012/stm/CubeCTL/GNU-tools-for-STM32/bin/../lib/gcc/arm-none-eabi/12.3.1/../../../../arm-none-eabi/lib/thumb/v7-m/nofp/crt0.o
START GROUP
LOAD /home/serg50012/stm/CubeCTL/GNU-tools-for-STM32/bin/../lib/gcc/arm-none-eabi/12.3.1/../../../../arm-none-eabi/lib/thumb/v7-m/nofp/libc_nano.a
LOAD /home/serg50012/stm/CubeCTL/GNU-tools-for-STM32/bin/../lib/gcc/arm-none-eabi/12.3.1/../../../../arm-none-eabi/lib/thumb/v7-m/nofp/libm.a
END GROUP
LOAD CMakeFiles/Gen.dir/Core/Lib/Src/fonts.c.obj
LOAD CMakeFiles/Gen.dir/Core/Lib/Src/st7789.c.obj
LOAD CMakeFiles/Gen.dir/Core/Lib/Src/eeprom.c.obj
LOAD CMakeFiles/Gen.dir/Core/Src/core.c.obj
LOAD CMakeFiles/Gen.dir/Core/Src/main.c.obj
LOAD CMakeFiles/Gen.dir/Core/Src/stm32f1xx_it.c.obj
LOAD CMakeFiles/Gen.dir/Core/Src/stm32f1xx_hal_msp.c.obj
LOAD CMakeFiles/Gen.dir/Drivers/STM32F1xx_HAL_Driver/Src/stm32f1xx_hal_gpio_ex.c.obj
LOAD CMakeFiles/Gen.dir/Drivers/STM32F1xx_HAL_Driver/Src/stm32f1xx_hal_i2c.c.obj
LOAD CMakeFiles/Gen.dir/Drivers/STM32F1xx_HAL_Driver/Src/stm32f1xx_hal.c.obj
LOAD CMakeFiles/Gen.dir/Drivers/STM32F1xx_HAL_Driver/Src/stm32f1xx_hal_rcc.c.obj
LOAD CMakeFiles/Gen.dir/Drivers/STM32F1xx_HAL_Driver/Src/stm32f1xx_hal_rcc_ex.c.obj
LOAD CMakeFiles/Gen.dir/Drivers/STM32F1xx_HAL_Driver/Src/stm32f1xx_hal_gpio.c.obj
LOAD CMakeFiles/Gen.dir/Drivers/STM32F1xx_HAL_Driver/Src/stm32f1xx_hal_dma.c.obj
LOAD CMakeFiles/Gen.dir/Drivers/STM32F1xx_HAL_Driver/Src/stm32f1xx_hal_cortex.c.obj
LOAD CMakeFiles/Gen.dir/Drivers/STM32F1xx_HAL_Driver/Src/stm32f1xx_hal_pwr.c.obj
LOAD CMakeFiles/Gen.dir/Drivers/STM32F1xx_HAL_Driver/Src/stm32f1xx_hal_flash.c.obj
LOAD CMakeFiles/Gen.dir/Drivers/STM32F1xx_HAL_Driver/Src/stm32f1xx_hal_flash_ex.c.obj
LOAD CMakeFiles/Gen.dir/Drivers/STM32F1xx_HAL_Driver/Src/stm32f1xx_hal_exti.c.obj
LOAD CMakeFiles/Gen.dir/Drivers/STM32F1xx_HAL_Driver/Src/stm32f1xx_hal_spi.c.obj
LOAD CMakeFiles/Gen.dir/Drivers/STM32F1xx_HAL_Driver/Src/stm32f1xx_hal_tim.c.obj
LOAD CMakeFiles/Gen.dir/Drivers/STM32F1xx_HAL_Driver/Src/stm32f1xx_hal_tim_ex.c.obj
LOAD CMakeFiles/Gen.dir/Core/Src/system_stm32f1xx.c.obj
LOAD CMakeFiles/Gen.dir/Core/Src/sysmem.c.obj
LOAD CMakeFiles/Gen.dir/Core/Src/syscalls.c.obj
LOAD CMakeFiles/Gen.dir/startup_stm32f103xb.s.obj
START GROUP
LOAD /home/serg50012/stm/CubeCTL/GNU-tools-for-STM32/bin/../lib/gcc/arm-none-eabi/12.3.1/thumb/v7-m/nofp/libgcc.a
LOAD /home/serg50012/stm/CubeCTL/GNU-tools-for-STM32/bin/../lib/gcc/arm-none-eabi/12.3.1/../../../../arm-none-eabi/lib/thumb/v7-m/nofp/libg_nano.a
LOAD /home/serg50012/stm/CubeCTL/GNU-tools-for-STM32/bin/../lib/gcc/arm-none-eabi/12.3.1/../../../../arm-none-eabi/lib/thumb/v7-m/nofp/libc_nano.a
END GROUP
START GROUP
LOAD /home/serg50012/stm/CubeCTL/GNU-tools-for-STM32/bin/../lib/gcc/arm-none-eabi/12.3.1/thumb/v7-m/nofp/libgcc.a
LOAD /home/serg50012/stm/CubeCTL/GNU-tools-for-STM32/bin/../lib/gcc/arm-none-eabi/12.3.1/../../../../arm-none-eabi/lib/thumb/v7-m/nofp/libc_nano.a
END GROUP
LOAD /home/serg50012/stm/CubeCTL/GNU-tools-for-STM32/bin/../lib/gcc/arm-none-eabi/12.3.1/thumb/v7-m/nofp/crtend.o
LOAD /home/serg50012/stm/CubeCTL/GNU-tools-for-STM32/bin/../lib/gcc/arm-none-eabi/12.3.1/thumb/v7-m/nofp/crtn.o
                0x20005000                        _estack = (ORIGIN (RAM) + LENGTH (RAM))
                0x00000200                        _Min_Heap_Size = 0x200
                0x00000400                        _Min_Stack_Size = 0x400

.isr_vector     0x08000000      0x10c
                0x08000000                        . = ALIGN (0x4)
 *(.isr_vector)
 .isr_vector    0x08000000      0x10c CMakeFiles/Gen.dir/startup_stm32f103xb.s.obj
                0x08000000                g_pfnVectors
                0x0800010c                        . = ALIGN (0x4)

.text           0x0800010c     0x6b18
                0x0800010c                        . = ALIGN (0x4)
 *(.text)
 .text          0x0800010c       0x40 /home/serg50012/stm/CubeCTL/GNU-tools-for-STM32/bin/../lib/gcc/arm-none-eabi/12.3.1/thumb/v7-m/nofp/crtbegin.o
 *(.text*)
 .text.memset   0x0800014c       0x10 /home/serg50012/stm/CubeCTL/GNU-tools-for-STM32/bin/../lib/gcc/arm-none-eabi/12.3.1/../../../../arm-none-eabi/lib/thumb/v7-m/nofp/libc_nano.a(libc_a-memset.o)
                0x0800014c                memset
 .text.__libc_init_array
                0x0800015c       0x48 /home/serg50012/stm/CubeCTL/GNU-tools-for-STM32/bin/../lib/gcc/arm-none-eabi/12.3.1/../../../../arm-none-eabi/lib/thumb/v7-m/nofp/libc_nano.a(libc_a-init.o)
                0x0800015c                __libc_init_array
 .text.GetFontCharWidth
                0x080001a4       0x38 CMakeFiles/Gen.dir/Core/Lib/Src/fonts.c.obj
                0x080001a4                GetFontCharWidth
 .text.GetFontCharIndex
                0x080001dc      0x106 CMakeFiles/Gen.dir/Core/Lib/Src/fonts.c.obj
                0x080001dc                GetFontCharIndex
 *fill*         0x080002e2        0x2 
 .text.ST7789_SendByte
                0x080002e4       0x2c CMakeFiles/Gen.dir/Core/Lib/Src/st7789.c.obj
 .text.ST7789_WaitLastData
                0x08000310       0x30 CMakeFiles/Gen.dir/Core/Lib/Src/st7789.c.obj
 .text.ST7789_SendCommand
                0x08000340       0x50 CMakeFiles/Gen.dir/Core/Lib/Src/st7789.c.obj
 .text.ST7789_SendData
                0x08000390       0x48 CMakeFiles/Gen.dir/Core/Lib/Src/st7789.c.obj
 .text.ST7789_SendDataMultiple
                0x080003d8       0x60 CMakeFiles/Gen.dir/Core/Lib/Src/st7789.c.obj
 .text.ST7789_SetAddressWindow
                0x08000438       0xbc CMakeFiles/Gen.dir/Core/Lib/Src/st7789.c.obj
                0x08000438                ST7789_SetAddressWindow
 .text.ST7789_SetRotation
                0x080004f4       0x58 CMakeFiles/Gen.dir/Core/Lib/Src/st7789.c.obj
                0x080004f4                ST7789_SetRotation
 .text.ST7789_Init
                0x0800054c      0x134 CMakeFiles/Gen.dir/Core/Lib/Src/st7789.c.obj
                0x0800054c                ST7789_Init
 .text.ST7789_Fill_Color
                0x08000680       0x7c CMakeFiles/Gen.dir/Core/Lib/Src/st7789.c.obj
                0x08000680                ST7789_Fill_Color
 .text.ST7789_DrawRect
                0x080006fc       0xf0 CMakeFiles/Gen.dir/Core/Lib/Src/st7789.c.obj
                0x080006fc                ST7789_DrawRect
 .text.ST7789_PrintSymbol
                0x080007ec      0x1c8 CMakeFiles/Gen.dir/Core/Lib/Src/st7789.c.obj
                0x080007ec                ST7789_PrintSymbol
 .text.ST7789_PrintStr
                0x080009b4       0x8c CMakeFiles/Gen.dir/Core/Lib/Src/st7789.c.obj
                0x080009b4                ST7789_PrintStr
 .text.ST7789_PrintCustomStr
                0x08000a40       0x9c CMakeFiles/Gen.dir/Core/Lib/Src/st7789.c.obj
                0x08000a40                ST7789_PrintCustomStr
 .text.ST7789_SetFontSize
                0x08000adc       0x24 CMakeFiles/Gen.dir/Core/Lib/Src/st7789.c.obj
                0x08000adc                ST7789_SetFontSize
 .text.EEPROM_Init
                0x08000b00       0x56 CMakeFiles/Gen.dir/Core/Lib/Src/eeprom.c.obj
                0x08000b00                EEPROM_Init
 .text.EEPROM_Write
                0x08000b56       0xc8 CMakeFiles/Gen.dir/Core/Lib/Src/eeprom.c.obj
                0x08000b56                EEPROM_Write
 .text.EEPROM_Read
                0x08000c1e       0xc8 CMakeFiles/Gen.dir/Core/Lib/Src/eeprom.c.obj
                0x08000c1e                EEPROM_Read
 *fill*         0x08000ce6        0x2 
 .text.__NVIC_EnableIRQ
                0x08000ce8       0x38 CMakeFiles/Gen.dir/Core/Src/core.c.obj
 .text.__NVIC_DisableIRQ
                0x08000d20       0x48 CMakeFiles/Gen.dir/Core/Src/core.c.obj
 .text.UpdateExternalSource
                0x08000d68       0x38 CMakeFiles/Gen.dir/Core/Src/core.c.obj
                0x08000d68                UpdateExternalSource
 .text.SetExternalSource
                0x08000da0       0x4c CMakeFiles/Gen.dir/Core/Src/core.c.obj
                0x08000da0                SetExternalSource
 .text.UnsetExternalSource
                0x08000dec       0x30 CMakeFiles/Gen.dir/Core/Src/core.c.obj
                0x08000dec                UnsetExternalSource
 .text.counted_freq_to_array
                0x08000e1c       0xd0 CMakeFiles/Gen.dir/Core/Src/core.c.obj
                0x08000e1c                counted_freq_to_array
 .text.LoadParametersFromProfile
                0x08000eec      0x164 CMakeFiles/Gen.dir/Core/Src/core.c.obj
                0x08000eec                LoadParametersFromProfile
 .text.CoreInit
                0x08001050       0xa4 CMakeFiles/Gen.dir/Core/Src/core.c.obj
                0x08001050                CoreInit
 .text.CheckParameters
                0x080010f4      0x1c0 CMakeFiles/Gen.dir/Core/Src/core.c.obj
                0x080010f4                CheckParameters
 .text.LoadParametersFromEEPROM
                0x080012b4       0xa0 CMakeFiles/Gen.dir/Core/Src/core.c.obj
                0x080012b4                LoadParametersFromEEPROM
 .text.LoadProfilesFromEEPROM
                0x08001354       0x34 CMakeFiles/Gen.dir/Core/Src/core.c.obj
                0x08001354                LoadProfilesFromEEPROM
 .text.EraseProfile
                0x08001388       0xe8 CMakeFiles/Gen.dir/Core/Src/core.c.obj
                0x08001388                EraseProfile
 .text.SaveProfile
                0x08001470       0x24 CMakeFiles/Gen.dir/Core/Src/core.c.obj
                0x08001470                SaveProfile
 .text.SetStateParameters
                0x08001494       0x44 CMakeFiles/Gen.dir/Core/Src/core.c.obj
                0x08001494                SetStateParameters
 .text.SetHZ    0x080014d8      0x174 CMakeFiles/Gen.dir/Core/Src/core.c.obj
                0x080014d8                SetHZ
 .text.SetHE    0x0800164c       0xec CMakeFiles/Gen.dir/Core/Src/core.c.obj
                0x0800164c                SetHE
 .text.SetINandLE
                0x08001738      0x1d0 CMakeFiles/Gen.dir/Core/Src/core.c.obj
                0x08001738                SetINandLE
 .text.TryToSetStateParams
                0x08001908       0x64 CMakeFiles/Gen.dir/Core/Src/core.c.obj
                0x08001908                TryToSetStateParams
 .text.SetTimers
                0x0800196c       0x14 CMakeFiles/Gen.dir/Core/Src/core.c.obj
                0x0800196c                SetTimers
 .text.LaunchTimers
                0x08001980      0x120 CMakeFiles/Gen.dir/Core/Src/core.c.obj
                0x08001980                LaunchTimers
 .text.StopTimers
                0x08001aa0       0x64 CMakeFiles/Gen.dir/Core/Src/core.c.obj
                0x08001aa0                StopTimers
 .text.PrintScreen
                0x08001b04      0x180 CMakeFiles/Gen.dir/Core/Src/core.c.obj
                0x08001b04                PrintScreen
 .text.UpdateScreenAfterUp
                0x08001c84      0x3a4 CMakeFiles/Gen.dir/Core/Src/core.c.obj
                0x08001c84                UpdateScreenAfterUp
 .text.UpdateScreenAfterDown
                0x08002028      0x300 CMakeFiles/Gen.dir/Core/Src/core.c.obj
                0x08002028                UpdateScreenAfterDown
 .text.UpdateScreenPlaceNumber
                0x08002328      0x234 CMakeFiles/Gen.dir/Core/Src/core.c.obj
                0x08002328                UpdateScreenPlaceNumber
 .text.UpdateHZScreen
                0x0800255c       0x58 CMakeFiles/Gen.dir/Core/Src/core.c.obj
                0x0800255c                UpdateHZScreen
 .text.foo1     0x080025b4       0x80 CMakeFiles/Gen.dir/Core/Src/core.c.obj
                0x080025b4                foo1
 .text.foo2     0x08002634       0x5c CMakeFiles/Gen.dir/Core/Src/core.c.obj
                0x08002634                foo2
 .text.HandleButtonLeft
                0x08002690       0xa8 CMakeFiles/Gen.dir/Core/Src/core.c.obj
                0x08002690                HandleButtonLeft
 .text.HandleButtonRight
                0x08002738       0x90 CMakeFiles/Gen.dir/Core/Src/core.c.obj
                0x08002738                HandleButtonRight
 .text.HandleButtonUp
                0x080027c8       0x5c CMakeFiles/Gen.dir/Core/Src/core.c.obj
                0x080027c8                HandleButtonUp
 .text.HandleButtonDown
                0x08002824       0x34 CMakeFiles/Gen.dir/Core/Src/core.c.obj
                0x08002824                HandleButtonDown
 .text.HandleButtonIncrease
                0x08002858      0x15c CMakeFiles/Gen.dir/Core/Src/core.c.obj
                0x08002858                HandleButtonIncrease
 .text.HandleButtonDecrease
                0x080029b4      0x15c CMakeFiles/Gen.dir/Core/Src/core.c.obj
                0x080029b4                HandleButtonDecrease
 .text.HandleButtonSave
                0x08002b10       0xf0 CMakeFiles/Gen.dir/Core/Src/core.c.obj
                0x08002b10                HandleButtonSave
 .text.HandleButtonErase
                0x08002c00       0x24 CMakeFiles/Gen.dir/Core/Src/core.c.obj
                0x08002c00                HandleButtonErase
 .text.__NVIC_EnableIRQ
                0x08002c24       0x38 CMakeFiles/Gen.dir/Core/Src/main.c.obj
 .text.main     0x08002c5c       0xa4 CMakeFiles/Gen.dir/Core/Src/main.c.obj
                0x08002c5c                main
 .text.SystemClock_Config
                0x08002d00       0x8a CMakeFiles/Gen.dir/Core/Src/main.c.obj
                0x08002d00                SystemClock_Config
 *fill*         0x08002d8a        0x2 
 .text.MX_I2C2_Init
                0x08002d8c       0x5c CMakeFiles/Gen.dir/Core/Src/main.c.obj
 .text.MX_SPI1_Init
                0x08002de8       0x6c CMakeFiles/Gen.dir/Core/Src/main.c.obj
 .text.MX_TIM1_Init
                0x08002e54      0x10c CMakeFiles/Gen.dir/Core/Src/main.c.obj
 .text.MX_TIM2_Init
                0x08002f60      0x11c CMakeFiles/Gen.dir/Core/Src/main.c.obj
 .text.MX_TIM3_Init
                0x0800307c       0x9c CMakeFiles/Gen.dir/Core/Src/main.c.obj
 .text.MX_TIM4_Init
                0x08003118      0x120 CMakeFiles/Gen.dir/Core/Src/main.c.obj
 .text.MX_GPIO_Init
                0x08003238      0x170 CMakeFiles/Gen.dir/Core/Src/main.c.obj
 .text.HAL_GPIO_EXTI_Callback
                0x080033a8      0x13c CMakeFiles/Gen.dir/Core/Src/main.c.obj
                0x080033a8                HAL_GPIO_EXTI_Callback
 .text.ToggleTimers
                0x080034e4       0x78 CMakeFiles/Gen.dir/Core/Src/main.c.obj
                0x080034e4                ToggleTimers
 .text.ToggleTimerPower
                0x0800355c       0x60 CMakeFiles/Gen.dir/Core/Src/main.c.obj
                0x0800355c                ToggleTimerPower
 .text.Error_Handler
                0x080035bc        0xc CMakeFiles/Gen.dir/Core/Src/main.c.obj
                0x080035bc                Error_Handler
 .text.NMI_Handler
                0x080035c8        0x8 CMakeFiles/Gen.dir/Core/Src/stm32f1xx_it.c.obj
                0x080035c8                NMI_Handler
 .text.HardFault_Handler
                0x080035d0        0x8 CMakeFiles/Gen.dir/Core/Src/stm32f1xx_it.c.obj
                0x080035d0                HardFault_Handler
 .text.MemManage_Handler
                0x080035d8        0x8 CMakeFiles/Gen.dir/Core/Src/stm32f1xx_it.c.obj
                0x080035d8                MemManage_Handler
 .text.BusFault_Handler
                0x080035e0        0x8 CMakeFiles/Gen.dir/Core/Src/stm32f1xx_it.c.obj
                0x080035e0                BusFault_Handler
 .text.UsageFault_Handler
                0x080035e8        0x8 CMakeFiles/Gen.dir/Core/Src/stm32f1xx_it.c.obj
                0x080035e8                UsageFault_Handler
 .text.SVC_Handler
                0x080035f0        0xc CMakeFiles/Gen.dir/Core/Src/stm32f1xx_it.c.obj
                0x080035f0                SVC_Handler
 .text.DebugMon_Handler
                0x080035fc        0xc CMakeFiles/Gen.dir/Core/Src/stm32f1xx_it.c.obj
                0x080035fc                DebugMon_Handler
 .text.PendSV_Handler
                0x08003608        0xc CMakeFiles/Gen.dir/Core/Src/stm32f1xx_it.c.obj
                0x08003608                PendSV_Handler
 .text.SysTick_Handler
                0x08003614        0xc CMakeFiles/Gen.dir/Core/Src/stm32f1xx_it.c.obj
                0x08003614                SysTick_Handler
 .text.EXTI0_IRQHandler
                0x08003620       0x54 CMakeFiles/Gen.dir/Core/Src/stm32f1xx_it.c.obj
                0x08003620                EXTI0_IRQHandler
 .text.EXTI9_5_IRQHandler
                0x08003674       0x58 CMakeFiles/Gen.dir/Core/Src/stm32f1xx_it.c.obj
                0x08003674                EXTI9_5_IRQHandler
 .text.TIM3_IRQHandler
                0x080036cc       0x48 CMakeFiles/Gen.dir/Core/Src/stm32f1xx_it.c.obj
                0x080036cc                TIM3_IRQHandler
 .text.EXTI15_10_IRQHandler
                0x08003714       0x38 CMakeFiles/Gen.dir/Core/Src/stm32f1xx_it.c.obj
                0x08003714                EXTI15_10_IRQHandler
 .text.HAL_MspInit
                0x0800374c       0x64 CMakeFiles/Gen.dir/Core/Src/stm32f1xx_hal_msp.c.obj
                0x0800374c                HAL_MspInit
 .text.HAL_I2C_MspInit
                0x080037b0       0x80 CMakeFiles/Gen.dir/Core/Src/stm32f1xx_hal_msp.c.obj
                0x080037b0                HAL_I2C_MspInit
 .text.HAL_SPI_MspInit
                0x08003830       0x7c CMakeFiles/Gen.dir/Core/Src/stm32f1xx_hal_msp.c.obj
                0x08003830                HAL_SPI_MspInit
 .text.HAL_TIM_PWM_MspInit
                0x080038ac       0x3c CMakeFiles/Gen.dir/Core/Src/stm32f1xx_hal_msp.c.obj
                0x080038ac                HAL_TIM_PWM_MspInit
 .text.HAL_TIM_Base_MspInit
                0x080038e8       0x90 CMakeFiles/Gen.dir/Core/Src/stm32f1xx_hal_msp.c.obj
                0x080038e8                HAL_TIM_Base_MspInit
 .text.HAL_TIM_MspPostInit
                0x08003978       0xe8 CMakeFiles/Gen.dir/Core/Src/stm32f1xx_hal_msp.c.obj
                0x08003978                HAL_TIM_MspPostInit
 .text.HAL_I2C_Init
                0x08003a60      0x288 CMakeFiles/Gen.dir/Drivers/STM32F1xx_HAL_Driver/Src/stm32f1xx_hal_i2c.c.obj
                0x08003a60                HAL_I2C_Init
 .text.HAL_I2C_Mem_Write
                0x08003ce8      0x1f4 CMakeFiles/Gen.dir/Drivers/STM32F1xx_HAL_Driver/Src/stm32f1xx_hal_i2c.c.obj
                0x08003ce8                HAL_I2C_Mem_Write
 .text.HAL_I2C_Mem_Read
                0x08003edc      0x4e8 CMakeFiles/Gen.dir/Drivers/STM32F1xx_HAL_Driver/Src/stm32f1xx_hal_i2c.c.obj
                0x08003edc                HAL_I2C_Mem_Read
 .text.I2C_RequestMemoryWrite
                0x080043c4      0x12c CMakeFiles/Gen.dir/Drivers/STM32F1xx_HAL_Driver/Src/stm32f1xx_hal_i2c.c.obj
 .text.I2C_RequestMemoryRead
                0x080044f0      0x1d0 CMakeFiles/Gen.dir/Drivers/STM32F1xx_HAL_Driver/Src/stm32f1xx_hal_i2c.c.obj
 .text.I2C_WaitOnFlagUntilTimeout
                0x080046c0       0xf4 CMakeFiles/Gen.dir/Drivers/STM32F1xx_HAL_Driver/Src/stm32f1xx_hal_i2c.c.obj
 .text.I2C_WaitOnMasterAddressFlagUntilTimeout
                0x080047b4      0x140 CMakeFiles/Gen.dir/Drivers/STM32F1xx_HAL_Driver/Src/stm32f1xx_hal_i2c.c.obj
 .text.I2C_WaitOnTXEFlagUntilTimeout
                0x080048f4       0x90 CMakeFiles/Gen.dir/Drivers/STM32F1xx_HAL_Driver/Src/stm32f1xx_hal_i2c.c.obj
 .text.I2C_WaitOnBTFFlagUntilTimeout
                0x08004984       0x90 CMakeFiles/Gen.dir/Drivers/STM32F1xx_HAL_Driver/Src/stm32f1xx_hal_i2c.c.obj
 .text.I2C_WaitOnRXNEFlagUntilTimeout
                0x08004a14       0xba CMakeFiles/Gen.dir/Drivers/STM32F1xx_HAL_Driver/Src/stm32f1xx_hal_i2c.c.obj
 .text.I2C_IsAcknowledgeFailed
                0x08004ace       0x5c CMakeFiles/Gen.dir/Drivers/STM32F1xx_HAL_Driver/Src/stm32f1xx_hal_i2c.c.obj
 *fill*         0x08004b2a        0x2 
 .text.HAL_Init
                0x08004b2c       0x2c CMakeFiles/Gen.dir/Drivers/STM32F1xx_HAL_Driver/Src/stm32f1xx_hal.c.obj
                0x08004b2c                HAL_Init
 .text.HAL_InitTick
                0x08004b58       0x60 CMakeFiles/Gen.dir/Drivers/STM32F1xx_HAL_Driver/Src/stm32f1xx_hal.c.obj
                0x08004b58                HAL_InitTick
 .text.HAL_IncTick
                0x08004bb8       0x24 CMakeFiles/Gen.dir/Drivers/STM32F1xx_HAL_Driver/Src/stm32f1xx_hal.c.obj
                0x08004bb8                HAL_IncTick
 .text.HAL_GetTick
                0x08004bdc       0x14 CMakeFiles/Gen.dir/Drivers/STM32F1xx_HAL_Driver/Src/stm32f1xx_hal.c.obj
                0x08004bdc                HAL_GetTick
 .text.HAL_Delay
                0x08004bf0       0x48 CMakeFiles/Gen.dir/Drivers/STM32F1xx_HAL_Driver/Src/stm32f1xx_hal.c.obj
                0x08004bf0                HAL_Delay
 .text.HAL_RCC_OscConfig
                0x08004c38      0x504 CMakeFiles/Gen.dir/Drivers/STM32F1xx_HAL_Driver/Src/stm32f1xx_hal_rcc.c.obj
                0x08004c38                HAL_RCC_OscConfig
 .text.HAL_RCC_ClockConfig
                0x0800513c      0x1d4 CMakeFiles/Gen.dir/Drivers/STM32F1xx_HAL_Driver/Src/stm32f1xx_hal_rcc.c.obj
                0x0800513c                HAL_RCC_ClockConfig
 .text.HAL_RCC_GetSysClockFreq
                0x08005310       0xa8 CMakeFiles/Gen.dir/Drivers/STM32F1xx_HAL_Driver/Src/stm32f1xx_hal_rcc.c.obj
                0x08005310                HAL_RCC_GetSysClockFreq
 .text.HAL_RCC_GetHCLKFreq
                0x080053b8       0x14 CMakeFiles/Gen.dir/Drivers/STM32F1xx_HAL_Driver/Src/stm32f1xx_hal_rcc.c.obj
                0x080053b8                HAL_RCC_GetHCLKFreq
 .text.HAL_RCC_GetPCLK1Freq
                0x080053cc       0x28 CMakeFiles/Gen.dir/Drivers/STM32F1xx_HAL_Driver/Src/stm32f1xx_hal_rcc.c.obj
                0x080053cc                HAL_RCC_GetPCLK1Freq
 .text.RCC_Delay
                0x080053f4       0x3c CMakeFiles/Gen.dir/Drivers/STM32F1xx_HAL_Driver/Src/stm32f1xx_hal_rcc.c.obj
 .text.HAL_GPIO_Init
                0x08005430      0x308 CMakeFiles/Gen.dir/Drivers/STM32F1xx_HAL_Driver/Src/stm32f1xx_hal_gpio.c.obj
                0x08005430                HAL_GPIO_Init
 .text.HAL_GPIO_ReadPin
                0x08005738       0x2e CMakeFiles/Gen.dir/Drivers/STM32F1xx_HAL_Driver/Src/stm32f1xx_hal_gpio.c.obj
                0x08005738                HAL_GPIO_ReadPin
 .text.HAL_GPIO_WritePin
                0x08005766       0x30 CMakeFiles/Gen.dir/Drivers/STM32F1xx_HAL_Driver/Src/stm32f1xx_hal_gpio.c.obj
                0x08005766                HAL_GPIO_WritePin
 *fill*         0x08005796        0x2 
 .text.HAL_GPIO_EXTI_IRQHandler
                0x08005798       0x30 CMakeFiles/Gen.dir/Drivers/STM32F1xx_HAL_Driver/Src/stm32f1xx_hal_gpio.c.obj
                0x08005798                HAL_GPIO_EXTI_IRQHandler
 .text.__NVIC_SetPriorityGrouping
                0x080057c8       0x48 CMakeFiles/Gen.dir/Drivers/STM32F1xx_HAL_Driver/Src/stm32f1xx_hal_cortex.c.obj
 .text.__NVIC_GetPriorityGrouping
                0x08005810       0x1c CMakeFiles/Gen.dir/Drivers/STM32F1xx_HAL_Driver/Src/stm32f1xx_hal_cortex.c.obj
 .text.__NVIC_SetPriority
                0x0800582c       0x54 CMakeFiles/Gen.dir/Drivers/STM32F1xx_HAL_Driver/Src/stm32f1xx_hal_cortex.c.obj
 .text.NVIC_EncodePriority
                0x08005880       0x64 CMakeFiles/Gen.dir/Drivers/STM32F1xx_HAL_Driver/Src/stm32f1xx_hal_cortex.c.obj
 .text.SysTick_Config
                0x080058e4       0x44 CMakeFiles/Gen.dir/Drivers/STM32F1xx_HAL_Driver/Src/stm32f1xx_hal_cortex.c.obj
 .text.HAL_NVIC_SetPriorityGrouping
                0x08005928       0x16 CMakeFiles/Gen.dir/Drivers/STM32F1xx_HAL_Driver/Src/stm32f1xx_hal_cortex.c.obj
                0x08005928                HAL_NVIC_SetPriorityGrouping
 .text.HAL_NVIC_SetPriority
                0x0800593e       0x38 CMakeFiles/Gen.dir/Drivers/STM32F1xx_HAL_Driver/Src/stm32f1xx_hal_cortex.c.obj
                0x0800593e                HAL_NVIC_SetPriority
 .text.HAL_SYSTICK_Config
                0x08005976       0x18 CMakeFiles/Gen.dir/Drivers/STM32F1xx_HAL_Driver/Src/stm32f1xx_hal_cortex.c.obj
                0x08005976                HAL_SYSTICK_Config
 .text.HAL_SPI_Init
                0x0800598e      0x108 CMakeFiles/Gen.dir/Drivers/STM32F1xx_HAL_Driver/Src/stm32f1xx_hal_spi.c.obj
                0x0800598e                HAL_SPI_Init
 .text.HAL_SPI_Transmit
                0x08005a96      0x288 CMakeFiles/Gen.dir/Drivers/STM32F1xx_HAL_Driver/Src/stm32f1xx_hal_spi.c.obj
                0x08005a96                HAL_SPI_Transmit
 *fill*         0x08005d1e        0x2 
 .text.SPI_WaitFlagStateUntilTimeout
                0x08005d20      0x110 CMakeFiles/Gen.dir/Drivers/STM32F1xx_HAL_Driver/Src/stm32f1xx_hal_spi.c.obj
 .text.SPI_EndRxTxTransaction
                0x08005e30       0x62 CMakeFiles/Gen.dir/Drivers/STM32F1xx_HAL_Driver/Src/stm32f1xx_hal_spi.c.obj
 .text.HAL_TIM_Base_Init
                0x08005e92       0x9e CMakeFiles/Gen.dir/Drivers/STM32F1xx_HAL_Driver/Src/stm32f1xx_hal_tim.c.obj
                0x08005e92                HAL_TIM_Base_Init
 .text.HAL_TIM_PWM_Init
                0x08005f30       0x9e CMakeFiles/Gen.dir/Drivers/STM32F1xx_HAL_Driver/Src/stm32f1xx_hal_tim.c.obj
                0x08005f30                HAL_TIM_PWM_Init
 .text.HAL_TIM_OnePulse_Init
                0x08005fce       0xa0 CMakeFiles/Gen.dir/Drivers/STM32F1xx_HAL_Driver/Src/stm32f1xx_hal_tim.c.obj
                0x08005fce                HAL_TIM_OnePulse_Init
 .text.HAL_TIM_OnePulse_MspInit
                0x0800606e       0x12 CMakeFiles/Gen.dir/Drivers/STM32F1xx_HAL_Driver/Src/stm32f1xx_hal_tim.c.obj
                0x0800606e                HAL_TIM_OnePulse_MspInit
 .text.HAL_TIM_PWM_ConfigChannel
                0x08006080      0x184 CMakeFiles/Gen.dir/Drivers/STM32F1xx_HAL_Driver/Src/stm32f1xx_hal_tim.c.obj
                0x08006080                HAL_TIM_PWM_ConfigChannel
 .text.HAL_TIM_ConfigClockSource
                0x08006204      0x18e CMakeFiles/Gen.dir/Drivers/STM32F1xx_HAL_Driver/Src/stm32f1xx_hal_tim.c.obj
                0x08006204                HAL_TIM_ConfigClockSource
 .text.HAL_TIM_SlaveConfigSynchro
                0x08006392       0x84 CMakeFiles/Gen.dir/Drivers/STM32F1xx_HAL_Driver/Src/stm32f1xx_hal_tim.c.obj
                0x08006392                HAL_TIM_SlaveConfigSynchro
 *fill*         0x08006416        0x2 
 .text.TIM_Base_SetConfig
                0x08006418       0xdc CMakeFiles/Gen.dir/Drivers/STM32F1xx_HAL_Driver/Src/stm32f1xx_hal_tim.c.obj
                0x08006418                TIM_Base_SetConfig
 .text.TIM_OC1_SetConfig
                0x080064f4       0xcc CMakeFiles/Gen.dir/Drivers/STM32F1xx_HAL_Driver/Src/stm32f1xx_hal_tim.c.obj
 .text.TIM_OC2_SetConfig
                0x080065c0       0xd4 CMakeFiles/Gen.dir/Drivers/STM32F1xx_HAL_Driver/Src/stm32f1xx_hal_tim.c.obj
                0x080065c0                TIM_OC2_SetConfig
 .text.TIM_OC3_SetConfig
                0x08006694       0xd4 CMakeFiles/Gen.dir/Drivers/STM32F1xx_HAL_Driver/Src/stm32f1xx_hal_tim.c.obj
 .text.TIM_OC4_SetConfig
                0x08006768       0x9c CMakeFiles/Gen.dir/Drivers/STM32F1xx_HAL_Driver/Src/stm32f1xx_hal_tim.c.obj
 .text.TIM_SlaveTimer_SetConfig
                0x08006804      0x122 CMakeFiles/Gen.dir/Drivers/STM32F1xx_HAL_Driver/Src/stm32f1xx_hal_tim.c.obj
 .text.TIM_TI1_ConfigInputStage
                0x08006926       0x5c CMakeFiles/Gen.dir/Drivers/STM32F1xx_HAL_Driver/Src/stm32f1xx_hal_tim.c.obj
 .text.TIM_TI2_ConfigInputStage
                0x08006982       0x5e CMakeFiles/Gen.dir/Drivers/STM32F1xx_HAL_Driver/Src/stm32f1xx_hal_tim.c.obj
 .text.TIM_ITRx_SetConfig
                0x080069e0       0x34 CMakeFiles/Gen.dir/Drivers/STM32F1xx_HAL_Driver/Src/stm32f1xx_hal_tim.c.obj
 .text.TIM_ETR_SetConfig
                0x08006a14       0x3e CMakeFiles/Gen.dir/Drivers/STM32F1xx_HAL_Driver/Src/stm32f1xx_hal_tim.c.obj
                0x08006a14                TIM_ETR_SetConfig
 *fill*         0x08006a52        0x2 
 .text.HAL_TIMEx_MasterConfigSynchronization
                0x08006a54       0xbc CMakeFiles/Gen.dir/Drivers/STM32F1xx_HAL_Driver/Src/stm32f1xx_hal_tim_ex.c.obj
                0x08006a54                HAL_TIMEx_MasterConfigSynchronization
 .text.HAL_TIMEx_ConfigBreakDeadTime
                0x08006b10       0xa2 CMakeFiles/Gen.dir/Drivers/STM32F1xx_HAL_Driver/Src/stm32f1xx_hal_tim_ex.c.obj
                0x08006b10                HAL_TIMEx_ConfigBreakDeadTime
 .text.SystemInit
                0x08006bb2        0xc CMakeFiles/Gen.dir/Core/Src/system_stm32f1xx.c.obj
                0x08006bb2                SystemInit
 *fill*         0x08006bbe        0x2 
 .text.Reset_Handler
                0x08006bc0       0x48 CMakeFiles/Gen.dir/startup_stm32f103xb.s.obj
                0x08006bc0                Reset_Handler
 .text.Default_Handler
                0x08006c08        0x2 CMakeFiles/Gen.dir/startup_stm32f103xb.s.obj
                0x08006c08                RTC_Alarm_IRQHandler
                0x08006c08                EXTI2_IRQHandler
                0x08006c08                TIM1_CC_IRQHandler
                0x08006c08                PVD_IRQHandler
                0x08006c08                EXTI3_IRQHandler
                0x08006c08                I2C2_EV_IRQHandler
                0x08006c08                ADC1_2_IRQHandler
                0x08006c08                SPI1_IRQHandler
                0x08006c08                TAMPER_IRQHandler
                0x08006c08                DMA1_Channel4_IRQHandler
                0x08006c08                USART3_IRQHandler
                0x08006c08                RTC_IRQHandler
                0x08006c08                DMA1_Channel7_IRQHandler
                0x08006c08                CAN1_RX1_IRQHandler
                0x08006c08                TIM4_IRQHandler
                0x08006c08                I2C1_EV_IRQHandler
                0x08006c08                DMA1_Channel6_IRQHandler
                0x08006c08                RCC_IRQHandler
                0x08006c08                TIM1_TRG_COM_IRQHandler
                0x08006c08                DMA1_Channel1_IRQHandler
                0x08006c08                Default_Handler
                0x08006c08                SPI2_IRQHandler
                0x08006c08                DMA1_Channel5_IRQHandler
                0x08006c08                EXTI4_IRQHandler
                0x08006c08                USB_LP_CAN1_RX0_IRQHandler
                0x08006c08                USB_HP_CAN1_TX_IRQHandler
                0x08006c08                DMA1_Channel3_IRQHandler
                0x08006c08                TIM1_UP_IRQHandler
                0x08006c08                WWDG_IRQHandler
                0x08006c08                TIM2_IRQHandler
                0x08006c08                TIM1_BRK_IRQHandler
                0x08006c08                EXTI1_IRQHandler
                0x08006c08                USART2_IRQHandler
                0x08006c08                I2C2_ER_IRQHandler
                0x08006c08                DMA1_Channel2_IRQHandler
                0x08006c08                CAN1_SCE_IRQHandler
                0x08006c08                FLASH_IRQHandler
                0x08006c08                USART1_IRQHandler
                0x08006c08                I2C1_ER_IRQHandler
                0x08006c08                USBWakeUp_IRQHandler
 *(.glue_7)
 .glue_7        0x08006c0a        0x0 linker stubs
 *(.glue_7t)
 .glue_7t       0x08006c0a        0x0 linker stubs
 *(.eh_frame)
 *fill*         0x08006c0a        0x2 
 .eh_frame      0x08006c0c        0x0 /home/serg50012/stm/CubeCTL/GNU-tools-for-STM32/bin/../lib/gcc/arm-none-eabi/12.3.1/thumb/v7-m/nofp/crtbegin.o
 *(.init)
 .init          0x08006c0c        0x4 /home/serg50012/stm/CubeCTL/GNU-tools-for-STM32/bin/../lib/gcc/arm-none-eabi/12.3.1/thumb/v7-m/nofp/crti.o
                0x08006c0c                _init
 .init          0x08006c10        0x8 /home/serg50012/stm/CubeCTL/GNU-tools-for-STM32/bin/../lib/gcc/arm-none-eabi/12.3.1/thumb/v7-m/nofp/crtn.o
 *(.fini)
 .fini          0x08006c18        0x4 /home/serg50012/stm/CubeCTL/GNU-tools-for-STM32/bin/../lib/gcc/arm-none-eabi/12.3.1/thumb/v7-m/nofp/crti.o
                0x08006c18                _fini
 .fini          0x08006c1c        0x8 /home/serg50012/stm/CubeCTL/GNU-tools-for-STM32/bin/../lib/gcc/arm-none-eabi/12.3.1/thumb/v7-m/nofp/crtn.o
                0x08006c24                        . = ALIGN (0x4)
                0x08006c24                        _etext = .

.vfp11_veneer   0x08006c24        0x0
 .vfp11_veneer  0x08006c24        0x0 linker stubs

.v4_bx          0x08006c24        0x0
 .v4_bx         0x08006c24        0x0 linker stubs

.iplt           0x08006c24        0x0
 .iplt          0x08006c24        0x0 /home/serg50012/stm/CubeCTL/GNU-tools-for-STM32/bin/../lib/gcc/arm-none-eabi/12.3.1/thumb/v7-m/nofp/crtbegin.o

.rodata         0x08006c24      0x468
                0x08006c24                        . = ALIGN (0x4)
 *(.rodata)
 .rodata        0x08006c24       0x26 CMakeFiles/Gen.dir/Core/Lib/Src/st7789.c.obj
 *fill*         0x08006c4a        0x2 
 .rodata        0x08006c4c       0x3a CMakeFiles/Gen.dir/Core/Src/core.c.obj
 *(.rodata*)
 *fill*         0x08006c86        0x2 
 .rodata.FONT_DATA
                0x08006c88      0x28c CMakeFiles/Gen.dir/Core/Lib/Src/fonts.c.obj
                0x08006c88                FONT_DATA
 .rodata.FONT_CHAR_INFO
                0x08006f14      0x140 CMakeFiles/Gen.dir/Core/Lib/Src/fonts.c.obj
                0x08006f14                FONT_CHAR_INFO
 .rodata.fraction_ticks
                0x08007054        0xa CMakeFiles/Gen.dir/Core/Src/core.c.obj
                0x08007054                fraction_ticks
 *fill*         0x0800705e        0x2 
 .rodata.aPLLMULFactorTable.1
                0x08007060       0x10 CMakeFiles/Gen.dir/Drivers/STM32F1xx_HAL_Driver/Src/stm32f1xx_hal_rcc.c.obj
 .rodata.aPredivFactorTable.0
                0x08007070        0x2 CMakeFiles/Gen.dir/Drivers/STM32F1xx_HAL_Driver/Src/stm32f1xx_hal_rcc.c.obj
 *fill*         0x08007072        0x2 
 .rodata.AHBPrescTable
                0x08007074       0x10 CMakeFiles/Gen.dir/Core/Src/system_stm32f1xx.c.obj
                0x08007074                AHBPrescTable
 .rodata.APBPrescTable
                0x08007084        0x8 CMakeFiles/Gen.dir/Core/Src/system_stm32f1xx.c.obj
                0x08007084                APBPrescTable
                0x0800708c                        . = ALIGN (0x4)

.rel.dyn        0x0800708c        0x0
 .rel.iplt      0x0800708c        0x0 /home/serg50012/stm/CubeCTL/GNU-tools-for-STM32/bin/../lib/gcc/arm-none-eabi/12.3.1/thumb/v7-m/nofp/crtbegin.o

.ARM.extab
 *(.ARM.extab* .gnu.linkonce.armextab.*)

.ARM            0x0800708c        0x0
                0x0800708c                        __exidx_start = .
 *(.ARM.exidx*)
                0x0800708c                        __exidx_end = .

.preinit_array  0x0800708c        0x0
                0x0800708c                        PROVIDE (__preinit_array_start = .)
 *(.preinit_array*)
                0x0800708c                        PROVIDE (__preinit_array_end = .)

.init_array     0x0800708c        0x4
                0x0800708c                        PROVIDE (__init_array_start = .)
 *(SORT_BY_NAME(.init_array.*))
 *(.init_array*)
 .init_array    0x0800708c        0x4 /home/serg50012/stm/CubeCTL/GNU-tools-for-STM32/bin/../lib/gcc/arm-none-eabi/12.3.1/thumb/v7-m/nofp/crtbegin.o
                0x08007090                        PROVIDE (__init_array_end = .)

.fini_array     0x08007090        0x4
                [!provide]                        PROVIDE (__fini_array_start = .)
 *(SORT_BY_NAME(.fini_array.*))
 *(.fini_array*)
 .fini_array    0x08007090        0x4 /home/serg50012/stm/CubeCTL/GNU-tools-for-STM32/bin/../lib/gcc/arm-none-eabi/12.3.1/thumb/v7-m/nofp/crtbegin.o
                [!provide]                        PROVIDE (__fini_array_end = .)
                0x08007094                        _sidata = LOADADDR (.data)

.data           0x20000000       0x10 load address 0x08007094
                0x20000000                        . = ALIGN (0x4)
                0x20000000                        _sdata = .
 *(.data)
 *(.data*)
 .data.CurrentFontSize
                0x20000000        0x1 CMakeFiles/Gen.dir/Core/Lib/Src/st7789.c.obj
 .data.State    0x20000001        0x1 CMakeFiles/Gen.dir/Core/Src/core.c.obj
                0x20000001                State
 *fill*         0x20000002        0x2 
 .data.uwTickPrio
                0x20000004        0x4 CMakeFiles/Gen.dir/Drivers/STM32F1xx_HAL_Driver/Src/stm32f1xx_hal.c.obj
                0x20000004                uwTickPrio
 .data.uwTickFreq
                0x20000008        0x1 CMakeFiles/Gen.dir/Drivers/STM32F1xx_HAL_Driver/Src/stm32f1xx_hal.c.obj
                0x20000008                uwTickFreq
 *fill*         0x20000009        0x3 
 .data.SystemCoreClock
                0x2000000c        0x4 CMakeFiles/Gen.dir/Core/Src/system_stm32f1xx.c.obj
                0x2000000c                SystemCoreClock
                0x20000010                        . = ALIGN (0x4)
                0x20000010                        _edata = .

.igot.plt       0x20000010        0x0 load address 0x080070a4
 .igot.plt      0x20000010        0x0 /home/serg50012/stm/CubeCTL/GNU-tools-for-STM32/bin/../lib/gcc/arm-none-eabi/12.3.1/thumb/v7-m/nofp/crtbegin.o
                0x20000010                        . = ALIGN (0x4)

.bss            0x20000010      0x264 load address 0x080070a4
                0x20000010                        _sbss = .
                0x20000010                        __bss_start__ = _sbss
 *(.bss)
 .bss           0x20000010       0x1c /home/serg50012/stm/CubeCTL/GNU-tools-for-STM32/bin/../lib/gcc/arm-none-eabi/12.3.1/thumb/v7-m/nofp/crtbegin.o
 *(.bss*)
 .bss.CurrentRow
                0x2000002c        0x2 CMakeFiles/Gen.dir/Core/Lib/Src/st7789.c.obj
 .bss.CurrentCol
                0x2000002e        0x2 CMakeFiles/Gen.dir/Core/Lib/Src/st7789.c.obj
 .bss.ParametersBuffer
                0x20000030       0x10 CMakeFiles/Gen.dir/Core/Src/core.c.obj
                0x20000030                ParametersBuffer
 .bss.StateParamsError
                0x20000040        0x1 CMakeFiles/Gen.dir/Core/Src/core.c.obj
                0x20000040                StateParamsError
 .bss.StateLoadError
                0x20000041        0x1 CMakeFiles/Gen.dir/Core/Src/core.c.obj
                0x20000041                StateLoadError
 .bss.TimersEnabled
                0x20000042        0x1 CMakeFiles/Gen.dir/Core/Src/core.c.obj
                0x20000042                TimersEnabled
 *fill*         0x20000043        0x1 
 .bss.FreqArray
                0x20000044        0x4 CMakeFiles/Gen.dir/Core/Src/core.c.obj
                0x20000044                FreqArray
 .bss.HEArray   0x20000048        0x4 CMakeFiles/Gen.dir/Core/Src/core.c.obj
                0x20000048                HEArray
 .bss.LEArray   0x2000004c        0x4 CMakeFiles/Gen.dir/Core/Src/core.c.obj
                0x2000004c                LEArray
 .bss.INArray   0x20000050        0x4 CMakeFiles/Gen.dir/Core/Src/core.c.obj
                0x20000050                INArray
 .bss.PlaceNumber
                0x20000054        0x1 CMakeFiles/Gen.dir/Core/Src/core.c.obj
                0x20000054                PlaceNumber
 .bss.LastPlaceNumber
                0x20000055        0x1 CMakeFiles/Gen.dir/Core/Src/core.c.obj
                0x20000055                LastPlaceNumber
 *fill*         0x20000056        0x2 
 .bss.eeprom    0x20000058       0x10 CMakeFiles/Gen.dir/Core/Src/core.c.obj
                0x20000058                eeprom
 .bss.phi2c2    0x20000068        0x4 CMakeFiles/Gen.dir/Core/Src/core.c.obj
                0x20000068                phi2c2
 .bss.phtim1    0x2000006c        0x4 CMakeFiles/Gen.dir/Core/Src/core.c.obj
                0x2000006c                phtim1
 .bss.phtim2    0x20000070        0x4 CMakeFiles/Gen.dir/Core/Src/core.c.obj
                0x20000070                phtim2
 .bss.phtim4    0x20000074        0x4 CMakeFiles/Gen.dir/Core/Src/core.c.obj
                0x20000074                phtim4
 .bss.ValueChanged
                0x20000078        0x1 CMakeFiles/Gen.dir/Core/Src/core.c.obj
                0x20000078                ValueChanged
 *fill*         0x20000079        0x1 
 .bss.CurrentStateColor
                0x2000007a        0x2 CMakeFiles/Gen.dir/Core/Src/core.c.obj
                0x2000007a                CurrentStateColor
 .bss.DefaultFontColor
                0x2000007c        0x2 CMakeFiles/Gen.dir/Core/Src/core.c.obj
                0x2000007c                DefaultFontColor
 .bss.Profile   0x2000007e        0x1 CMakeFiles/Gen.dir/Core/Src/core.c.obj
                0x2000007e                Profile
 *fill*         0x2000007f        0x1 
 .bss.pulse_count
                0x20000080        0x4 CMakeFiles/Gen.dir/Core/Src/core.c.obj
                0x20000080                pulse_count
 .bss.counted_freq
                0x20000084        0x4 CMakeFiles/Gen.dir/Core/Src/core.c.obj
                0x20000084                counted_freq
 .bss.last_counted_freq
                0x20000088        0x4 CMakeFiles/Gen.dir/Core/Src/core.c.obj
                0x20000088                last_counted_freq
 .bss.IsExternalSource
                0x2000008c        0x1 CMakeFiles/Gen.dir/Core/Src/core.c.obj
                0x2000008c                IsExternalSource
 *fill*         0x2000008d        0x3 
 .bss.hi2c2     0x20000090       0x54 CMakeFiles/Gen.dir/Core/Src/main.c.obj
                0x20000090                hi2c2
 .bss.hspi1     0x200000e4       0x58 CMakeFiles/Gen.dir/Core/Src/main.c.obj
                0x200000e4                hspi1
 .bss.htim1     0x2000013c       0x48 CMakeFiles/Gen.dir/Core/Src/main.c.obj
                0x2000013c                htim1
 .bss.htim2     0x20000184       0x48 CMakeFiles/Gen.dir/Core/Src/main.c.obj
                0x20000184                htim2
 .bss.htim3     0x200001cc       0x48 CMakeFiles/Gen.dir/Core/Src/main.c.obj
                0x200001cc                htim3
 .bss.htim4     0x20000214       0x48 CMakeFiles/Gen.dir/Core/Src/main.c.obj
                0x20000214                htim4
 .bss.last_tick
                0x2000025c        0x4 CMakeFiles/Gen.dir/Core/Src/main.c.obj
                0x2000025c                last_tick
 .bss.current_button_tick
                0x20000260        0x4 CMakeFiles/Gen.dir/Core/Src/main.c.obj
                0x20000260                current_button_tick
 .bss.last_tick_2
                0x20000264        0x4 CMakeFiles/Gen.dir/Core/Src/main.c.obj
                0x20000264                last_tick_2
 .bss.last_tick_3
                0x20000268        0x4 CMakeFiles/Gen.dir/Core/Src/main.c.obj
                0x20000268                last_tick_3
 .bss.button_flag
                0x2000026c        0x1 CMakeFiles/Gen.dir/Core/Src/main.c.obj
                0x2000026c                button_flag
 *fill*         0x2000026d        0x3 
 .bss.uwTick    0x20000270        0x4 CMakeFiles/Gen.dir/Drivers/STM32F1xx_HAL_Driver/Src/stm32f1xx_hal.c.obj
                0x20000270                uwTick
 *(COMMON)
                0x20000274                        . = ALIGN (0x4)
                0x20000274                        _ebss = .
                0x20000274                        __bss_end__ = _ebss

._user_heap_stack
                0x20000274      0x604 load address 0x080070a4
                0x20000278                        . = ALIGN (0x8)
 *fill*         0x20000274        0x4 
                [!provide]                        PROVIDE (end = .)
                0x20000278                        PROVIDE (_end = .)
                0x20000478                        . = (. + _Min_Heap_Size)
 *fill*         0x20000278      0x200 
                0x20000878                        . = (. + _Min_Stack_Size)
 *fill*         0x20000478      0x400 
                0x20000878                        . = ALIGN (0x8)

/DISCARD/
 libc.a(*)
 libm.a(*)
 libgcc.a(*)
OUTPUT(Gen.elf elf32-littlearm)
LOAD linker stubs
LOAD /home/serg50012/stm/CubeCTL/GNU-tools-for-STM32/bin/../lib/gcc/arm-none-eabi/12.3.1/../../../../arm-none-eabi/lib/thumb/v7-m/nofp/libc.a
LOAD /home/serg50012/stm/CubeCTL/GNU-tools-for-STM32/bin/../lib/gcc/arm-none-eabi/12.3.1/../../../../arm-none-eabi/lib/thumb/v7-m/nofp/libm.a
LOAD /home/serg50012/stm/CubeCTL/GNU-tools-for-STM32/bin/../lib/gcc/arm-none-eabi/12.3.1/thumb/v7-m/nofp/libgcc.a

.ARM.attributes
                0x00000000       0x29
 .ARM.attributes
                0x00000000       0x1d /home/serg50012/stm/CubeCTL/GNU-tools-for-STM32/bin/../lib/gcc/arm-none-eabi/12.3.1/thumb/v7-m/nofp/crti.o
 .ARM.attributes
                0x0000001d       0x2d /home/serg50012/stm/CubeCTL/GNU-tools-for-STM32/bin/../lib/gcc/arm-none-eabi/12.3.1/thumb/v7-m/nofp/crtbegin.o
 .ARM.attributes
                0x0000004a       0x2d /home/serg50012/stm/CubeCTL/GNU-tools-for-STM32/bin/../lib/gcc/arm-none-eabi/12.3.1/../../../../arm-none-eabi/lib/thumb/v7-m/nofp/libc_nano.a(libc_a-memset.o)
 .ARM.attributes
                0x00000077       0x2d /home/serg50012/stm/CubeCTL/GNU-tools-for-STM32/bin/../lib/gcc/arm-none-eabi/12.3.1/../../../../arm-none-eabi/lib/thumb/v7-m/nofp/libc_nano.a(libc_a-init.o)
 .ARM.attributes
                0x000000a4       0x2d CMakeFiles/Gen.dir/Core/Lib/Src/fonts.c.obj
 .ARM.attributes
                0x000000d1       0x2d CMakeFiles/Gen.dir/Core/Lib/Src/st7789.c.obj
 .ARM.attributes
                0x000000fe       0x2d CMakeFiles/Gen.dir/Core/Lib/Src/eeprom.c.obj
 .ARM.attributes
                0x0000012b       0x2d CMakeFiles/Gen.dir/Core/Src/core.c.obj
 .ARM.attributes
                0x00000158       0x2d CMakeFiles/Gen.dir/Core/Src/main.c.obj
 .ARM.attributes
                0x00000185       0x2d CMakeFiles/Gen.dir/Core/Src/stm32f1xx_it.c.obj
 .ARM.attributes
                0x000001b2       0x2d CMakeFiles/Gen.dir/Core/Src/stm32f1xx_hal_msp.c.obj
 .ARM.attributes
                0x000001df       0x2d CMakeFiles/Gen.dir/Drivers/STM32F1xx_HAL_Driver/Src/stm32f1xx_hal_i2c.c.obj
 .ARM.attributes
                0x0000020c       0x2d CMakeFiles/Gen.dir/Drivers/STM32F1xx_HAL_Driver/Src/stm32f1xx_hal.c.obj
 .ARM.attributes
                0x00000239       0x2d CMakeFiles/Gen.dir/Drivers/STM32F1xx_HAL_Driver/Src/stm32f1xx_hal_rcc.c.obj
 .ARM.attributes
                0x00000266       0x2d CMakeFiles/Gen.dir/Drivers/STM32F1xx_HAL_Driver/Src/stm32f1xx_hal_gpio.c.obj
 .ARM.attributes
                0x00000293       0x2d CMakeFiles/Gen.dir/Drivers/STM32F1xx_HAL_Driver/Src/stm32f1xx_hal_cortex.c.obj
 .ARM.attributes
                0x000002c0       0x2d CMakeFiles/Gen.dir/Drivers/STM32F1xx_HAL_Driver/Src/stm32f1xx_hal_spi.c.obj
 .ARM.attributes
                0x000002ed       0x2d CMakeFiles/Gen.dir/Drivers/STM32F1xx_HAL_Driver/Src/stm32f1xx_hal_tim.c.obj
 .ARM.attributes
                0x0000031a       0x2d CMakeFiles/Gen.dir/Drivers/STM32F1xx_HAL_Driver/Src/stm32f1xx_hal_tim_ex.c.obj
 .ARM.attributes
                0x00000347       0x2d CMakeFiles/Gen.dir/Core/Src/system_stm32f1xx.c.obj
 .ARM.attributes
                0x00000374       0x21 CMakeFiles/Gen.dir/startup_stm32f103xb.s.obj
 .ARM.attributes
                0x00000395       0x1d /home/serg50012/stm/CubeCTL/GNU-tools-for-STM32/bin/../lib/gcc/arm-none-eabi/12.3.1/thumb/v7-m/nofp/crtn.o

.comment        0x00000000       0x43
 .comment       0x00000000       0x43 CMakeFiles/Gen.dir/Core/Lib/Src/fonts.c.obj
                                 0x44 (size before relaxing)
 .comment       0x00000043       0x44 CMakeFiles/Gen.dir/Core/Lib/Src/st7789.c.obj
 .comment       0x00000043       0x44 CMakeFiles/Gen.dir/Core/Lib/Src/eeprom.c.obj
 .comment       0x00000043       0x44 CMakeFiles/Gen.dir/Core/Src/core.c.obj
 .comment       0x00000043       0x44 CMakeFiles/Gen.dir/Core/Src/main.c.obj
 .comment       0x00000043       0x44 CMakeFiles/Gen.dir/Core/Src/stm32f1xx_it.c.obj
 .comment       0x00000043       0x44 CMakeFiles/Gen.dir/Core/Src/stm32f1xx_hal_msp.c.obj
 .comment       0x00000043       0x44 CMakeFiles/Gen.dir/Drivers/STM32F1xx_HAL_Driver/Src/stm32f1xx_hal_i2c.c.obj
 .comment       0x00000043       0x44 CMakeFiles/Gen.dir/Drivers/STM32F1xx_HAL_Driver/Src/stm32f1xx_hal.c.obj
 .comment       0x00000043       0x44 CMakeFiles/Gen.dir/Drivers/STM32F1xx_HAL_Driver/Src/stm32f1xx_hal_rcc.c.obj
 .comment       0x00000043       0x44 CMakeFiles/Gen.dir/Drivers/STM32F1xx_HAL_Driver/Src/stm32f1xx_hal_gpio.c.obj
 .comment       0x00000043       0x44 CMakeFiles/Gen.dir/Drivers/STM32F1xx_HAL_Driver/Src/stm32f1xx_hal_cortex.c.obj
 .comment       0x00000043       0x44 CMakeFiles/Gen.dir/Drivers/STM32F1xx_HAL_Driver/Src/stm32f1xx_hal_spi.c.obj
 .comment       0x00000043       0x44 CMakeFiles/Gen.dir/Drivers/STM32F1xx_HAL_Driver/Src/stm32f1xx_hal_tim.c.obj
 .comment       0x00000043       0x44 CMakeFiles/Gen.dir/Drivers/STM32F1xx_HAL_Driver/Src/stm32f1xx_hal_tim_ex.c.obj
 .comment       0x00000043       0x44 CMakeFiles/Gen.dir/Core/Src/system_stm32f1xx.c.obj

.debug_frame    0x00000000     0x45bc
 .debug_frame   0x00000000       0x20 /home/serg50012/stm/CubeCTL/GNU-tools-for-STM32/bin/../lib/gcc/arm-none-eabi/12.3.1/../../../../arm-none-eabi/lib/thumb/v7-m/nofp/libc_nano.a(libc_a-memset.o)
 .debug_frame   0x00000020       0x2c /home/serg50012/stm/CubeCTL/GNU-tools-for-STM32/bin/../lib/gcc/arm-none-eabi/12.3.1/../../../../arm-none-eabi/lib/thumb/v7-m/nofp/libc_nano.a(libc_a-init.o)
 .debug_frame   0x0000004c       0x5c CMakeFiles/Gen.dir/Core/Lib/Src/fonts.c.obj
 .debug_frame   0x000000a8      0x2f4 CMakeFiles/Gen.dir/Core/Lib/Src/st7789.c.obj
 .debug_frame   0x0000039c       0x90 CMakeFiles/Gen.dir/Core/Lib/Src/eeprom.c.obj
 .debug_frame   0x0000042c      0x4fc CMakeFiles/Gen.dir/Core/Src/core.c.obj
 .debug_frame   0x00000928      0x1e8 CMakeFiles/Gen.dir/Core/Src/main.c.obj
 .debug_frame   0x00000b10      0x178 CMakeFiles/Gen.dir/Core/Src/stm32f1xx_it.c.obj
 .debug_frame   0x00000c88      0x184 CMakeFiles/Gen.dir/Core/Src/stm32f1xx_hal_msp.c.obj
 .debug_frame   0x00000e0c      0xc84 CMakeFiles/Gen.dir/Drivers/STM32F1xx_HAL_Driver/Src/stm32f1xx_hal_i2c.c.obj
 .debug_frame   0x00001a90      0x334 CMakeFiles/Gen.dir/Drivers/STM32F1xx_HAL_Driver/Src/stm32f1xx_hal.c.obj
 .debug_frame   0x00001dc4      0x218 CMakeFiles/Gen.dir/Drivers/STM32F1xx_HAL_Driver/Src/stm32f1xx_hal_rcc.c.obj
 .debug_frame   0x00001fdc      0x14c CMakeFiles/Gen.dir/Drivers/STM32F1xx_HAL_Driver/Src/stm32f1xx_hal_gpio.c.obj
 .debug_frame   0x00002128      0x428 CMakeFiles/Gen.dir/Drivers/STM32F1xx_HAL_Driver/Src/stm32f1xx_hal_cortex.c.obj
 .debug_frame   0x00002550      0x824 CMakeFiles/Gen.dir/Drivers/STM32F1xx_HAL_Driver/Src/stm32f1xx_hal_spi.c.obj
 .debug_frame   0x00002d74     0x11b8 CMakeFiles/Gen.dir/Drivers/STM32F1xx_HAL_Driver/Src/stm32f1xx_hal_tim.c.obj
 .debug_frame   0x00003f2c      0x638 CMakeFiles/Gen.dir/Drivers/STM32F1xx_HAL_Driver/Src/stm32f1xx_hal_tim_ex.c.obj
 .debug_frame   0x00004564       0x58 CMakeFiles/Gen.dir/Core/Src/system_stm32f1xx.c.obj

.debug_info     0x00000000     0xf6db
 .debug_info    0x00000000      0x1a0 CMakeFiles/Gen.dir/Core/Lib/Src/fonts.c.obj
 .debug_info    0x000001a0     0x1068 CMakeFiles/Gen.dir/Core/Lib/Src/st7789.c.obj
 .debug_info    0x00001208      0x895 CMakeFiles/Gen.dir/Core/Lib/Src/eeprom.c.obj
 .debug_info    0x00001a9d     0x1482 CMakeFiles/Gen.dir/Core/Src/core.c.obj
 .debug_info    0x00002f1f     0x19bf CMakeFiles/Gen.dir/Core/Src/main.c.obj
 .debug_info    0x000048de      0x3cf CMakeFiles/Gen.dir/Core/Src/stm32f1xx_it.c.obj
 .debug_info    0x00004cad     0x118c CMakeFiles/Gen.dir/Core/Src/stm32f1xx_hal_msp.c.obj
 .debug_info    0x00005e39     0x2524 CMakeFiles/Gen.dir/Drivers/STM32F1xx_HAL_Driver/Src/stm32f1xx_hal_i2c.c.obj
 .debug_info    0x0000835d      0x704 CMakeFiles/Gen.dir/Drivers/STM32F1xx_HAL_Driver/Src/stm32f1xx_hal.c.obj
 .debug_info    0x00008a61      0x7d5 CMakeFiles/Gen.dir/Drivers/STM32F1xx_HAL_Driver/Src/stm32f1xx_hal_rcc.c.obj
 .debug_info    0x00009236      0x5ab CMakeFiles/Gen.dir/Drivers/STM32F1xx_HAL_Driver/Src/stm32f1xx_hal_gpio.c.obj
 .debug_info    0x000097e1      0xa87 CMakeFiles/Gen.dir/Drivers/STM32F1xx_HAL_Driver/Src/stm32f1xx_hal_cortex.c.obj
 .debug_info    0x0000a268     0x142d CMakeFiles/Gen.dir/Drivers/STM32F1xx_HAL_Driver/Src/stm32f1xx_hal_spi.c.obj
 .debug_info    0x0000b695     0x2959 CMakeFiles/Gen.dir/Drivers/STM32F1xx_HAL_Driver/Src/stm32f1xx_hal_tim.c.obj
 .debug_info    0x0000dfee     0x149b CMakeFiles/Gen.dir/Drivers/STM32F1xx_HAL_Driver/Src/stm32f1xx_hal_tim_ex.c.obj
 .debug_info    0x0000f489      0x222 CMakeFiles/Gen.dir/Core/Src/system_stm32f1xx.c.obj
 .debug_info    0x0000f6ab       0x30 CMakeFiles/Gen.dir/startup_stm32f103xb.s.obj

.debug_abbrev   0x00000000     0x2637
 .debug_abbrev  0x00000000       0xf4 CMakeFiles/Gen.dir/Core/Lib/Src/fonts.c.obj
 .debug_abbrev  0x000000f4      0x31b CMakeFiles/Gen.dir/Core/Lib/Src/st7789.c.obj
 .debug_abbrev  0x0000040f      0x19f CMakeFiles/Gen.dir/Core/Lib/Src/eeprom.c.obj
 .debug_abbrev  0x000005ae      0x400 CMakeFiles/Gen.dir/Core/Src/core.c.obj
 .debug_abbrev  0x000009ae      0x38f CMakeFiles/Gen.dir/Core/Src/main.c.obj
 .debug_abbrev  0x00000d3d      0x1b6 CMakeFiles/Gen.dir/Core/Src/stm32f1xx_it.c.obj
 .debug_abbrev  0x00000ef3      0x255 CMakeFiles/Gen.dir/Core/Src/stm32f1xx_hal_msp.c.obj
 .debug_abbrev  0x00001148      0x2a3 CMakeFiles/Gen.dir/Drivers/STM32F1xx_HAL_Driver/Src/stm32f1xx_hal_i2c.c.obj
 .debug_abbrev  0x000013eb      0x201 CMakeFiles/Gen.dir/Drivers/STM32F1xx_HAL_Driver/Src/stm32f1xx_hal.c.obj
 .debug_abbrev  0x000015ec      0x2b3 CMakeFiles/Gen.dir/Drivers/STM32F1xx_HAL_Driver/Src/stm32f1xx_hal_rcc.c.obj
 .debug_abbrev  0x0000189f      0x1ca CMakeFiles/Gen.dir/Drivers/STM32F1xx_HAL_Driver/Src/stm32f1xx_hal_gpio.c.obj
 .debug_abbrev  0x00001a69      0x2f8 CMakeFiles/Gen.dir/Drivers/STM32F1xx_HAL_Driver/Src/stm32f1xx_hal_cortex.c.obj
 .debug_abbrev  0x00001d61      0x27a CMakeFiles/Gen.dir/Drivers/STM32F1xx_HAL_Driver/Src/stm32f1xx_hal_spi.c.obj
 .debug_abbrev  0x00001fdb      0x277 CMakeFiles/Gen.dir/Drivers/STM32F1xx_HAL_Driver/Src/stm32f1xx_hal_tim.c.obj
 .debug_abbrev  0x00002252      0x282 CMakeFiles/Gen.dir/Drivers/STM32F1xx_HAL_Driver/Src/stm32f1xx_hal_tim_ex.c.obj
 .debug_abbrev  0x000024d4      0x13f CMakeFiles/Gen.dir/Core/Src/system_stm32f1xx.c.obj
 .debug_abbrev  0x00002613       0x24 CMakeFiles/Gen.dir/startup_stm32f103xb.s.obj

.debug_aranges  0x00000000     0x1088
 .debug_aranges
                0x00000000       0x28 CMakeFiles/Gen.dir/Core/Lib/Src/fonts.c.obj
 .debug_aranges
                0x00000028       0xb8 CMakeFiles/Gen.dir/Core/Lib/Src/st7789.c.obj
 .debug_aranges
                0x000000e0       0x30 CMakeFiles/Gen.dir/Core/Lib/Src/eeprom.c.obj
 .debug_aranges
                0x00000110      0x140 CMakeFiles/Gen.dir/Core/Src/core.c.obj
 .debug_aranges
                0x00000250       0x88 CMakeFiles/Gen.dir/Core/Src/main.c.obj
 .debug_aranges
                0x000002d8       0x80 CMakeFiles/Gen.dir/Core/Src/stm32f1xx_it.c.obj
 .debug_aranges
                0x00000358       0x68 CMakeFiles/Gen.dir/Core/Src/stm32f1xx_hal_msp.c.obj
 .debug_aranges
                0x000003c0      0x2a8 CMakeFiles/Gen.dir/Drivers/STM32F1xx_HAL_Driver/Src/stm32f1xx_hal_i2c.c.obj
 .debug_aranges
                0x00000668       0xe0 CMakeFiles/Gen.dir/Drivers/STM32F1xx_HAL_Driver/Src/stm32f1xx_hal.c.obj
 .debug_aranges
                0x00000748       0x90 CMakeFiles/Gen.dir/Drivers/STM32F1xx_HAL_Driver/Src/stm32f1xx_hal_rcc.c.obj
 .debug_aranges
                0x000007d8       0x58 CMakeFiles/Gen.dir/Drivers/STM32F1xx_HAL_Driver/Src/stm32f1xx_hal_gpio.c.obj
 .debug_aranges
                0x00000830      0x100 CMakeFiles/Gen.dir/Drivers/STM32F1xx_HAL_Driver/Src/stm32f1xx_hal_cortex.c.obj
 .debug_aranges
                0x00000930      0x1d0 CMakeFiles/Gen.dir/Drivers/STM32F1xx_HAL_Driver/Src/stm32f1xx_hal_spi.c.obj
 .debug_aranges
                0x00000b00      0x3d0 CMakeFiles/Gen.dir/Drivers/STM32F1xx_HAL_Driver/Src/stm32f1xx_hal_tim.c.obj
 .debug_aranges
                0x00000ed0      0x168 CMakeFiles/Gen.dir/Drivers/STM32F1xx_HAL_Driver/Src/stm32f1xx_hal_tim_ex.c.obj
 .debug_aranges
                0x00001038       0x28 CMakeFiles/Gen.dir/Core/Src/system_stm32f1xx.c.obj
 .debug_aranges
                0x00001060       0x28 CMakeFiles/Gen.dir/startup_stm32f103xb.s.obj

.debug_rnglists
                0x00000000      0xcfe
 .debug_rnglists
                0x00000000       0x1a CMakeFiles/Gen.dir/Core/Lib/Src/fonts.c.obj
 .debug_rnglists
                0x0000001a       0x8e CMakeFiles/Gen.dir/Core/Lib/Src/st7789.c.obj
 .debug_rnglists
                0x000000a8       0x21 CMakeFiles/Gen.dir/Core/Lib/Src/eeprom.c.obj
 .debug_rnglists
                0x000000c9      0x100 CMakeFiles/Gen.dir/Core/Src/core.c.obj
 .debug_rnglists
                0x000001c9       0x69 CMakeFiles/Gen.dir/Core/Src/main.c.obj
 .debug_rnglists
                0x00000232       0x5b CMakeFiles/Gen.dir/Core/Src/stm32f1xx_it.c.obj
 .debug_rnglists
                0x0000028d       0x4c CMakeFiles/Gen.dir/Core/Src/stm32f1xx_hal_msp.c.obj
 .debug_rnglists
                0x000002d9      0x23c CMakeFiles/Gen.dir/Drivers/STM32F1xx_HAL_Driver/Src/stm32f1xx_hal_i2c.c.obj
 .debug_rnglists
                0x00000515       0xa3 CMakeFiles/Gen.dir/Drivers/STM32F1xx_HAL_Driver/Src/stm32f1xx_hal.c.obj
 .debug_rnglists
                0x000005b8       0x6c CMakeFiles/Gen.dir/Drivers/STM32F1xx_HAL_Driver/Src/stm32f1xx_hal_rcc.c.obj
 .debug_rnglists
                0x00000624       0x3f CMakeFiles/Gen.dir/Drivers/STM32F1xx_HAL_Driver/Src/stm32f1xx_hal_gpio.c.obj
 .debug_rnglists
                0x00000663       0xbb CMakeFiles/Gen.dir/Drivers/STM32F1xx_HAL_Driver/Src/stm32f1xx_hal_cortex.c.obj
 .debug_rnglists
                0x0000071e      0x16e CMakeFiles/Gen.dir/Drivers/STM32F1xx_HAL_Driver/Src/stm32f1xx_hal_spi.c.obj
 .debug_rnglists
                0x0000088c      0x31a CMakeFiles/Gen.dir/Drivers/STM32F1xx_HAL_Driver/Src/stm32f1xx_hal_tim.c.obj
 .debug_rnglists
                0x00000ba6      0x125 CMakeFiles/Gen.dir/Drivers/STM32F1xx_HAL_Driver/Src/stm32f1xx_hal_tim_ex.c.obj
 .debug_rnglists
                0x00000ccb       0x1a CMakeFiles/Gen.dir/Core/Src/system_stm32f1xx.c.obj
 .debug_rnglists
                0x00000ce5       0x19 CMakeFiles/Gen.dir/startup_stm32f103xb.s.obj

.debug_macro    0x00000000    0x1804a
 .debug_macro   0x00000000       0x73 CMakeFiles/Gen.dir/Core/Lib/Src/fonts.c.obj
 .debug_macro   0x00000073      0xaa8 CMakeFiles/Gen.dir/Core/Lib/Src/fonts.c.obj
 .debug_macro   0x00000b1b       0x22 CMakeFiles/Gen.dir/Core/Lib/Src/fonts.c.obj
 .debug_macro   0x00000b3d       0x8e CMakeFiles/Gen.dir/Core/Lib/Src/fonts.c.obj
 .debug_macro   0x00000bcb       0x51 CMakeFiles/Gen.dir/Core/Lib/Src/fonts.c.obj
 .debug_macro   0x00000c1c      0x103 CMakeFiles/Gen.dir/Core/Lib/Src/fonts.c.obj
 .debug_macro   0x00000d1f       0x6a CMakeFiles/Gen.dir/Core/Lib/Src/fonts.c.obj
 .debug_macro   0x00000d89      0x1df CMakeFiles/Gen.dir/Core/Lib/Src/fonts.c.obj
 .debug_macro   0x00000f68      0x284 CMakeFiles/Gen.dir/Core/Lib/Src/st7789.c.obj
 .debug_macro   0x000011ec      0x221 CMakeFiles/Gen.dir/Core/Lib/Src/st7789.c.obj
 .debug_macro   0x0000140d       0x2e CMakeFiles/Gen.dir/Core/Lib/Src/st7789.c.obj
 .debug_macro   0x0000143b       0x22 CMakeFiles/Gen.dir/Core/Lib/Src/st7789.c.obj
 .debug_macro   0x0000145d       0x1c CMakeFiles/Gen.dir/Core/Lib/Src/st7789.c.obj
 .debug_macro   0x00001479       0x22 CMakeFiles/Gen.dir/Core/Lib/Src/st7789.c.obj
 .debug_macro   0x0000149b       0xbd CMakeFiles/Gen.dir/Core/Lib/Src/st7789.c.obj
 .debug_macro   0x00001558      0xd23 CMakeFiles/Gen.dir/Core/Lib/Src/st7789.c.obj
 .debug_macro   0x0000227b     0xe09e CMakeFiles/Gen.dir/Core/Lib/Src/st7789.c.obj
 .debug_macro   0x00010319       0x6d CMakeFiles/Gen.dir/Core/Lib/Src/st7789.c.obj
 .debug_macro   0x00010386     0x34a2 CMakeFiles/Gen.dir/Core/Lib/Src/st7789.c.obj
 .debug_macro   0x00013828      0x189 CMakeFiles/Gen.dir/Core/Lib/Src/st7789.c.obj
 .debug_macro   0x000139b1       0x5c CMakeFiles/Gen.dir/Core/Lib/Src/st7789.c.obj
 .debug_macro   0x00013a0d      0x5bc CMakeFiles/Gen.dir/Core/Lib/Src/st7789.c.obj
 .debug_macro   0x00013fc9      0x289 CMakeFiles/Gen.dir/Core/Lib/Src/st7789.c.obj
 .debug_macro   0x00014252      0x1cb CMakeFiles/Gen.dir/Core/Lib/Src/st7789.c.obj
 .debug_macro   0x0001441d      0x114 CMakeFiles/Gen.dir/Core/Lib/Src/st7789.c.obj
 .debug_macro   0x00014531      0x1b2 CMakeFiles/Gen.dir/Core/Lib/Src/st7789.c.obj
 .debug_macro   0x000146e3       0x27 CMakeFiles/Gen.dir/Core/Lib/Src/st7789.c.obj
 .debug_macro   0x0001470a      0x136 CMakeFiles/Gen.dir/Core/Lib/Src/st7789.c.obj
 .debug_macro   0x00014840      0x1bc CMakeFiles/Gen.dir/Core/Lib/Src/st7789.c.obj
 .debug_macro   0x000149fc       0x34 CMakeFiles/Gen.dir/Core/Lib/Src/st7789.c.obj
 .debug_macro   0x00014a30       0x3c CMakeFiles/Gen.dir/Core/Lib/Src/st7789.c.obj
 .debug_macro   0x00014a6c       0x57 CMakeFiles/Gen.dir/Core/Lib/Src/st7789.c.obj
 .debug_macro   0x00014ac3       0x87 CMakeFiles/Gen.dir/Core/Lib/Src/st7789.c.obj
 .debug_macro   0x00014b4a      0x240 CMakeFiles/Gen.dir/Core/Lib/Src/st7789.c.obj
 .debug_macro   0x00014d8a      0x287 CMakeFiles/Gen.dir/Core/Lib/Src/st7789.c.obj
 .debug_macro   0x00015011      0x140 CMakeFiles/Gen.dir/Core/Lib/Src/st7789.c.obj
 .debug_macro   0x00015151      0x217 CMakeFiles/Gen.dir/Core/Lib/Src/st7789.c.obj
 .debug_macro   0x00015368      0x8ed CMakeFiles/Gen.dir/Core/Lib/Src/st7789.c.obj
 .debug_macro   0x00015c55       0x83 CMakeFiles/Gen.dir/Core/Lib/Src/st7789.c.obj
 .debug_macro   0x00015cd8       0x10 CMakeFiles/Gen.dir/Core/Lib/Src/st7789.c.obj
 .debug_macro   0x00015ce8      0x190 CMakeFiles/Gen.dir/Core/Lib/Src/st7789.c.obj
 .debug_macro   0x00015e78       0x74 CMakeFiles/Gen.dir/Core/Lib/Src/st7789.c.obj
 .debug_macro   0x00015eec       0x24 CMakeFiles/Gen.dir/Core/Lib/Src/st7789.c.obj
 .debug_macro   0x00015f10       0x3c CMakeFiles/Gen.dir/Core/Lib/Src/st7789.c.obj
 .debug_macro   0x00015f4c       0x34 CMakeFiles/Gen.dir/Core/Lib/Src/st7789.c.obj
 .debug_macro   0x00015f80       0x16 CMakeFiles/Gen.dir/Core/Lib/Src/st7789.c.obj
 .debug_macro   0x00015f96       0x43 CMakeFiles/Gen.dir/Core/Lib/Src/st7789.c.obj
 .debug_macro   0x00015fd9       0x34 CMakeFiles/Gen.dir/Core/Lib/Src/st7789.c.obj
 .debug_macro   0x0001600d       0x10 CMakeFiles/Gen.dir/Core/Lib/Src/st7789.c.obj
 .debug_macro   0x0001601d       0x58 CMakeFiles/Gen.dir/Core/Lib/Src/st7789.c.obj
 .debug_macro   0x00016075      0x1de CMakeFiles/Gen.dir/Core/Lib/Src/st7789.c.obj
 .debug_macro   0x00016253      0x369 CMakeFiles/Gen.dir/Core/Lib/Src/st7789.c.obj
 .debug_macro   0x000165bc       0x10 CMakeFiles/Gen.dir/Core/Lib/Src/st7789.c.obj
 .debug_macro   0x000165cc       0x35 CMakeFiles/Gen.dir/Core/Lib/Src/st7789.c.obj
 .debug_macro   0x00016601       0x20 CMakeFiles/Gen.dir/Core/Lib/Src/st7789.c.obj
 .debug_macro   0x00016621      0x1b7 CMakeFiles/Gen.dir/Core/Lib/Src/eeprom.c.obj
 .debug_macro   0x000167d8      0x1f1 CMakeFiles/Gen.dir/Core/Src/core.c.obj
 .debug_macro   0x000169c9       0x22 CMakeFiles/Gen.dir/Core/Src/core.c.obj
 .debug_macro   0x000169eb       0x7c CMakeFiles/Gen.dir/Core/Src/core.c.obj
 .debug_macro   0x00016a67      0x200 CMakeFiles/Gen.dir/Core/Src/main.c.obj
 .debug_macro   0x00016c67       0x10 CMakeFiles/Gen.dir/Core/Src/main.c.obj
 .debug_macro   0x00016c77      0x20a CMakeFiles/Gen.dir/Core/Src/stm32f1xx_it.c.obj
 .debug_macro   0x00016e81      0x1bc CMakeFiles/Gen.dir/Core/Src/stm32f1xx_hal_msp.c.obj
 .debug_macro   0x0001703d      0x1fb CMakeFiles/Gen.dir/Drivers/STM32F1xx_HAL_Driver/Src/stm32f1xx_hal_i2c.c.obj
 .debug_macro   0x00017238      0x1d1 CMakeFiles/Gen.dir/Drivers/STM32F1xx_HAL_Driver/Src/stm32f1xx_hal.c.obj
 .debug_macro   0x00017409      0x1bf CMakeFiles/Gen.dir/Drivers/STM32F1xx_HAL_Driver/Src/stm32f1xx_hal_rcc.c.obj
 .debug_macro   0x000175c8      0x218 CMakeFiles/Gen.dir/Drivers/STM32F1xx_HAL_Driver/Src/stm32f1xx_hal_gpio.c.obj
 .debug_macro   0x000177e0      0x1ad CMakeFiles/Gen.dir/Drivers/STM32F1xx_HAL_Driver/Src/stm32f1xx_hal_cortex.c.obj
 .debug_macro   0x0001798d      0x1b5 CMakeFiles/Gen.dir/Drivers/STM32F1xx_HAL_Driver/Src/stm32f1xx_hal_spi.c.obj
 .debug_macro   0x00017b42      0x1ae CMakeFiles/Gen.dir/Drivers/STM32F1xx_HAL_Driver/Src/stm32f1xx_hal_tim.c.obj
 .debug_macro   0x00017cf0      0x1ad CMakeFiles/Gen.dir/Drivers/STM32F1xx_HAL_Driver/Src/stm32f1xx_hal_tim_ex.c.obj
 .debug_macro   0x00017e9d      0x1ad CMakeFiles/Gen.dir/Core/Src/system_stm32f1xx.c.obj

.debug_line     0x00000000    0x11924
 .debug_line    0x00000000      0x2b7 CMakeFiles/Gen.dir/Core/Lib/Src/fonts.c.obj
 .debug_line    0x000002b7      0xcdb CMakeFiles/Gen.dir/Core/Lib/Src/st7789.c.obj
 .debug_line    0x00000f92      0x72b CMakeFiles/Gen.dir/Core/Lib/Src/eeprom.c.obj
 .debug_line    0x000016bd     0x12ae CMakeFiles/Gen.dir/Core/Src/core.c.obj
 .debug_line    0x0000296b      0xb4a CMakeFiles/Gen.dir/Core/Src/main.c.obj
 .debug_line    0x000034b5      0x825 CMakeFiles/Gen.dir/Core/Src/stm32f1xx_it.c.obj
 .debug_line    0x00003cda      0x7d1 CMakeFiles/Gen.dir/Core/Src/stm32f1xx_hal_msp.c.obj
 .debug_line    0x000044ab     0x3b70 CMakeFiles/Gen.dir/Drivers/STM32F1xx_HAL_Driver/Src/stm32f1xx_hal_i2c.c.obj
 .debug_line    0x0000801b      0x8d3 CMakeFiles/Gen.dir/Drivers/STM32F1xx_HAL_Driver/Src/stm32f1xx_hal.c.obj
 .debug_line    0x000088ee      0xcdc CMakeFiles/Gen.dir/Drivers/STM32F1xx_HAL_Driver/Src/stm32f1xx_hal_rcc.c.obj
 .debug_line    0x000095ca      0x96c CMakeFiles/Gen.dir/Drivers/STM32F1xx_HAL_Driver/Src/stm32f1xx_hal_gpio.c.obj
 .debug_line    0x00009f36      0xabf CMakeFiles/Gen.dir/Drivers/STM32F1xx_HAL_Driver/Src/stm32f1xx_hal_cortex.c.obj
 .debug_line    0x0000a9f5     0x1bf7 CMakeFiles/Gen.dir/Drivers/STM32F1xx_HAL_Driver/Src/stm32f1xx_hal_spi.c.obj
 .debug_line    0x0000c5ec     0x33f8 CMakeFiles/Gen.dir/Drivers/STM32F1xx_HAL_Driver/Src/stm32f1xx_hal_tim.c.obj
 .debug_line    0x0000f9e4     0x1822 CMakeFiles/Gen.dir/Drivers/STM32F1xx_HAL_Driver/Src/stm32f1xx_hal_tim_ex.c.obj
 .debug_line    0x00011206      0x6a6 CMakeFiles/Gen.dir/Core/Src/system_stm32f1xx.c.obj
 .debug_line    0x000118ac       0x78 CMakeFiles/Gen.dir/startup_stm32f103xb.s.obj

.debug_str      0x00000000    0x8c2b7
 .debug_str     0x00000000     0x3bcf CMakeFiles/Gen.dir/Core/Lib/Src/fonts.c.obj
                               0x3d46 (size before relaxing)
 .debug_str     0x00003bcf    0x84066 CMakeFiles/Gen.dir/Core/Lib/Src/st7789.c.obj
                              0x87fd6 (size before relaxing)
 .debug_str     0x00087c35      0x388 CMakeFiles/Gen.dir/Core/Lib/Src/eeprom.c.obj
                              0x84d2e (size before relaxing)
 .debug_str     0x00087fbd      0xc4b CMakeFiles/Gen.dir/Core/Src/core.c.obj
                              0x86020 (size before relaxing)
 .debug_str     0x00088c08      0x690 CMakeFiles/Gen.dir/Core/Src/main.c.obj
                              0x8657a (size before relaxing)
 .debug_str     0x00089298      0x168 CMakeFiles/Gen.dir/Core/Src/stm32f1xx_it.c.obj
                              0x85264 (size before relaxing)
 .debug_str     0x00089400      0x127 CMakeFiles/Gen.dir/Core/Src/stm32f1xx_hal_msp.c.obj
                              0x8554a (size before relaxing)
 .debug_str     0x00089527      0xbe2 CMakeFiles/Gen.dir/Drivers/STM32F1xx_HAL_Driver/Src/stm32f1xx_hal_i2c.c.obj
                              0x858ba (size before relaxing)
 .debug_str     0x0008a109      0x38e CMakeFiles/Gen.dir/Drivers/STM32F1xx_HAL_Driver/Src/stm32f1xx_hal.c.obj
                              0x84f26 (size before relaxing)
 .debug_str     0x0008a497      0x245 CMakeFiles/Gen.dir/Drivers/STM32F1xx_HAL_Driver/Src/stm32f1xx_hal_rcc.c.obj
                              0x84c22 (size before relaxing)
 .debug_str     0x0008a6dc      0x29a CMakeFiles/Gen.dir/Drivers/STM32F1xx_HAL_Driver/Src/stm32f1xx_hal_gpio.c.obj
                              0x84b79 (size before relaxing)
 .debug_str     0x0008a976      0x252 CMakeFiles/Gen.dir/Drivers/STM32F1xx_HAL_Driver/Src/stm32f1xx_hal_cortex.c.obj
                              0x84e72 (size before relaxing)
 .debug_str     0x0008abc8      0x53e CMakeFiles/Gen.dir/Drivers/STM32F1xx_HAL_Driver/Src/stm32f1xx_hal_spi.c.obj
                              0x85119 (size before relaxing)
 .debug_str     0x0008b106      0xce9 CMakeFiles/Gen.dir/Drivers/STM32F1xx_HAL_Driver/Src/stm32f1xx_hal_tim.c.obj
                              0x85c24 (size before relaxing)
 .debug_str     0x0008bdef      0x401 CMakeFiles/Gen.dir/Drivers/STM32F1xx_HAL_Driver/Src/stm32f1xx_hal_tim_ex.c.obj
                              0x85430 (size before relaxing)
 .debug_str     0x0008c1f0       0x72 CMakeFiles/Gen.dir/Core/Src/system_stm32f1xx.c.obj
                              0x847f3 (size before relaxing)
 .debug_str     0x0008c262       0x55 CMakeFiles/Gen.dir/startup_stm32f103xb.s.obj
                                 0x84 (size before relaxing)

.debug_line_str
                0x00000000       0x68
 .debug_line_str
                0x00000000       0x68 CMakeFiles/Gen.dir/startup_stm32f103xb.s.obj
